Logging in...
Login successful

Test 1: Manual Upload (No YouTube URL)
PASS: Manual video created

Test 2: YouTube URL Upload (Auto-fill)
PASS: YouTube video created
youtube_id: dQw4w9WgXcQ
thumbnail: https://img.youtube.com/vi/dQw4w9WgXcQ/maxresdefault.jpg
video_url: https://www.youtube.com/embed/dQw4w9WgXcQ
VERIFIED: Local parsing worked

Test 3: Invalid YouTube URL
FAIL: 500 <!DOCTYPE html>
<html lang="en">
<head>
  <meta http-equiv="content-type" content="text/html; charset=utf-8">
  <meta name="robots" content="NONE,NOARCHIVE">
  <title>IntegrityError
          at /api/admin/videos/</title>
  <style>
    html * { padding:0; margin:0; }
    body * { padding:10px 20px; }
    body * * { padding:0; }
    body { font-family: sans-serif; background-color:#fff; color:#000; }
    body > :where(header, main, footer) { border-bottom:1px solid #ddd; }
    h1 { font-weight:normal; }
    h2 { margin-bottom:.8em; }
    h3 { margin:1em 0 .5em 0; }
    h4 { margin:0 0 .5em 0; font-weight: normal; }
    code, pre { font-size: 100%; white-space: pre-wrap; word-break: break-word; }
    summary { cursor: pointer; }
    table { border:1px solid #ccc; border-collapse: collapse; width:100%; background:white; }
    tbody td, tbody th { vertical-align:top; padding:2px 3px; }
    thead th {
      padding:1px 6px 1px 3px; background:#fefefe; text-align:left;
      font-weight:normal; font-size: 0.6875rem; border:1px solid #ddd;
    }
    tbody th { width:12em; text-align:right; color:#666; padding-right:.5em; }
    table.vars { margin:5px 10px 2px 40px; width: auto; }
    table.vars td, table.req td { font-family:monospace; }
    table td.code { width:100%; }
    table td.code pre { overflow:hidden; }
    table.source th { color:#666; }
    table.source td { font-family:monospace; white-space:pre; border-bottom:1px solid #eee; }
    ul.traceback { list-style-type:none; color: #222; }
    ul.traceback li.cause { word-break: break-word; }
    ul.traceback li.frame { padding-bottom:1em; color:#4f4f4f; }
    ul.traceback li.user { background-color:#e0e0e0; color:#000 }
    div.context { padding:10px 0; overflow:hidden; }
    div.context ol { padding-left:30px; margin:0 10px; list-style-position: inside; }
    div.context ol li { font-family:monospace; white-space:pre; color:#777; cursor:pointer; padding-left: 2px; }
    div.context ol li pre { display:inline; }
    div.context ol.context-line li { color:#464646; background-color:#dfdfdf; padding: 3px 2px; }
    div.context ol.context-line li span { position:absolute; right:32px; }
    .user div.context ol.context-line li { background-color:#bbb; color:#000; }
    .user div.context ol li { color:#666; }
    div.commands, summary.commands { margin-left: 40px; }
    div.commands a, summary.commands { color:#555; text-decoration:none; }
    .user div.commands a { color: black; }
    #summary { background: #ffc; }
    #summary h2 { font-weight: normal; color: #666; }
    #info { padding: 0; }
    #info > * { padding:10px 20px; }
    #explanation { background:#eee; }
    #template, #template-not-exist { background:#f6f6f6; }
    #template-not-exist ul { margin: 0 0 10px 20px; }
    #template-not-exist .postmortem-section { margin-bottom: 3px; }
    #unicode-hint { background:#eee; }
    #traceback { background:#eee; }
    #requestinfo { background:#f6f6f6; padding-left:120px; }
    #summary table { border:none; background:transparent; }
    #requestinfo h2, #requestinfo h3 { position:relative; margin-left:-100px; }
    #requestinfo h3 { margin-bottom:-1em; }
    .error { background: #ffc; }
    .specific { color:#cc3300; font-weight:bold; }
    h2 span.commands { font-size: 0.7rem; font-weight:normal; }
    span.commands a:link {color:#5E5694;}
    pre.exception_value { font-family: sans-serif; color: #575757; font-size: 1.5rem; margin: 10px 0 10px 0; }
    .append-bottom { margin-bottom: 10px; }
    .fname { user-select: all; }
  </style>
  
  <script>
    function hideAll(elems) {
      for (var e = 0; e < elems.length; e++) {
        elems[e].style.display = 'none';
      }
    }
    window.onload = function() {
      hideAll(document.querySelectorAll('ol.pre-context'));
      hideAll(document.querySelectorAll('ol.post-context'));
      hideAll(document.querySelectorAll('div.pastebin'));
    }
    function toggle() {
      for (var i = 0; i < arguments.length; i++) {
        var e = document.getElementById(arguments[i]);
        if (e) {
          e.style.display = e.style.display == 'none' ? 'block': 'none';
        }
      }
      return false;
    }
    function switchPastebinFriendly(link) {
      s1 = "Switch to copy-and-paste view";
      s2 = "Switch back to interactive view";
      link.textContent = link.textContent.trim() == s1 ? s2: s1;
      toggle('browserTraceback', 'pastebinTraceback');
      return false;
    }
  </script>
  
</head>
<body>
<header id="summary">
  <h1>IntegrityError
       at /api/admin/videos/</h1>
  <pre class="exception_value">UNIQUE constraint failed: videos_video.youtube_id</pre>
  <table class="meta">

    <tr>
      <th scope="row">Request Method:</th>
      <td>POST</td>
    </tr>
    <tr>
      <th scope="row">Request URL:</th>
      <td>http://127.0.0.1:8000/api/admin/videos/</td>
    </tr>

    <tr>
      <th scope="row">Django Version:</th>
      <td>5.1</td>
    </tr>

    <tr>
      <th scope="row">Exception Type:</th>
      <td>IntegrityError</td>
    </tr>


    <tr>
      <th scope="row">Exception Value:</th>
      <td><pre>UNIQUE constraint failed: videos_video.youtube_id</pre></td>
    </tr>


    <tr>
      <th scope="row">Exception Location:</th>
      <td><span class="fname">C:\Users\omraj\AppData\Local\Programs\Python\Python312\Lib\site-packages\django\db\backends\sqlite3\base.py</span>, line 354, in execute</td>
    </tr>


    <tr>
      <th scope="row">Raised during:</th>
      <td>videos.views.AdminVideoViewSet</td>
    </tr>

    <tr>
      <th scope="row">Python Executable:</th>
      <td>C:\Users\omraj\AppData\Local\Programs\Python\Python312\python.exe</td>
    </tr>
    <tr>
      <th scope="row">Python Version:</th>
      <td>3.12.3</td>
    </tr>
    <tr>
      <th scope="row">Python Path:</th>
      <td><pre><code>[&#x27;C:\\Users\\omraj\\OneDrive\\Desktop\\ConceptsIn5\\backend&#x27;,
 &#x27;C:\\Users\\omraj\\AppData\\Local\\Programs\\Python\\Python312\\python312.zip&#x27;,
 &#x27;C:\\Users\\omraj\\AppData\\Local\\Programs\\Python\\Python312\\DLLs&#x27;,
 &#x27;C:\\Users\\omraj\\AppData\\Local\\Programs\\Python\\Python312\\Lib&#x27;,
 &#x27;C:\\Users\\omraj\\AppData\\Local\\Programs\\Python\\Python312&#x27;,
 &#x27;C:\\Users\\omraj\\AppData\\Local\\Programs\\Python\\Python312\\Lib\\site-packages&#x27;,
 &#x27;C:\\Users\\omraj\\AppData\\Local\\Programs\\Python\\Python312\\Lib\\site-packages\\win32&#x27;,
 &#x27;C:\\Users\\omraj\\AppData\\Local\\Programs\\Python\\Python312\\Lib\\site-packages\\win32\\lib&#x27;,
 &#x27;C:\\Users\\omraj\\AppData\\Local\\Programs\\Python\\Python312\\Lib\\site-packages\\Pythonwin&#x27;]</code></pre></td>
    </tr>
    <tr>
      <th scope="row">Server time:</th>
      <td>Sat, 21 Mar 2026 13:58:34 +0000</td>
    </tr>
  </table>
</header>

<main id="info">




<div id="traceback">
  <h2>Traceback <span class="commands"><a href="#" onclick="return switchPastebinFriendly(this);">
    Switch to copy-and-paste view</a></span>
  </h2>
  <div id="browserTraceback">
    <ul class="traceback">
      
        
        <li class="frame django">
          
            <code class="fname">C:\Users\omraj\AppData\Local\Programs\Python\Python312\Lib\site-packages\django\db\backends\utils.py</code>, line 105, in _execute
          

          
            <div class="context" id="c2691956881216">
              
                <ol start="98" class="pre-context" id="pre2691956881216">
                
                  <li onclick="toggle('pre2691956881216', 'post2691956881216')"><pre>            warnings.warn(self.APPS_NOT_READY_WARNING_MSG, category=RuntimeWarning)</pre></li>
                
                  <li onclick="toggle('pre2691956881216', 'post2691956881216')"><pre>        self.db.validate_no_broken_transaction()</pre></li>
                
                  <li onclick="toggle('pre2691956881216', 'post2691956881216')"><pre>        with self.db.wrap_database_errors:</pre></li>
                
                  <li onclick="toggle('pre2691956881216', 'post2691956881216')"><pre>            if params is None:</pre></li>
                
                  <li onclick="toggle('pre2691956881216', 'post2691956881216')"><pre>                # params default might be backend specific.</pre></li>
                
                  <li onclick="toggle('pre2691956881216', 'post2691956881216')"><pre>                return self.cursor.execute(sql)</pre></li>
                
                  <li onclick="toggle('pre2691956881216', 'post2691956881216')"><pre>            else:</pre></li>
                
                </ol>
              
              <ol start="105" class="context-line">
                <li onclick="toggle('pre2691956881216', 'post2691956881216')"><pre>                return self.cursor.execute(sql, params)
                            ^^^^^^^^^^^^^^^^^^^^^^^^^^^^^^^^</pre> <span>à</span></li>
              </ol>
              
                <ol start='106' class="post-context" id="post2691956881216">
                  
                  <li onclick="toggle('pre2691956881216', 'post2691956881216')"><pre></pre></li>
                  
                  <li onclick="toggle('pre2691956881216', 'post2691956881216')"><pre>    def _executemany(self, sql, param_list, *ignored_wrapper_args):</pre></li>
                  
                  <li onclick="toggle('pre2691956881216', 'post2691956881216')"><pre>        # Raise a warning during app initialization (stored_app_configs is only</pre></li>
                  
                  <li onclick="toggle('pre2691956881216', 'post2691956881216')"><pre>        # ever set during testing).</pre></li>
                  
                  <li onclick="toggle('pre2691956881216', 'post2691956881216')"><pre>        if not apps.ready and not apps.stored_app_configs:</pre></li>
                  
                  <li onclick="toggle('pre2691956881216', 'post2691956881216')"><pre>            warnings.warn(self.APPS_NOT_READY_WARNING_MSG, category=RuntimeWarning)</pre></li>
                  
              </ol>
              
            </div>
          

          
            
              <details>
                <summary class="commands">Local vars</summary>
            
            <table class="vars" id="v2691956881216">
              <thead>
                <tr>
                  <th scope="col">Variable</th>
                  <th scope="col">Value</th>
                </tr>
              </thead>
              <tbody>
                
                  <tr>
                    <td>ignored_wrapper_args</td>
                    <td class="code"><pre>(False,
 {&#x27;connection&#x27;: &lt;DatabaseWrapper vendor=&#x27;sqlite&#x27; alias=&#x27;default&#x27;&gt;,
  &#x27;cursor&#x27;: &lt;django.db.backends.utils.CursorDebugWrapper object at 0x00000272C51E9460&gt;})</pre></td>
                  </tr>
                
                  <tr>
                    <td>params</td>
                    <td class="code"><pre>(&#x27;Invalid URL Test&#x27;,
 &#x27;&#x27;,
 &#x27;not-youtube&#x27;,
 &#x27;https://www.youtube.com/embed/not-youtube&#x27;,
 &#x27;https://not-youtube.com/watch?v=123&#x27;,
 1,
 &#x27;Theory&#x27;,
 &#x27;&#x27;,
 &#x27;&#x27;,
 &#x27;https://img.youtube.com/vi/not-youtube/maxresdefault.jpg&#x27;,
 &#x27;youtube&#x27;,
 True,
 False,
 False,
 &#x27;2026-03-21 13:58:34.437999&#x27;,
 &#x27;2026-03-21 13:58:34.437999&#x27;,
 False,
 None)</pre></td>
                  </tr>
                
                  <tr>
                    <td>self</td>
                    <td class="code"><pre>&lt;django.db.backends.utils.CursorDebugWrapper object at 0x00000272C51E9460&gt;</pre></td>
                  </tr>
                
                  <tr>
                    <td>sql</td>
                    <td class="code"><pre>(&#x27;INSERT INTO &quot;videos_video&quot; (&quot;title&quot;, &quot;description&quot;, &quot;youtube_id&quot;, &#x27;
 &#x27;&quot;video_url&quot;, &quot;youtube_url&quot;, &quot;subject_id&quot;, &quot;type&quot;, &quot;important_topics&quot;, &#x27;
 &#x27;&quot;duration&quot;, &quot;thumbnail&quot;, &quot;source&quot;, &quot;is_published&quot;, &quot;is_important&quot;, &#x27;
 &#x27;&quot;is_verified&quot;, &quot;created_at&quot;, &quot;updated_at&quot;, &quot;fetch_from_youtube&quot;, &#x27;
 &#x27;&quot;youtube_url_input&quot;) VALUES (%s, %s, %s, %s, %s, %s, %s, %s, %s, %s, %s, %s, &#x27;
 &#x27;%s, %s, %s, %s, %s, %s) RETURNING &quot;videos_video&quot;.&quot;id&quot;&#x27;)</pre></td>
                  </tr>
                
              </tbody>
            </table>
            </details>
          
        </li>
      
        
        <li class="frame django">
          
            <code class="fname">C:\Users\omraj\AppData\Local\Programs\Python\Python312\Lib\site-packages\django\db\backends\sqlite3\base.py</code>, line 354, in execute
          

          
            <div class="context" id="c2691956880448">
              
                <ol start="347" class="pre-context" id="pre2691956880448">
                
                  <li onclick="toggle('pre2691956880448', 'post2691956880448')"><pre></pre></li>
                
                  <li onclick="toggle('pre2691956880448', 'post2691956880448')"><pre>    def execute(self, query, params=None):</pre></li>
                
                  <li onclick="toggle('pre2691956880448', 'post2691956880448')"><pre>        if params is None:</pre></li>
                
                  <li onclick="toggle('pre2691956880448', 'post2691956880448')"><pre>            return super().execute(query)</pre></li>
                
                  <li onclick="toggle('pre2691956880448', 'post2691956880448')"><pre>        # Extract names if params is a mapping, i.e. &quot;pyformat&quot; style is used.</pre></li>
                
                  <li onclick="toggle('pre2691956880448', 'post2691956880448')"><pre>        param_names = list(params) if isinstance(params, Mapping) else None</pre></li>
                
                  <li onclick="toggle('pre2691956880448', 'post2691956880448')"><pre>        query = self.convert_query(query, param_names=param_names)</pre></li>
                
                </ol>
              
              <ol start="354" class="context-line">
                <li onclick="toggle('pre2691956880448', 'post2691956880448')"><pre>        return super().execute(query, params)
                    ^^^^^^^^^^^^^^^^^^^^^^^^^^^^^^</pre> <span>à</span></li>
              </ol>
              
                <ol start='355' class="post-context" id="post2691956880448">
                  
                  <li onclick="toggle('pre2691956880448', 'post2691956880448')"><pre></pre></li>
                  
                  <li onclick="toggle('pre2691956880448', 'post2691956880448')"><pre>    def executemany(self, query, param_list):</pre></li>
                  
                  <li onclick="toggle('pre2691956880448', 'post2691956880448')"><pre>        # Extract names if params is a mapping, i.e. &quot;pyformat&quot; style is used.</pre></li>
                  
                  <li onclick="toggle('pre2691956880448', 'post2691956880448')"><pre>        # Peek carefully as a generator can be passed instead of a list/tuple.</pre></li>
                  
                  <li onclick="toggle('pre2691956880448', 'post2691956880448')"><pre>        peekable, param_list = tee(iter(param_list))</pre></li>
                  
                  <li onclick="toggle('pre2691956880448', 'post2691956880448')"><pre>        if (params := next(peekable, None)) and isinstance(params, Mapping):</pre></li>
                  
              </ol>
              
            </div>
          

          
            
              <details>
                <summary class="commands">Local vars</summary>
            
            <table class="vars" id="v2691956880448">
              <thead>
                <tr>
                  <th scope="col">Variable</th>
                  <th scope="col">Value</th>
                </tr>
              </thead>
              <tbody>
                
                  <tr>
                    <td>__class__</td>
                    <td class="code"><pre>&lt;class &#x27;django.db.backends.sqlite3.base.SQLiteCursorWrapper&#x27;&gt;</pre></td>
                  </tr>
                
                  <tr>
                    <td>param_names</td>
                    <td class="code"><pre>None</pre></td>
                  </tr>
                
                  <tr>
                    <td>params</td>
                    <td class="code"><pre>(&#x27;Invalid URL Test&#x27;,
 &#x27;&#x27;,
 &#x27;not-youtube&#x27;,
 &#x27;https://www.youtube.com/embed/not-youtube&#x27;,
 &#x27;https://not-youtube.com/watch?v=123&#x27;,
 1,
 &#x27;Theory&#x27;,
 &#x27;&#x27;,
 &#x27;&#x27;,
 &#x27;https://img.youtube.com/vi/not-youtube/maxresdefault.jpg&#x27;,
 &#x27;youtube&#x27;,
 True,
 False,
 False,
 &#x27;2026-03-21 13:58:34.437999&#x27;,
 &#x27;2026-03-21 13:58:34.437999&#x27;,
 False,
 None)</pre></td>
                  </tr>
                
                  <tr>
                    <td>query</td>
                    <td class="code"><pre>(&#x27;INSERT INTO &quot;videos_video&quot; (&quot;title&quot;, &quot;description&quot;, &quot;youtube_id&quot;, &#x27;
 &#x27;&quot;video_url&quot;, &quot;youtube_url&quot;, &quot;subject_id&quot;, &quot;type&quot;, &quot;important_topics&quot;, &#x27;
 &#x27;&quot;duration&quot;, &quot;thumbnail&quot;, &quot;source&quot;, &quot;is_published&quot;, &quot;is_important&quot;, &#x27;
 &#x27;&quot;is_verified&quot;, &quot;created_at&quot;, &quot;updated_at&quot;, &quot;fetch_from_youtube&quot;, &#x27;
 &#x27;&quot;youtube_url_input&quot;) VALUES (?, ?, ?, ?, ?, ?, ?, ?, ?, ?, ?, ?, ?, ?, ?, ?, &#x27;
 &#x27;?, ?) RETURNING &quot;videos_video&quot;.&quot;id&quot;&#x27;)</pre></td>
                  </tr>
                
                  <tr>
                    <td>self</td>
                    <td class="code"><pre>&lt;django.db.backends.sqlite3.base.SQLiteCursorWrapper object at 0x00000272C517A0F0&gt;</pre></td>
                  </tr>
                
              </tbody>
            </table>
            </details>
          
        </li>
      
        
          <li class="cause"><h3>
          
            The above exception (UNIQUE constraint failed: videos_video.youtube_id) was the direct cause of the following exception:
          
        </h3></li>
        
        <li class="frame django">
          
            <code class="fname">C:\Users\omraj\AppData\Local\Programs\Python\Python312\Lib\site-packages\django\core\handlers\exception.py</code>, line 55, in inner
          

          
            <div class="context" id="c2691956877760">
              
                <ol start="48" class="pre-context" id="pre2691956877760">
                
                  <li onclick="toggle('pre2691956877760', 'post2691956877760')"><pre></pre></li>
                
                  <li onclick="toggle('pre2691956877760', 'post2691956877760')"><pre>        return inner</pre></li>
                
                  <li onclick="toggle('pre2691956877760', 'post2691956877760')"><pre>    else:</pre></li>
                
                  <li onclick="toggle('pre2691956877760', 'post2691956877760')"><pre></pre></li>
                
                  <li onclick="toggle('pre2691956877760', 'post2691956877760')"><pre>        @wraps(get_response)</pre></li>
                
                  <li onclick="toggle('pre2691956877760', 'post2691956877760')"><pre>        def inner(request):</pre></li>
                
                  <li onclick="toggle('pre2691956877760', 'post2691956877760')"><pre>            try:</pre></li>
                
                </ol>
              
              <ol start="55" class="context-line">
                <li onclick="toggle('pre2691956877760', 'post2691956877760')"><pre>                response = get_response(request)
                               ^^^^^^^^^^^^^^^^^^^^^</pre> <span>à</span></li>
              </ol>
              
                <ol start='56' class="post-context" id="post2691956877760">
                  
                  <li onclick="toggle('pre2691956877760', 'post2691956877760')"><pre>            except Exception as exc:</pre></li>
                  
                  <li onclick="toggle('pre2691956877760', 'post2691956877760')"><pre>                response = response_for_exception(request, exc)</pre></li>
                  
                  <li onclick="toggle('pre2691956877760', 'post2691956877760')"><pre>            return response</pre></li>
                  
                  <li onclick="toggle('pre2691956877760', 'post2691956877760')"><pre></pre></li>
                  
                  <li onclick="toggle('pre2691956877760', 'post2691956877760')"><pre>        return inner</pre></li>
                  
                  <li onclick="toggle('pre2691956877760', 'post2691956877760')"><pre></pre></li>
                  
              </ol>
              
            </div>
          

          
            
              <details>
                <summary class="commands">Local vars</summary>
            
            <table class="vars" id="v2691956877760">
              <thead>
                <tr>
                  <th scope="col">Variable</th>
                  <th scope="col">Value</th>
                </tr>
              </thead>
              <tbody>
                
                  <tr>
                    <td>exc</td>
                    <td class="code"><pre>IntegrityError(&#x27;UNIQUE constraint failed: videos_video.youtube_id&#x27;)</pre></td>
                  </tr>
                
                  <tr>
                    <td>get_response</td>
                    <td class="code"><pre>&lt;bound method BaseHandler._get_response of &lt;django.core.handlers.wsgi.WSGIHandler object at 0x00000272C233A960&gt;&gt;</pre></td>
                  </tr>
                
                  <tr>
                    <td>request</td>
                    <td class="code"><pre>&lt;WSGIRequest: POST &#x27;/api/admin/videos/&#x27;&gt;</pre></td>
                  </tr>
                
              </tbody>
            </table>
            </details>
          
        </li>
      
        
        <li class="frame django">
          
            <code class="fname">C:\Users\omraj\AppData\Local\Programs\Python\Python312\Lib\site-packages\django\core\handlers\base.py</code>, line 197, in _get_response
          

          
            <div class="context" id="c2691956878976">
              
                <ol start="190" class="pre-context" id="pre2691956878976">
                
                  <li onclick="toggle('pre2691956878976', 'post2691956878976')"><pre></pre></li>
                
                  <li onclick="toggle('pre2691956878976', 'post2691956878976')"><pre>        if response is None:</pre></li>
                
                  <li onclick="toggle('pre2691956878976', 'post2691956878976')"><pre>            wrapped_callback = self.make_view_atomic(callback)</pre></li>
                
                  <li onclick="toggle('pre2691956878976', 'post2691956878976')"><pre>            # If it is an asynchronous view, run it in a subthread.</pre></li>
                
                  <li onclick="toggle('pre2691956878976', 'post2691956878976')"><pre>            if iscoroutinefunction(wrapped_callback):</pre></li>
                
                  <li onclick="toggle('pre2691956878976', 'post2691956878976')"><pre>                wrapped_callback = async_to_sync(wrapped_callback)</pre></li>
                
                  <li onclick="toggle('pre2691956878976', 'post2691956878976')"><pre>            try:</pre></li>
                
                </ol>
              
              <ol start="197" class="context-line">
                <li onclick="toggle('pre2691956878976', 'post2691956878976')"><pre>                response = wrapped_callback(request, *callback_args, **callback_kwargs)
                                ^^^^^^^^^^^^^^^^^^^^^^^^^^^^^^^^^^^^^^^^^^^^^^^^^^^^^^^^^^^^</pre> <span>à</span></li>
              </ol>
              
                <ol start='198' class="post-context" id="post2691956878976">
                  
                  <li onclick="toggle('pre2691956878976', 'post2691956878976')"><pre>            except Exception as e:</pre></li>
                  
                  <li onclick="toggle('pre2691956878976', 'post2691956878976')"><pre>                response = self.process_exception_by_middleware(e, request)</pre></li>
                  
                  <li onclick="toggle('pre2691956878976', 'post2691956878976')"><pre>                if response is None:</pre></li>
                  
                  <li onclick="toggle('pre2691956878976', 'post2691956878976')"><pre>                    raise</pre></li>
                  
                  <li onclick="toggle('pre2691956878976', 'post2691956878976')"><pre></pre></li>
                  
                  <li onclick="toggle('pre2691956878976', 'post2691956878976')"><pre>        # Complain if the view returned None (a common error).</pre></li>
                  
              </ol>
              
            </div>
          

          
            
              <details>
                <summary class="commands">Local vars</summary>
            
            <table class="vars" id="v2691956878976">
              <thead>
                <tr>
                  <th scope="col">Variable</th>
                  <th scope="col">Value</th>
                </tr>
              </thead>
              <tbody>
                
                  <tr>
                    <td>callback</td>
                    <td class="code"><pre>&lt;function AdminVideoViewSet at 0x00000272C4CBA340&gt;</pre></td>
                  </tr>
                
                  <tr>
                    <td>callback_args</td>
                    <td class="code"><pre>()</pre></td>
                  </tr>
                
                  <tr>
                    <td>callback_kwargs</td>
                    <td class="code"><pre>{}</pre></td>
                  </tr>
                
                  <tr>
                    <td>middleware_method</td>
                    <td class="code"><pre>&lt;bound method CsrfViewMiddleware.process_view of &lt;CsrfViewMiddleware get_response=convert_exception_to_response.&lt;locals&gt;.inner&gt;&gt;</pre></td>
                  </tr>
                
                  <tr>
                    <td>request</td>
                    <td class="code"><pre>&lt;WSGIRequest: POST &#x27;/api/admin/videos/&#x27;&gt;</pre></td>
                  </tr>
                
                  <tr>
                    <td>response</td>
                    <td class="code"><pre>None</pre></td>
                  </tr>
                
                  <tr>
                    <td>self</td>
                    <td class="code"><pre>&lt;django.core.handlers.wsgi.WSGIHandler object at 0x00000272C233A960&gt;</pre></td>
                  </tr>
                
                  <tr>
                    <td>wrapped_callback</td>
                    <td class="code"><pre>&lt;function AdminVideoViewSet at 0x00000272C4CBA340&gt;</pre></td>
                  </tr>
                
              </tbody>
            </table>
            </details>
          
        </li>
      
        
        <li class="frame django">
          
            <code class="fname">C:\Users\omraj\AppData\Local\Programs\Python\Python312\Lib\site-packages\django\views\decorators\csrf.py</code>, line 65, in _view_wrapper
          

          
            <div class="context" id="c2691956877312">
              
                <ol start="58" class="pre-context" id="pre2691956877312">
                
                  <li onclick="toggle('pre2691956877312', 'post2691956877312')"><pre></pre></li>
                
                  <li onclick="toggle('pre2691956877312', 'post2691956877312')"><pre>        async def _view_wrapper(request, *args, **kwargs):</pre></li>
                
                  <li onclick="toggle('pre2691956877312', 'post2691956877312')"><pre>            return await view_func(request, *args, **kwargs)</pre></li>
                
                  <li onclick="toggle('pre2691956877312', 'post2691956877312')"><pre></pre></li>
                
                  <li onclick="toggle('pre2691956877312', 'post2691956877312')"><pre>    else:</pre></li>
                
                  <li onclick="toggle('pre2691956877312', 'post2691956877312')"><pre></pre></li>
                
                  <li onclick="toggle('pre2691956877312', 'post2691956877312')"><pre>        def _view_wrapper(request, *args, **kwargs):</pre></li>
                
                </ol>
              
              <ol start="65" class="context-line">
                <li onclick="toggle('pre2691956877312', 'post2691956877312')"><pre>            return view_func(request, *args, **kwargs)
                       ^^^^^^^^^^^^^^^^^^^^^^^^^^^^^^^^^^^</pre> <span>à</span></li>
              </ol>
              
                <ol start='66' class="post-context" id="post2691956877312">
                  
                  <li onclick="toggle('pre2691956877312', 'post2691956877312')"><pre></pre></li>
                  
                  <li onclick="toggle('pre2691956877312', 'post2691956877312')"><pre>    _view_wrapper.csrf_exempt = True</pre></li>
                  
                  <li onclick="toggle('pre2691956877312', 'post2691956877312')"><pre></pre></li>
                  
                  <li onclick="toggle('pre2691956877312', 'post2691956877312')"><pre>    return wraps(view_func)(_view_wrapper)</pre></li>
                  
              </ol>
              
            </div>
          

          
            
              <details>
                <summary class="commands">Local vars</summary>
            
            <table class="vars" id="v2691956877312">
              <thead>
                <tr>
                  <th scope="col">Variable</th>
                  <th scope="col">Value</th>
                </tr>
              </thead>
              <tbody>
                
                  <tr>
                    <td>args</td>
                    <td class="code"><pre>()</pre></td>
                  </tr>
                
                  <tr>
                    <td>kwargs</td>
                    <td class="code"><pre>{}</pre></td>
                  </tr>
                
                  <tr>
                    <td>request</td>
                    <td class="code"><pre>&lt;WSGIRequest: POST &#x27;/api/admin/videos/&#x27;&gt;</pre></td>
                  </tr>
                
                  <tr>
                    <td>view_func</td>
                    <td class="code"><pre>&lt;function AdminVideoViewSet at 0x00000272C4CBA2A0&gt;</pre></td>
                  </tr>
                
              </tbody>
            </table>
            </details>
          
        </li>
      
        
        <li class="frame user">
          
            <code class="fname">C:\Users\omraj\AppData\Local\Programs\Python\Python312\Lib\site-packages\rest_framework\viewsets.py</code>, line 125, in view
          

          
            <div class="context" id="c2691957144000">
              
                <ol start="118" class="pre-context" id="pre2691957144000">
                
                  <li onclick="toggle('pre2691957144000', 'post2691957144000')"><pre>                setattr(self, method, handler)</pre></li>
                
                  <li onclick="toggle('pre2691957144000', 'post2691957144000')"><pre></pre></li>
                
                  <li onclick="toggle('pre2691957144000', 'post2691957144000')"><pre>            self.request = request</pre></li>
                
                  <li onclick="toggle('pre2691957144000', 'post2691957144000')"><pre>            self.args = args</pre></li>
                
                  <li onclick="toggle('pre2691957144000', 'post2691957144000')"><pre>            self.kwargs = kwargs</pre></li>
                
                  <li onclick="toggle('pre2691957144000', 'post2691957144000')"><pre></pre></li>
                
                  <li onclick="toggle('pre2691957144000', 'post2691957144000')"><pre>            # And continue as usual</pre></li>
                
                </ol>
              
              <ol start="125" class="context-line">
                <li onclick="toggle('pre2691957144000', 'post2691957144000')"><pre>            return self.dispatch(request, *args, **kwargs)
                        ^^^^^^^^^^^^^^^^^^^^^^^^^^^^^^^^^^^^^^^</pre> <span>à</span></li>
              </ol>
              
                <ol start='126' class="post-context" id="post2691957144000">
                  
                  <li onclick="toggle('pre2691957144000', 'post2691957144000')"><pre></pre></li>
                  
                  <li onclick="toggle('pre2691957144000', 'post2691957144000')"><pre>        # take name and docstring from class</pre></li>
                  
                  <li onclick="toggle('pre2691957144000', 'post2691957144000')"><pre>        update_wrapper(view, cls, updated=())</pre></li>
                  
                  <li onclick="toggle('pre2691957144000', 'post2691957144000')"><pre></pre></li>
                  
                  <li onclick="toggle('pre2691957144000', 'post2691957144000')"><pre>        # and possible attributes set by decorators</pre></li>
                  
                  <li onclick="toggle('pre2691957144000', 'post2691957144000')"><pre>        # like csrf_exempt from dispatch</pre></li>
                  
              </ol>
              
            </div>
          

          
            
              <details>
                <summary class="commands">Local vars</summary>
            
            <table class="vars" id="v2691957144000">
              <thead>
                <tr>
                  <th scope="col">Variable</th>
                  <th scope="col">Value</th>
                </tr>
              </thead>
              <tbody>
                
                  <tr>
                    <td>action</td>
                    <td class="code"><pre>&#x27;list&#x27;</pre></td>
                  </tr>
                
                  <tr>
                    <td>actions</td>
                    <td class="code"><pre>{&#x27;get&#x27;: &#x27;list&#x27;, &#x27;head&#x27;: &#x27;list&#x27;, &#x27;post&#x27;: &#x27;create&#x27;}</pre></td>
                  </tr>
                
                  <tr>
                    <td>args</td>
                    <td class="code"><pre>()</pre></td>
                  </tr>
                
                  <tr>
                    <td>cls</td>
                    <td class="code"><pre>&lt;class &#x27;videos.views.AdminVideoViewSet&#x27;&gt;</pre></td>
                  </tr>
                
                  <tr>
                    <td>handler</td>
                    <td class="code"><pre>&lt;bound method ListModelMixin.list of &lt;videos.views.AdminVideoViewSet object at 0x00000272C5200A40&gt;&gt;</pre></td>
                  </tr>
                
                  <tr>
                    <td>initkwargs</td>
                    <td class="code"><pre>{&#x27;basename&#x27;: &#x27;admin-video&#x27;, &#x27;detail&#x27;: False, &#x27;suffix&#x27;: &#x27;List&#x27;}</pre></td>
                  </tr>
                
                  <tr>
                    <td>kwargs</td>
                    <td class="code"><pre>{}</pre></td>
                  </tr>
                
                  <tr>
                    <td>method</td>
                    <td class="code"><pre>&#x27;head&#x27;</pre></td>
                  </tr>
                
                  <tr>
                    <td>request</td>
                    <td class="code"><pre>&lt;WSGIRequest: POST &#x27;/api/admin/videos/&#x27;&gt;</pre></td>
                  </tr>
                
                  <tr>
                    <td>self</td>
                    <td class="code"><pre>&lt;videos.views.AdminVideoViewSet object at 0x00000272C5200A40&gt;</pre></td>
                  </tr>
                
              </tbody>
            </table>
            </details>
          
        </li>
      
        
        <li class="frame user">
          
            <code class="fname">C:\Users\omraj\AppData\Local\Programs\Python\Python312\Lib\site-packages\rest_framework\views.py</code>, line 515, in dispatch
          

          
            <div class="context" id="c2691956876096">
              
                <ol start="508" class="pre-context" id="pre2691956876096">
                
                  <li onclick="toggle('pre2691956876096', 'post2691956876096')"><pre>                                  self.http_method_not_allowed)</pre></li>
                
                  <li onclick="toggle('pre2691956876096', 'post2691956876096')"><pre>            else:</pre></li>
                
                  <li onclick="toggle('pre2691956876096', 'post2691956876096')"><pre>                handler = self.http_method_not_allowed</pre></li>
                
                  <li onclick="toggle('pre2691956876096', 'post2691956876096')"><pre></pre></li>
                
                  <li onclick="toggle('pre2691956876096', 'post2691956876096')"><pre>            response = handler(request, *args, **kwargs)</pre></li>
                
                  <li onclick="toggle('pre2691956876096', 'post2691956876096')"><pre></pre></li>
                
                  <li onclick="toggle('pre2691956876096', 'post2691956876096')"><pre>        except Exception as exc:</pre></li>
                
                </ol>
              
              <ol start="515" class="context-line">
                <li onclick="toggle('pre2691956876096', 'post2691956876096')"><pre>            response = self.handle_exception(exc)
                            ^^^^^^^^^^^^^^^^^^^^^^^^^^</pre> <span>à</span></li>
              </ol>
              
                <ol start='516' class="post-context" id="post2691956876096">
                  
                  <li onclick="toggle('pre2691956876096', 'post2691956876096')"><pre></pre></li>
                  
                  <li onclick="toggle('pre2691956876096', 'post2691956876096')"><pre>        self.response = self.finalize_response(request, response, *args, **kwargs)</pre></li>
                  
                  <li onclick="toggle('pre2691956876096', 'post2691956876096')"><pre>        return self.response</pre></li>
                  
                  <li onclick="toggle('pre2691956876096', 'post2691956876096')"><pre></pre></li>
                  
                  <li onclick="toggle('pre2691956876096', 'post2691956876096')"><pre>    def options(self, request, *args, **kwargs):</pre></li>
                  
                  <li onclick="toggle('pre2691956876096', 'post2691956876096')"><pre>        &quot;&quot;&quot;</pre></li>
                  
              </ol>
              
            </div>
          

          
            
              <details>
                <summary class="commands">Local vars</summary>
            
            <table class="vars" id="v2691956876096">
              <thead>
                <tr>
                  <th scope="col">Variable</th>
                  <th scope="col">Value</th>
                </tr>
              </thead>
              <tbody>
                
                  <tr>
                    <td>args</td>
                    <td class="code"><pre>()</pre></td>
                  </tr>
                
                  <tr>
                    <td>handler</td>
                    <td class="code"><pre>&lt;bound method CreateModelMixin.create of &lt;videos.views.AdminVideoViewSet object at 0x00000272C5200A40&gt;&gt;</pre></td>
                  </tr>
                
                  <tr>
                    <td>kwargs</td>
                    <td class="code"><pre>{}</pre></td>
                  </tr>
                
                  <tr>
                    <td>request</td>
                    <td class="code"><pre>&lt;rest_framework.request.Request: POST &#x27;/api/admin/videos/&#x27;&gt;</pre></td>
                  </tr>
                
                  <tr>
                    <td>self</td>
                    <td class="code"><pre>&lt;videos.views.AdminVideoViewSet object at 0x00000272C5200A40&gt;</pre></td>
                  </tr>
                
              </tbody>
            </table>
            </details>
          
        </li>
      
        
        <li class="frame user">
          
            <code class="fname">C:\Users\omraj\AppData\Local\Programs\Python\Python312\Lib\site-packages\rest_framework\views.py</code>, line 475, in handle_exception
          

          
            <div class="context" id="c2691956869568">
              
                <ol start="468" class="pre-context" id="pre2691956869568">
                
                  <li onclick="toggle('pre2691956869568', 'post2691956869568')"><pre></pre></li>
                
                  <li onclick="toggle('pre2691956869568', 'post2691956869568')"><pre>        exception_handler = self.get_exception_handler()</pre></li>
                
                  <li onclick="toggle('pre2691956869568', 'post2691956869568')"><pre></pre></li>
                
                  <li onclick="toggle('pre2691956869568', 'post2691956869568')"><pre>        context = self.get_exception_handler_context()</pre></li>
                
                  <li onclick="toggle('pre2691956869568', 'post2691956869568')"><pre>        response = exception_handler(exc, context)</pre></li>
                
                  <li onclick="toggle('pre2691956869568', 'post2691956869568')"><pre></pre></li>
                
                  <li onclick="toggle('pre2691956869568', 'post2691956869568')"><pre>        if response is None:</pre></li>
                
                </ol>
              
              <ol start="475" class="context-line">
                <li onclick="toggle('pre2691956869568', 'post2691956869568')"><pre>            self.raise_uncaught_exception(exc)
                 ^^^^^^^^^^^^^^^^^^^^^^^^^^^^^^^^^^</pre> <span>à</span></li>
              </ol>
              
                <ol start='476' class="post-context" id="post2691956869568">
                  
                  <li onclick="toggle('pre2691956869568', 'post2691956869568')"><pre></pre></li>
                  
                  <li onclick="toggle('pre2691956869568', 'post2691956869568')"><pre>        response.exception = True</pre></li>
                  
                  <li onclick="toggle('pre2691956869568', 'post2691956869568')"><pre>        return response</pre></li>
                  
                  <li onclick="toggle('pre2691956869568', 'post2691956869568')"><pre></pre></li>
                  
                  <li onclick="toggle('pre2691956869568', 'post2691956869568')"><pre>    def raise_uncaught_exception(self, exc):</pre></li>
                  
                  <li onclick="toggle('pre2691956869568', 'post2691956869568')"><pre>        if settings.DEBUG:</pre></li>
                  
              </ol>
              
            </div>
          

          
            
              <details>
                <summary class="commands">Local vars</summary>
            
            <table class="vars" id="v2691956869568">
              <thead>
                <tr>
                  <th scope="col">Variable</th>
                  <th scope="col">Value</th>
                </tr>
              </thead>
              <tbody>
                
                  <tr>
                    <td>context</td>
                    <td class="code"><pre>{&#x27;args&#x27;: (),
 &#x27;kwargs&#x27;: {},
 &#x27;request&#x27;: &lt;rest_framework.request.Request: POST &#x27;/api/admin/videos/&#x27;&gt;,
 &#x27;view&#x27;: &lt;videos.views.AdminVideoViewSet object at 0x00000272C5200A40&gt;}</pre></td>
                  </tr>
                
                  <tr>
                    <td>exc</td>
                    <td class="code"><pre>IntegrityError(&#x27;UNIQUE constraint failed: videos_video.youtube_id&#x27;)</pre></td>
                  </tr>
                
                  <tr>
                    <td>exception_handler</td>
                    <td class="code"><pre>&lt;function exception_handler at 0x00000272C4C1CAE0&gt;</pre></td>
                  </tr>
                
                  <tr>
                    <td>response</td>
                    <td class="code"><pre>None</pre></td>
                  </tr>
                
                  <tr>
                    <td>self</td>
                    <td class="code"><pre>&lt;videos.views.AdminVideoViewSet object at 0x00000272C5200A40&gt;</pre></td>
                  </tr>
                
              </tbody>
            </table>
            </details>
          
        </li>
      
        
        <li class="frame user">
          
            <code class="fname">C:\Users\omraj\AppData\Local\Programs\Python\Python312\Lib\site-packages\rest_framework\views.py</code>, line 486, in raise_uncaught_exception
          

          
            <div class="context" id="c2691956875968">
              
                <ol start="479" class="pre-context" id="pre2691956875968">
                
                  <li onclick="toggle('pre2691956875968', 'post2691956875968')"><pre></pre></li>
                
                  <li onclick="toggle('pre2691956875968', 'post2691956875968')"><pre>    def raise_uncaught_exception(self, exc):</pre></li>
                
                  <li onclick="toggle('pre2691956875968', 'post2691956875968')"><pre>        if settings.DEBUG:</pre></li>
                
                  <li onclick="toggle('pre2691956875968', 'post2691956875968')"><pre>            request = self.request</pre></li>
                
                  <li onclick="toggle('pre2691956875968', 'post2691956875968')"><pre>            renderer_format = getattr(request.accepted_renderer, &#x27;format&#x27;)</pre></li>
                
                  <li onclick="toggle('pre2691956875968', 'post2691956875968')"><pre>            use_plaintext_traceback = renderer_format not in (&#x27;html&#x27;, &#x27;api&#x27;, &#x27;admin&#x27;)</pre></li>
                
                  <li onclick="toggle('pre2691956875968', 'post2691956875968')"><pre>            request.force_plaintext_errors(use_plaintext_traceback)</pre></li>
                
                </ol>
              
              <ol start="486" class="context-line">
                <li onclick="toggle('pre2691956875968', 'post2691956875968')"><pre>        raise exc
             ^^^^^^^^^</pre> <span>à</span></li>
              </ol>
              
                <ol start='487' class="post-context" id="post2691956875968">
                  
                  <li onclick="toggle('pre2691956875968', 'post2691956875968')"><pre></pre></li>
                  
                  <li onclick="toggle('pre2691956875968', 'post2691956875968')"><pre>    # Note: Views are made CSRF exempt from within `as_view` as to prevent</pre></li>
                  
                  <li onclick="toggle('pre2691956875968', 'post2691956875968')"><pre>    # accidental removal of this exemption in cases where `dispatch` needs to</pre></li>
                  
                  <li onclick="toggle('pre2691956875968', 'post2691956875968')"><pre>    # be overridden.</pre></li>
                  
                  <li onclick="toggle('pre2691956875968', 'post2691956875968')"><pre>    def dispatch(self, request, *args, **kwargs):</pre></li>
                  
                  <li onclick="toggle('pre2691956875968', 'post2691956875968')"><pre>        &quot;&quot;&quot;</pre></li>
                  
              </ol>
              
            </div>
          

          
            
              <details>
                <summary class="commands">Local vars</summary>
            
            <table class="vars" id="v2691956875968">
              <thead>
                <tr>
                  <th scope="col">Variable</th>
                  <th scope="col">Value</th>
                </tr>
              </thead>
              <tbody>
                
                  <tr>
                    <td>exc</td>
                    <td class="code"><pre>IntegrityError(&#x27;UNIQUE constraint failed: videos_video.youtube_id&#x27;)</pre></td>
                  </tr>
                
                  <tr>
                    <td>renderer_format</td>
                    <td class="code"><pre>&#x27;json&#x27;</pre></td>
                  </tr>
                
                  <tr>
                    <td>request</td>
                    <td class="code"><pre>&lt;rest_framework.request.Request: POST &#x27;/api/admin/videos/&#x27;&gt;</pre></td>
                  </tr>
                
                  <tr>
                    <td>self</td>
                    <td class="code"><pre>&lt;videos.views.AdminVideoViewSet object at 0x00000272C5200A40&gt;</pre></td>
                  </tr>
                
                  <tr>
                    <td>use_plaintext_traceback</td>
                    <td class="code"><pre>True</pre></td>
                  </tr>
                
              </tbody>
            </table>
            </details>
          
        </li>
      
        
        <li class="frame user">
          
            <code class="fname">C:\Users\omraj\AppData\Local\Programs\Python\Python312\Lib\site-packages\rest_framework\views.py</code>, line 512, in dispatch
          

          
            <div class="context" id="c2691956872640">
              
                <ol start="505" class="pre-context" id="pre2691956872640">
                
                  <li onclick="toggle('pre2691956872640', 'post2691956872640')"><pre>            # Get the appropriate handler method</pre></li>
                
                  <li onclick="toggle('pre2691956872640', 'post2691956872640')"><pre>            if request.method.lower() in self.http_method_names:</pre></li>
                
                  <li onclick="toggle('pre2691956872640', 'post2691956872640')"><pre>                handler = getattr(self, request.method.lower(),</pre></li>
                
                  <li onclick="toggle('pre2691956872640', 'post2691956872640')"><pre>                                  self.http_method_not_allowed)</pre></li>
                
                  <li onclick="toggle('pre2691956872640', 'post2691956872640')"><pre>            else:</pre></li>
                
                  <li onclick="toggle('pre2691956872640', 'post2691956872640')"><pre>                handler = self.http_method_not_allowed</pre></li>
                
                  <li onclick="toggle('pre2691956872640', 'post2691956872640')"><pre></pre></li>
                
                </ol>
              
              <ol start="512" class="context-line">
                <li onclick="toggle('pre2691956872640', 'post2691956872640')"><pre>            response = handler(request, *args, **kwargs)
                            ^^^^^^^^^^^^^^^^^^^^^^^^^^^^^^^^^</pre> <span>à</span></li>
              </ol>
              
                <ol start='513' class="post-context" id="post2691956872640">
                  
                  <li onclick="toggle('pre2691956872640', 'post2691956872640')"><pre></pre></li>
                  
                  <li onclick="toggle('pre2691956872640', 'post2691956872640')"><pre>        except Exception as exc:</pre></li>
                  
                  <li onclick="toggle('pre2691956872640', 'post2691956872640')"><pre>            response = self.handle_exception(exc)</pre></li>
                  
                  <li onclick="toggle('pre2691956872640', 'post2691956872640')"><pre></pre></li>
                  
                  <li onclick="toggle('pre2691956872640', 'post2691956872640')"><pre>        self.response = self.finalize_response(request, response, *args, **kwargs)</pre></li>
                  
                  <li onclick="toggle('pre2691956872640', 'post2691956872640')"><pre>        return self.response</pre></li>
                  
              </ol>
              
            </div>
          

          
            
              <details>
                <summary class="commands">Local vars</summary>
            
            <table class="vars" id="v2691956872640">
              <thead>
                <tr>
                  <th scope="col">Variable</th>
                  <th scope="col">Value</th>
                </tr>
              </thead>
              <tbody>
                
                  <tr>
                    <td>args</td>
                    <td class="code"><pre>()</pre></td>
                  </tr>
                
                  <tr>
                    <td>handler</td>
                    <td class="code"><pre>&lt;bound method CreateModelMixin.create of &lt;videos.views.AdminVideoViewSet object at 0x00000272C5200A40&gt;&gt;</pre></td>
                  </tr>
                
                  <tr>
                    <td>kwargs</td>
                    <td class="code"><pre>{}</pre></td>
                  </tr>
                
                  <tr>
                    <td>request</td>
                    <td class="code"><pre>&lt;rest_framework.request.Request: POST &#x27;/api/admin/videos/&#x27;&gt;</pre></td>
                  </tr>
                
                  <tr>
                    <td>self</td>
                    <td class="code"><pre>&lt;videos.views.AdminVideoViewSet object at 0x00000272C5200A40&gt;</pre></td>
                  </tr>
                
              </tbody>
            </table>
            </details>
          
        </li>
      
        
        <li class="frame user">
          
            <code class="fname">C:\Users\omraj\AppData\Local\Programs\Python\Python312\Lib\site-packages\rest_framework\mixins.py</code>, line 19, in create
          

          
            <div class="context" id="c2691956875840">
              
                <ol start="12" class="pre-context" id="pre2691956875840">
                
                  <li onclick="toggle('pre2691956875840', 'post2691956875840')"><pre>class CreateModelMixin:</pre></li>
                
                  <li onclick="toggle('pre2691956875840', 'post2691956875840')"><pre>    &quot;&quot;&quot;</pre></li>
                
                  <li onclick="toggle('pre2691956875840', 'post2691956875840')"><pre>    Create a model instance.</pre></li>
                
                  <li onclick="toggle('pre2691956875840', 'post2691956875840')"><pre>    &quot;&quot;&quot;</pre></li>
                
                  <li onclick="toggle('pre2691956875840', 'post2691956875840')"><pre>    def create(self, request, *args, **kwargs):</pre></li>
                
                  <li onclick="toggle('pre2691956875840', 'post2691956875840')"><pre>        serializer = self.get_serializer(data=request.data)</pre></li>
                
                  <li onclick="toggle('pre2691956875840', 'post2691956875840')"><pre>        serializer.is_valid(raise_exception=True)</pre></li>
                
                </ol>
              
              <ol start="19" class="context-line">
                <li onclick="toggle('pre2691956875840', 'post2691956875840')"><pre>        self.perform_create(serializer)
            ^^^^^^^^^^^^^^^^^^^^^^^^^^^^^^^</pre> <span>à</span></li>
              </ol>
              
                <ol start='20' class="post-context" id="post2691956875840">
                  
                  <li onclick="toggle('pre2691956875840', 'post2691956875840')"><pre>        headers = self.get_success_headers(serializer.data)</pre></li>
                  
                  <li onclick="toggle('pre2691956875840', 'post2691956875840')"><pre>        return Response(serializer.data, status=status.HTTP_201_CREATED, headers=headers)</pre></li>
                  
                  <li onclick="toggle('pre2691956875840', 'post2691956875840')"><pre></pre></li>
                  
                  <li onclick="toggle('pre2691956875840', 'post2691956875840')"><pre>    def perform_create(self, serializer):</pre></li>
                  
                  <li onclick="toggle('pre2691956875840', 'post2691956875840')"><pre>        serializer.save()</pre></li>
                  
                  <li onclick="toggle('pre2691956875840', 'post2691956875840')"><pre></pre></li>
                  
              </ol>
              
            </div>
          

          
            
              <details>
                <summary class="commands">Local vars</summary>
            
            <table class="vars" id="v2691956875840">
              <thead>
                <tr>
                  <th scope="col">Variable</th>
                  <th scope="col">Value</th>
                </tr>
              </thead>
              <tbody>
                
                  <tr>
                    <td>args</td>
                    <td class="code"><pre>()</pre></td>
                  </tr>
                
                  <tr>
                    <td>kwargs</td>
                    <td class="code"><pre>{}</pre></td>
                  </tr>
                
                  <tr>
                    <td>request</td>
                    <td class="code"><pre>&lt;rest_framework.request.Request: POST &#x27;/api/admin/videos/&#x27;&gt;</pre></td>
                  </tr>
                
                  <tr>
                    <td>self</td>
                    <td class="code"><pre>&lt;videos.views.AdminVideoViewSet object at 0x00000272C5200A40&gt;</pre></td>
                  </tr>
                
                  <tr>
                    <td>serializer</td>
                    <td class="code"><pre>VideoSerializer(context={&#x27;request&#x27;: &lt;rest_framework.request.Request: POST &#x27;/api/admin/videos/&#x27;&gt;, &#x27;format&#x27;: None, &#x27;view&#x27;: &lt;videos.views.AdminVideoViewSet object&gt;}, data={&#x27;title&#x27;: &#x27;Invalid URL Test&#x27;, &#x27;subject&#x27;: 1, &#x27;youtube_url&#x27;: &#x27;https://not-youtube.com/watch?v=123&#x27;}):
    id = IntegerField(label=&#x27;ID&#x27;, read_only=True)
    title = CharField(max_length=255)
    description = CharField(allow_blank=True, required=False, style={&#x27;base_template&#x27;: &#x27;textarea.html&#x27;})
    youtube_id = CharField(allow_blank=True, allow_null=True, max_length=50, required=False, validators=[&lt;UniqueValidator(queryset=Video.objects.all())&gt;])
    youtube_url = URLField(allow_blank=True, allow_null=True, max_length=500, required=False)
    video_url = URLField(allow_blank=True, allow_null=True, max_length=500, required=False)
    subject = PrimaryKeyRelatedField(allow_null=True, queryset=Subject.objects.all(), required=False)
    type = ChoiceField(choices=[(&#x27;Theory&#x27;, &#x27;Theory&#x27;), (&#x27;Numerical&#x27;, &#x27;Numerical&#x27;)], required=False)
    important_topics = CharField(allow_blank=True, help_text=&#x27;Comma separated topics&#x27;, required=False, style={&#x27;base_template&#x27;: &#x27;textarea.html&#x27;})
    duration = CharField(allow_blank=True, max_length=20, required=False)
    thumbnail = URLField(allow_blank=True, max_length=500, required=False)
    source = ChoiceField(choices=[(&#x27;youtube&#x27;, &#x27;YouTube&#x27;), (&#x27;instagram&#x27;, &#x27;Instagram&#x27;), (&#x27;linkedin&#x27;, &#x27;LinkedIn&#x27;)], required=False)
    is_published = BooleanField(required=False)
    is_important = BooleanField(required=False)
    is_verified = BooleanField(required=False)
    created_at = DateTimeField(read_only=True)
    updated_at = DateTimeField(read_only=True)
    notes = NoteSerializer(many=True, read_only=True):
        id = IntegerField(label=&#x27;ID&#x27;, read_only=True)
        title = CharField(max_length=255)
        content = CharField(help_text=&#x27;Rich text / markdown supported&#x27;, style={&#x27;base_template&#x27;: &#x27;textarea.html&#x27;})
        pdf_file = FileField(allow_null=True, max_length=100, required=False)
        tags = CharField(allow_blank=True, help_text=&#x27;Comma-separated or JSON&#x27;, max_length=255, required=False)
        created_at = DateTimeField(read_only=True)
        video = PrimaryKeyRelatedField(queryset=Video.objects.all())
        subject = PrimaryKeyRelatedField(queryset=Subject.objects.all())</pre></td>
                  </tr>
                
              </tbody>
            </table>
            </details>
          
        </li>
      
        
        <li class="frame user">
          
            <code class="fname">C:\Users\omraj\OneDrive\Desktop\ConceptsIn5\backend\videos\views.py</code>, line 65, in perform_create
          

          
            <div class="context" id="c2691956392896">
              
                <ol start="58" class="pre-context" id="pre2691956392896">
                
                  <li onclick="toggle('pre2691956392896', 'post2691956392896')"><pre></pre></li>
                
                  <li onclick="toggle('pre2691956392896', 'post2691956392896')"><pre>    def perform_create(self, serializer):</pre></li>
                
                  <li onclick="toggle('pre2691956392896', 'post2691956392896')"><pre>        youtube_url = self.request.data.get(&#x27;youtube_url&#x27;)</pre></li>
                
                  <li onclick="toggle('pre2691956392896', 'post2691956392896')"><pre>        if youtube_url:</pre></li>
                
                  <li onclick="toggle('pre2691956392896', 'post2691956392896')"><pre>            video_id = extract_video_id(youtube_url)</pre></li>
                
                  <li onclick="toggle('pre2691956392896', 'post2691956392896')"><pre>            if not video_id:</pre></li>
                
                  <li onclick="toggle('pre2691956392896', 'post2691956392896')"><pre>                raise ValidationError({&quot;youtube_url&quot;: &quot;Invalid YouTube URL&quot;})</pre></li>
                
                </ol>
              
              <ol start="65" class="context-line">
                <li onclick="toggle('pre2691956392896', 'post2691956392896')"><pre>            serializer.save(
                ^</pre> <span>à</span></li>
              </ol>
              
                <ol start='66' class="post-context" id="post2691956392896">
                  
                  <li onclick="toggle('pre2691956392896', 'post2691956392896')"><pre>                youtube_id=video_id,</pre></li>
                  
                  <li onclick="toggle('pre2691956392896', 'post2691956392896')"><pre>                thumbnail=get_thumbnail(video_id),</pre></li>
                  
                  <li onclick="toggle('pre2691956392896', 'post2691956392896')"><pre>                video_url=get_embed_url(video_id)</pre></li>
                  
                  <li onclick="toggle('pre2691956392896', 'post2691956392896')"><pre>            )</pre></li>
                  
                  <li onclick="toggle('pre2691956392896', 'post2691956392896')"><pre>        else:</pre></li>
                  
                  <li onclick="toggle('pre2691956392896', 'post2691956392896')"><pre>            serializer.save()</pre></li>
                  
              </ol>
              
            </div>
          

          
            
              <details>
                <summary class="commands">Local vars</summary>
            
            <table class="vars" id="v2691956392896">
              <thead>
                <tr>
                  <th scope="col">Variable</th>
                  <th scope="col">Value</th>
                </tr>
              </thead>
              <tbody>
                
                  <tr>
                    <td>self</td>
                    <td class="code"><pre>&lt;videos.views.AdminVideoViewSet object at 0x00000272C5200A40&gt;</pre></td>
                  </tr>
                
                  <tr>
                    <td>serializer</td>
                    <td class="code"><pre>VideoSerializer(context={&#x27;request&#x27;: &lt;rest_framework.request.Request: POST &#x27;/api/admin/videos/&#x27;&gt;, &#x27;format&#x27;: None, &#x27;view&#x27;: &lt;videos.views.AdminVideoViewSet object&gt;}, data={&#x27;title&#x27;: &#x27;Invalid URL Test&#x27;, &#x27;subject&#x27;: 1, &#x27;youtube_url&#x27;: &#x27;https://not-youtube.com/watch?v=123&#x27;}):
    id = IntegerField(label=&#x27;ID&#x27;, read_only=True)
    title = CharField(max_length=255)
    description = CharField(allow_blank=True, required=False, style={&#x27;base_template&#x27;: &#x27;textarea.html&#x27;})
    youtube_id = CharField(allow_blank=True, allow_null=True, max_length=50, required=False, validators=[&lt;UniqueValidator(queryset=Video.objects.all())&gt;])
    youtube_url = URLField(allow_blank=True, allow_null=True, max_length=500, required=False)
    video_url = URLField(allow_blank=True, allow_null=True, max_length=500, required=False)
    subject = PrimaryKeyRelatedField(allow_null=True, queryset=Subject.objects.all(), required=False)
    type = ChoiceField(choices=[(&#x27;Theory&#x27;, &#x27;Theory&#x27;), (&#x27;Numerical&#x27;, &#x27;Numerical&#x27;)], required=False)
    important_topics = CharField(allow_blank=True, help_text=&#x27;Comma separated topics&#x27;, required=False, style={&#x27;base_template&#x27;: &#x27;textarea.html&#x27;})
    duration = CharField(allow_blank=True, max_length=20, required=False)
    thumbnail = URLField(allow_blank=True, max_length=500, required=False)
    source = ChoiceField(choices=[(&#x27;youtube&#x27;, &#x27;YouTube&#x27;), (&#x27;instagram&#x27;, &#x27;Instagram&#x27;), (&#x27;linkedin&#x27;, &#x27;LinkedIn&#x27;)], required=False)
    is_published = BooleanField(required=False)
    is_important = BooleanField(required=False)
    is_verified = BooleanField(required=False)
    created_at = DateTimeField(read_only=True)
    updated_at = DateTimeField(read_only=True)
    notes = NoteSerializer(many=True, read_only=True):
        id = IntegerField(label=&#x27;ID&#x27;, read_only=True)
        title = CharField(max_length=255)
        content = CharField(help_text=&#x27;Rich text / markdown supported&#x27;, style={&#x27;base_template&#x27;: &#x27;textarea.html&#x27;})
        pdf_file = FileField(allow_null=True, max_length=100, required=False)
        tags = CharField(allow_blank=True, help_text=&#x27;Comma-separated or JSON&#x27;, max_length=255, required=False)
        created_at = DateTimeField(read_only=True)
        video = PrimaryKeyRelatedField(queryset=Video.objects.all())
        subject = PrimaryKeyRelatedField(queryset=Subject.objects.all())</pre></td>
                  </tr>
                
                  <tr>
                    <td>video_id</td>
                    <td class="code"><pre>&#x27;not-youtube&#x27;</pre></td>
                  </tr>
                
                  <tr>
                    <td>youtube_url</td>
                    <td class="code"><pre>&#x27;https://not-youtube.com/watch?v=123&#x27;</pre></td>
                  </tr>
                
              </tbody>
            </table>
            </details>
          
        </li>
      
        
        <li class="frame user">
          
            <code class="fname">C:\Users\omraj\AppData\Local\Programs\Python\Python312\Lib\site-packages\rest_framework\serializers.py</code>, line 210, in save
          

          
            <div class="context" id="c2691956404736">
              
                <ol start="203" class="pre-context" id="pre2691956404736">
                
                  <li onclick="toggle('pre2691956404736', 'post2691956404736')"><pre></pre></li>
                
                  <li onclick="toggle('pre2691956404736', 'post2691956404736')"><pre>        if self.instance is not None:</pre></li>
                
                  <li onclick="toggle('pre2691956404736', 'post2691956404736')"><pre>            self.instance = self.update(self.instance, validated_data)</pre></li>
                
                  <li onclick="toggle('pre2691956404736', 'post2691956404736')"><pre>            assert self.instance is not None, (</pre></li>
                
                  <li onclick="toggle('pre2691956404736', 'post2691956404736')"><pre>                &#x27;`update()` did not return an object instance.&#x27;</pre></li>
                
                  <li onclick="toggle('pre2691956404736', 'post2691956404736')"><pre>            )</pre></li>
                
                  <li onclick="toggle('pre2691956404736', 'post2691956404736')"><pre>        else:</pre></li>
                
                </ol>
              
              <ol start="210" class="context-line">
                <li onclick="toggle('pre2691956404736', 'post2691956404736')"><pre>            self.instance = self.create(validated_data)
                                 ^^^^^^^^^^^^^^^^^^^^^^^^^^^</pre> <span>à</span></li>
              </ol>
              
                <ol start='211' class="post-context" id="post2691956404736">
                  
                  <li onclick="toggle('pre2691956404736', 'post2691956404736')"><pre>            assert self.instance is not None, (</pre></li>
                  
                  <li onclick="toggle('pre2691956404736', 'post2691956404736')"><pre>                &#x27;`create()` did not return an object instance.&#x27;</pre></li>
                  
                  <li onclick="toggle('pre2691956404736', 'post2691956404736')"><pre>            )</pre></li>
                  
                  <li onclick="toggle('pre2691956404736', 'post2691956404736')"><pre></pre></li>
                  
                  <li onclick="toggle('pre2691956404736', 'post2691956404736')"><pre>        return self.instance</pre></li>
                  
                  <li onclick="toggle('pre2691956404736', 'post2691956404736')"><pre></pre></li>
                  
              </ol>
              
            </div>
          

          
            
              <details>
                <summary class="commands">Local vars</summary>
            
            <table class="vars" id="v2691956404736">
              <thead>
                <tr>
                  <th scope="col">Variable</th>
                  <th scope="col">Value</th>
                </tr>
              </thead>
              <tbody>
                
                  <tr>
                    <td>kwargs</td>
                    <td class="code"><pre>{&#x27;thumbnail&#x27;: &#x27;https://img.youtube.com/vi/not-youtube/maxresdefault.jpg&#x27;,
 &#x27;video_url&#x27;: &#x27;https://www.youtube.com/embed/not-youtube&#x27;,
 &#x27;youtube_id&#x27;: &#x27;not-youtube&#x27;}</pre></td>
                  </tr>
                
                  <tr>
                    <td>self</td>
                    <td class="code"><pre>VideoSerializer(context={&#x27;request&#x27;: &lt;rest_framework.request.Request: POST &#x27;/api/admin/videos/&#x27;&gt;, &#x27;format&#x27;: None, &#x27;view&#x27;: &lt;videos.views.AdminVideoViewSet object&gt;}, data={&#x27;title&#x27;: &#x27;Invalid URL Test&#x27;, &#x27;subject&#x27;: 1, &#x27;youtube_url&#x27;: &#x27;https://not-youtube.com/watch?v=123&#x27;}):
    id = IntegerField(label=&#x27;ID&#x27;, read_only=True)
    title = CharField(max_length=255)
    description = CharField(allow_blank=True, required=False, style={&#x27;base_template&#x27;: &#x27;textarea.html&#x27;})
    youtube_id = CharField(allow_blank=True, allow_null=True, max_length=50, required=False, validators=[&lt;UniqueValidator(queryset=Video.objects.all())&gt;])
    youtube_url = URLField(allow_blank=True, allow_null=True, max_length=500, required=False)
    video_url = URLField(allow_blank=True, allow_null=True, max_length=500, required=False)
    subject = PrimaryKeyRelatedField(allow_null=True, queryset=Subject.objects.all(), required=False)
    type = ChoiceField(choices=[(&#x27;Theory&#x27;, &#x27;Theory&#x27;), (&#x27;Numerical&#x27;, &#x27;Numerical&#x27;)], required=False)
    important_topics = CharField(allow_blank=True, help_text=&#x27;Comma separated topics&#x27;, required=False, style={&#x27;base_template&#x27;: &#x27;textarea.html&#x27;})
    duration = CharField(allow_blank=True, max_length=20, required=False)
    thumbnail = URLField(allow_blank=True, max_length=500, required=False)
    source = ChoiceField(choices=[(&#x27;youtube&#x27;, &#x27;YouTube&#x27;), (&#x27;instagram&#x27;, &#x27;Instagram&#x27;), (&#x27;linkedin&#x27;, &#x27;LinkedIn&#x27;)], required=False)
    is_published = BooleanField(required=False)
    is_important = BooleanField(required=False)
    is_verified = BooleanField(required=False)
    created_at = DateTimeField(read_only=True)
    updated_at = DateTimeField(read_only=True)
    notes = NoteSerializer(many=True, read_only=True):
        id = IntegerField(label=&#x27;ID&#x27;, read_only=True)
        title = CharField(max_length=255)
        content = CharField(help_text=&#x27;Rich text / markdown supported&#x27;, style={&#x27;base_template&#x27;: &#x27;textarea.html&#x27;})
        pdf_file = FileField(allow_null=True, max_length=100, required=False)
        tags = CharField(allow_blank=True, help_text=&#x27;Comma-separated or JSON&#x27;, max_length=255, required=False)
        created_at = DateTimeField(read_only=True)
        video = PrimaryKeyRelatedField(queryset=Video.objects.all())
        subject = PrimaryKeyRelatedField(queryset=Subject.objects.all())</pre></td>
                  </tr>
                
                  <tr>
                    <td>validated_data</td>
                    <td class="code"><pre>{&#x27;subject&#x27;: &lt;Subject: DBMS&gt;,
 &#x27;thumbnail&#x27;: &#x27;https://img.youtube.com/vi/not-youtube/maxresdefault.jpg&#x27;,
 &#x27;title&#x27;: &#x27;Invalid URL Test&#x27;,
 &#x27;video_url&#x27;: &#x27;https://www.youtube.com/embed/not-youtube&#x27;,
 &#x27;youtube_id&#x27;: &#x27;not-youtube&#x27;,
 &#x27;youtube_url&#x27;: &#x27;https://not-youtube.com/watch?v=123&#x27;}</pre></td>
                  </tr>
                
              </tbody>
            </table>
            </details>
          
        </li>
      
        
        <li class="frame user">
          
            <code class="fname">C:\Users\omraj\AppData\Local\Programs\Python\Python312\Lib\site-packages\rest_framework\serializers.py</code>, line 991, in create
          

          
            <div class="context" id="c2691958026304">
              
                <ol start="984" class="pre-context" id="pre2691958026304">
                
                  <li onclick="toggle('pre2691958026304', 'post2691958026304')"><pre>        info = model_meta.get_field_info(ModelClass)</pre></li>
                
                  <li onclick="toggle('pre2691958026304', 'post2691958026304')"><pre>        many_to_many = {}</pre></li>
                
                  <li onclick="toggle('pre2691958026304', 'post2691958026304')"><pre>        for field_name, relation_info in info.relations.items():</pre></li>
                
                  <li onclick="toggle('pre2691958026304', 'post2691958026304')"><pre>            if relation_info.to_many and (field_name in validated_data):</pre></li>
                
                  <li onclick="toggle('pre2691958026304', 'post2691958026304')"><pre>                many_to_many[field_name] = validated_data.pop(field_name)</pre></li>
                
                  <li onclick="toggle('pre2691958026304', 'post2691958026304')"><pre></pre></li>
                
                  <li onclick="toggle('pre2691958026304', 'post2691958026304')"><pre>        try:</pre></li>
                
                </ol>
              
              <ol start="991" class="context-line">
                <li onclick="toggle('pre2691958026304', 'post2691958026304')"><pre>            instance = ModelClass._default_manager.create(**validated_data)
                            ^^^^^^^^^^^^^^^^^^^^^^^^^^^^^^^^^^^^^^^^^^^^^^^^^^^^</pre> <span>à</span></li>
              </ol>
              
                <ol start='992' class="post-context" id="post2691958026304">
                  
                  <li onclick="toggle('pre2691958026304', 'post2691958026304')"><pre>        except TypeError:</pre></li>
                  
                  <li onclick="toggle('pre2691958026304', 'post2691958026304')"><pre>            tb = traceback.format_exc()</pre></li>
                  
                  <li onclick="toggle('pre2691958026304', 'post2691958026304')"><pre>            msg = (</pre></li>
                  
                  <li onclick="toggle('pre2691958026304', 'post2691958026304')"><pre>                &#x27;Got a `TypeError` when calling `%s.%s.create()`. &#x27;</pre></li>
                  
                  <li onclick="toggle('pre2691958026304', 'post2691958026304')"><pre>                &#x27;This may be because you have a writable field on the &#x27;</pre></li>
                  
                  <li onclick="toggle('pre2691958026304', 'post2691958026304')"><pre>                &#x27;serializer class that is not a valid argument to &#x27;</pre></li>
                  
              </ol>
              
            </div>
          

          
            
              <details>
                <summary class="commands">Local vars</summary>
            
            <table class="vars" id="v2691958026304">
              <thead>
                <tr>
                  <th scope="col">Variable</th>
                  <th scope="col">Value</th>
                </tr>
              </thead>
              <tbody>
                
                  <tr>
                    <td>ModelClass</td>
                    <td class="code"><pre>&lt;class &#x27;videos.models.Video&#x27;&gt;</pre></td>
                  </tr>
                
                  <tr>
                    <td>field_name</td>
                    <td class="code"><pre>&#x27;notes&#x27;</pre></td>
                  </tr>
                
                  <tr>
                    <td>info</td>
                    <td class="code"><pre>FieldInfo(pk=&lt;django.db.models.fields.BigAutoField: id&gt;, fields={&#x27;title&#x27;: &lt;django.db.models.fields.CharField: title&gt;, &#x27;description&#x27;: &lt;django.db.models.fields.TextField: description&gt;, &#x27;youtube_id&#x27;: &lt;django.db.models.fields.CharField: youtube_id&gt;, &#x27;video_url&#x27;: &lt;django.db.models.fields.URLField: video_url&gt;, &#x27;youtube_url&#x27;: &lt;django.db.models.fields.URLField: youtube_url&gt;, &#x27;type&#x27;: &lt;django.db.models.fields.CharField: type&gt;, &#x27;important_topics&#x27;: &lt;django.db.models.fields.TextField: important_topics&gt;, &#x27;duration&#x27;: &lt;django.db.models.fields.CharField: duration&gt;, &#x27;thumbnail&#x27;: &lt;django.db.models.fields.URLField: thumbnail&gt;, &#x27;source&#x27;: &lt;django.db.models.fields.CharField: source&gt;, &#x27;is_published&#x27;: &lt;django.db.models.fields.BooleanField: is_published&gt;, &#x27;is_important&#x27;: &lt;django.db.models.fields.BooleanField: is_important&gt;, &#x27;is_verified&#x27;: &lt;django.db.models.fields.BooleanField: is_verified&gt;, &#x27;created_at&#x27;: &lt;django.db.models.fields.DateTimeField: created_at&gt;, &#x27;updated_at&#x27;: &lt;django.db.models.fields.DateTimeField: updated_at&gt;, &#x27;fetch_from_youtube&#x27;: &lt;django.db.models.fields.BooleanField: fetch_from_youtube&gt;, &#x27;youtube_url_input&#x27;: &lt;django.db.models.fields.URLField: youtube_url_input&gt;}, forward_relations={&#x27;subject&#x27;: RelationInfo(model_field=&lt;django.db.models.fields.related.ForeignKey: subject&gt;, related_model=&lt;class &#x27;videos.models.Subject&#x27;&gt;, to_many=False, to_field=&#x27;id&#x27;, has_through_model=False, reverse=False)}, reverse_relations={&#x27;notes&#x27;: RelationInfo(model_field=None, related_model=&lt;class &#x27;videos.models.Note&#x27;&gt;, to_many=True, to_field=&#x27;id&#x27;, has_through_model=False, reverse=True)}, fields_and_pk={&#x27;pk&#x27;: &lt;django.db.models.fields.BigAutoField: id&gt;, &#x27;id&#x27;: &lt;django.db.models.fields.BigAutoField: id&gt;, &#x27;title&#x27;: &lt;django.db.models.fields.CharField: title&gt;, &#x27;description&#x27;: &lt;django.db.models.fields.TextField: description&gt;, &#x27;youtube_id&#x27;: &lt;django.db.models.fields.CharField: youtube_id&gt;, &#x27;video_url&#x27;: &lt;django.db.models.fields.URLField: video_url&gt;, &#x27;youtube_url&#x27;: &lt;django.db.models.fields.URLField: youtube_url&gt;, &#x27;type&#x27;: &lt;django.db.models.fields.CharField: type&gt;, &#x27;important_topics&#x27;: &lt;django.db.models.fields.TextField: important_topics&gt;, &#x27;duration&#x27;: &lt;django.db.models.fields.CharField: duration&gt;, &#x27;thumbnail&#x27;: &lt;django.db.models.fields.URLField: thumbnail&gt;, &#x27;source&#x27;: &lt;django.db.models.fields.CharField: source&gt;, &#x27;is_published&#x27;: &lt;django.db.models.fields.BooleanField: is_published&gt;, &#x27;is_important&#x27;: &lt;django.db.models.fields.BooleanField: is_important&gt;, &#x27;is_verified&#x27;: &lt;django.db.models.fields.BooleanField: is_verified&gt;, &#x27;created_at&#x27;: &lt;django.db.models.fields.DateTimeField: created_at&gt;, &#x27;updated_at&#x27;: &lt;django.db.models.fields.DateTimeField: updated_at&gt;, &#x27;fetch_from_youtube&#x27;: &lt;django.db.models.fields.BooleanField: fetch_from_youtube&gt;, &#x27;youtube_url_input&#x27;: &lt;django.db.models.fields.URLField: youtube_url_input&gt;}, relations={&#x27;subject&#x27;: RelationInfo(model_field=&lt;django.db.models.fields.related.ForeignKey: subject&gt;, related_model=&lt;class &#x27;videos.models.Subject&#x27;&gt;, to_many=False, to_field=&#x27;id&#x27;, has_through_model=False, reverse=False), &#x27;notes&#x27;: RelationInfo(model_field=None, related_model=&lt;class &#x27;videos.models.Note&#x27;&gt;, to_many=True, to_field=&#x27;id&#x27;, has_through_model=False, reverse=True)})</pre></td>
                  </tr>
                
                  <tr>
                    <td>many_to_many</td>
                    <td class="code"><pre>{}</pre></td>
                  </tr>
                
                  <tr>
                    <td>relation_info</td>
                    <td class="code"><pre>RelationInfo(model_field=None, related_model=&lt;class &#x27;videos.models.Note&#x27;&gt;, to_many=True, to_field=&#x27;id&#x27;, has_through_model=False, reverse=True)</pre></td>
                  </tr>
                
                  <tr>
                    <td>self</td>
                    <td class="code"><pre>VideoSerializer(context={&#x27;request&#x27;: &lt;rest_framework.request.Request: POST &#x27;/api/admin/videos/&#x27;&gt;, &#x27;format&#x27;: None, &#x27;view&#x27;: &lt;videos.views.AdminVideoViewSet object&gt;}, data={&#x27;title&#x27;: &#x27;Invalid URL Test&#x27;, &#x27;subject&#x27;: 1, &#x27;youtube_url&#x27;: &#x27;https://not-youtube.com/watch?v=123&#x27;}):
    id = IntegerField(label=&#x27;ID&#x27;, read_only=True)
    title = CharField(max_length=255)
    description = CharField(allow_blank=True, required=False, style={&#x27;base_template&#x27;: &#x27;textarea.html&#x27;})
    youtube_id = CharField(allow_blank=True, allow_null=True, max_length=50, required=False, validators=[&lt;UniqueValidator(queryset=Video.objects.all())&gt;])
    youtube_url = URLField(allow_blank=True, allow_null=True, max_length=500, required=False)
    video_url = URLField(allow_blank=True, allow_null=True, max_length=500, required=False)
    subject = PrimaryKeyRelatedField(allow_null=True, queryset=Subject.objects.all(), required=False)
    type = ChoiceField(choices=[(&#x27;Theory&#x27;, &#x27;Theory&#x27;), (&#x27;Numerical&#x27;, &#x27;Numerical&#x27;)], required=False)
    important_topics = CharField(allow_blank=True, help_text=&#x27;Comma separated topics&#x27;, required=False, style={&#x27;base_template&#x27;: &#x27;textarea.html&#x27;})
    duration = CharField(allow_blank=True, max_length=20, required=False)
    thumbnail = URLField(allow_blank=True, max_length=500, required=False)
    source = ChoiceField(choices=[(&#x27;youtube&#x27;, &#x27;YouTube&#x27;), (&#x27;instagram&#x27;, &#x27;Instagram&#x27;), (&#x27;linkedin&#x27;, &#x27;LinkedIn&#x27;)], required=False)
    is_published = BooleanField(required=False)
    is_important = BooleanField(required=False)
    is_verified = BooleanField(required=False)
    created_at = DateTimeField(read_only=True)
    updated_at = DateTimeField(read_only=True)
    notes = NoteSerializer(many=True, read_only=True):
        id = IntegerField(label=&#x27;ID&#x27;, read_only=True)
        title = CharField(max_length=255)
        content = CharField(help_text=&#x27;Rich text / markdown supported&#x27;, style={&#x27;base_template&#x27;: &#x27;textarea.html&#x27;})
        pdf_file = FileField(allow_null=True, max_length=100, required=False)
        tags = CharField(allow_blank=True, help_text=&#x27;Comma-separated or JSON&#x27;, max_length=255, required=False)
        created_at = DateTimeField(read_only=True)
        video = PrimaryKeyRelatedField(queryset=Video.objects.all())
        subject = PrimaryKeyRelatedField(queryset=Subject.objects.all())</pre></td>
                  </tr>
                
                  <tr>
                    <td>validated_data</td>
                    <td class="code"><pre>{&#x27;subject&#x27;: &lt;Subject: DBMS&gt;,
 &#x27;thumbnail&#x27;: &#x27;https://img.youtube.com/vi/not-youtube/maxresdefault.jpg&#x27;,
 &#x27;title&#x27;: &#x27;Invalid URL Test&#x27;,
 &#x27;video_url&#x27;: &#x27;https://www.youtube.com/embed/not-youtube&#x27;,
 &#x27;youtube_id&#x27;: &#x27;not-youtube&#x27;,
 &#x27;youtube_url&#x27;: &#x27;https://not-youtube.com/watch?v=123&#x27;}</pre></td>
                  </tr>
                
              </tbody>
            </table>
            </details>
          
        </li>
      
        
        <li class="frame django">
          
            <code class="fname">C:\Users\omraj\AppData\Local\Programs\Python\Python312\Lib\site-packages\django\db\models\manager.py</code>, line 87, in manager_method
          

          
            <div class="context" id="c2691956401152">
              
                <ol start="80" class="pre-context" id="pre2691956401152">
                
                  <li onclick="toggle('pre2691956401152', 'post2691956401152')"><pre>        return []</pre></li>
                
                  <li onclick="toggle('pre2691956401152', 'post2691956401152')"><pre></pre></li>
                
                  <li onclick="toggle('pre2691956401152', 'post2691956401152')"><pre>    @classmethod</pre></li>
                
                  <li onclick="toggle('pre2691956401152', 'post2691956401152')"><pre>    def _get_queryset_methods(cls, queryset_class):</pre></li>
                
                  <li onclick="toggle('pre2691956401152', 'post2691956401152')"><pre>        def create_method(name, method):</pre></li>
                
                  <li onclick="toggle('pre2691956401152', 'post2691956401152')"><pre>            @wraps(method)</pre></li>
                
                  <li onclick="toggle('pre2691956401152', 'post2691956401152')"><pre>            def manager_method(self, *args, **kwargs):</pre></li>
                
                </ol>
              
              <ol start="87" class="context-line">
                <li onclick="toggle('pre2691956401152', 'post2691956401152')"><pre>                return getattr(self.get_queryset(), name)(*args, **kwargs)
                           ^^^^^^^^^^^^^^^^^^^^^^^^^^^^^^^^^^^^^^^^^^^^^^^^^^^</pre> <span>à</span></li>
              </ol>
              
                <ol start='88' class="post-context" id="post2691956401152">
                  
                  <li onclick="toggle('pre2691956401152', 'post2691956401152')"><pre></pre></li>
                  
                  <li onclick="toggle('pre2691956401152', 'post2691956401152')"><pre>            return manager_method</pre></li>
                  
                  <li onclick="toggle('pre2691956401152', 'post2691956401152')"><pre></pre></li>
                  
                  <li onclick="toggle('pre2691956401152', 'post2691956401152')"><pre>        new_methods = {}</pre></li>
                  
                  <li onclick="toggle('pre2691956401152', 'post2691956401152')"><pre>        for name, method in inspect.getmembers(</pre></li>
                  
                  <li onclick="toggle('pre2691956401152', 'post2691956401152')"><pre>            queryset_class, predicate=inspect.isfunction</pre></li>
                  
              </ol>
              
            </div>
          

          
            
              <details>
                <summary class="commands">Local vars</summary>
            
            <table class="vars" id="v2691956401152">
              <thead>
                <tr>
                  <th scope="col">Variable</th>
                  <th scope="col">Value</th>
                </tr>
              </thead>
              <tbody>
                
                  <tr>
                    <td>args</td>
                    <td class="code"><pre>()</pre></td>
                  </tr>
                
                  <tr>
                    <td>kwargs</td>
                    <td class="code"><pre>{&#x27;subject&#x27;: &lt;Subject: DBMS&gt;,
 &#x27;thumbnail&#x27;: &#x27;https://img.youtube.com/vi/not-youtube/maxresdefault.jpg&#x27;,
 &#x27;title&#x27;: &#x27;Invalid URL Test&#x27;,
 &#x27;video_url&#x27;: &#x27;https://www.youtube.com/embed/not-youtube&#x27;,
 &#x27;youtube_id&#x27;: &#x27;not-youtube&#x27;,
 &#x27;youtube_url&#x27;: &#x27;https://not-youtube.com/watch?v=123&#x27;}</pre></td>
                  </tr>
                
                  <tr>
                    <td>name</td>
                    <td class="code"><pre>&#x27;create&#x27;</pre></td>
                  </tr>
                
                  <tr>
                    <td>self</td>
                    <td class="code"><pre>&lt;django.db.models.manager.Manager object at 0x00000272C4CC0380&gt;</pre></td>
                  </tr>
                
              </tbody>
            </table>
            </details>
          
        </li>
      
        
        <li class="frame django">
          
            <code class="fname">C:\Users\omraj\AppData\Local\Programs\Python\Python312\Lib\site-packages\django\db\models\query.py</code>, line 679, in create
          

          
            <div class="context" id="c2691956879104">
              
                <ol start="672" class="pre-context" id="pre2691956879104">
                
                  <li onclick="toggle('pre2691956879104', 'post2691956879104')"><pre>            raise ValueError(</pre></li>
                
                  <li onclick="toggle('pre2691956879104', 'post2691956879104')"><pre>                &quot;The following fields do not exist in this model: %s&quot;</pre></li>
                
                  <li onclick="toggle('pre2691956879104', 'post2691956879104')"><pre>                % &quot;, &quot;.join(reverse_one_to_one_fields)</pre></li>
                
                  <li onclick="toggle('pre2691956879104', 'post2691956879104')"><pre>            )</pre></li>
                
                  <li onclick="toggle('pre2691956879104', 'post2691956879104')"><pre></pre></li>
                
                  <li onclick="toggle('pre2691956879104', 'post2691956879104')"><pre>        obj = self.model(**kwargs)</pre></li>
                
                  <li onclick="toggle('pre2691956879104', 'post2691956879104')"><pre>        self._for_write = True</pre></li>
                
                </ol>
              
              <ol start="679" class="context-line">
                <li onclick="toggle('pre2691956879104', 'post2691956879104')"><pre>        obj.save(force_insert=True, using=self.db)
             ^^^^^^^^^^^^^^^^^^^^^^^^^^^^^^^^^^^^^^^^^^</pre> <span>à</span></li>
              </ol>
              
                <ol start='680' class="post-context" id="post2691956879104">
                  
                  <li onclick="toggle('pre2691956879104', 'post2691956879104')"><pre>        return obj</pre></li>
                  
                  <li onclick="toggle('pre2691956879104', 'post2691956879104')"><pre></pre></li>
                  
                  <li onclick="toggle('pre2691956879104', 'post2691956879104')"><pre>    async def acreate(self, **kwargs):</pre></li>
                  
                  <li onclick="toggle('pre2691956879104', 'post2691956879104')"><pre>        return await sync_to_async(self.create)(**kwargs)</pre></li>
                  
                  <li onclick="toggle('pre2691956879104', 'post2691956879104')"><pre></pre></li>
                  
                  <li onclick="toggle('pre2691956879104', 'post2691956879104')"><pre>    def _prepare_for_bulk_create(self, objs):</pre></li>
                  
              </ol>
              
            </div>
          

          
            
              <details>
                <summary class="commands">Local vars</summary>
            
            <table class="vars" id="v2691956879104">
              <thead>
                <tr>
                  <th scope="col">Variable</th>
                  <th scope="col">Value</th>
                </tr>
              </thead>
              <tbody>
                
                  <tr>
                    <td>kwargs</td>
                    <td class="code"><pre>{&#x27;subject&#x27;: &lt;Subject: DBMS&gt;,
 &#x27;thumbnail&#x27;: &#x27;https://img.youtube.com/vi/not-youtube/maxresdefault.jpg&#x27;,
 &#x27;title&#x27;: &#x27;Invalid URL Test&#x27;,
 &#x27;video_url&#x27;: &#x27;https://www.youtube.com/embed/not-youtube&#x27;,
 &#x27;youtube_id&#x27;: &#x27;not-youtube&#x27;,
 &#x27;youtube_url&#x27;: &#x27;https://not-youtube.com/watch?v=123&#x27;}</pre></td>
                  </tr>
                
                  <tr>
                    <td>obj</td>
                    <td class="code"><pre>&lt;Video: Invalid URL Test&gt;</pre></td>
                  </tr>
                
                  <tr>
                    <td>reverse_one_to_one_fields</td>
                    <td class="code"><pre>frozenset()</pre></td>
                  </tr>
                
                  <tr>
                    <td>self</td>
                    <td class="code"><pre>&lt;QuerySet [&lt;Video: YouTube Auto-fill Module&gt;, &lt;Video: Manual Theory Module&gt;, &lt;Video: Invalid URL Test&gt;, &lt;Video: Naive Bayes - FINAL TEST&gt;, &lt;Video: Machine Learning Basics | Sem 6 ML Easy Explanation |&gt;, &lt;Video: Manually Created Video&gt;, &lt;Video: Optimized Video 2&gt;, &lt;Video: Optimized Video 1&gt;, &lt;Video: Machine Learning Basics&gt;]&gt;</pre></td>
                  </tr>
                
              </tbody>
            </table>
            </details>
          
        </li>
      
        
        <li class="frame django">
          
            <code class="fname">C:\Users\omraj\AppData\Local\Programs\Python\Python312\Lib\site-packages\django\db\models\base.py</code>, line 891, in save
          

          
            <div class="context" id="c2691956408192">
              
                <ol start="884" class="pre-context" id="pre2691956408192">
                
                  <li onclick="toggle('pre2691956408192', 'post2691956408192')"><pre>            for field in self._meta.concrete_fields:</pre></li>
                
                  <li onclick="toggle('pre2691956408192', 'post2691956408192')"><pre>                if not field.primary_key and not hasattr(field, &quot;through&quot;):</pre></li>
                
                  <li onclick="toggle('pre2691956408192', 'post2691956408192')"><pre>                    field_names.add(field.attname)</pre></li>
                
                  <li onclick="toggle('pre2691956408192', 'post2691956408192')"><pre>            loaded_fields = field_names.difference(deferred_non_generated_fields)</pre></li>
                
                  <li onclick="toggle('pre2691956408192', 'post2691956408192')"><pre>            if loaded_fields:</pre></li>
                
                  <li onclick="toggle('pre2691956408192', 'post2691956408192')"><pre>                update_fields = frozenset(loaded_fields)</pre></li>
                
                  <li onclick="toggle('pre2691956408192', 'post2691956408192')"><pre></pre></li>
                
                </ol>
              
              <ol start="891" class="context-line">
                <li onclick="toggle('pre2691956408192', 'post2691956408192')"><pre>        self.save_base(
             ^</pre> <span>à</span></li>
              </ol>
              
                <ol start='892' class="post-context" id="post2691956408192">
                  
                  <li onclick="toggle('pre2691956408192', 'post2691956408192')"><pre>            using=using,</pre></li>
                  
                  <li onclick="toggle('pre2691956408192', 'post2691956408192')"><pre>            force_insert=force_insert,</pre></li>
                  
                  <li onclick="toggle('pre2691956408192', 'post2691956408192')"><pre>            force_update=force_update,</pre></li>
                  
                  <li onclick="toggle('pre2691956408192', 'post2691956408192')"><pre>            update_fields=update_fields,</pre></li>
                  
                  <li onclick="toggle('pre2691956408192', 'post2691956408192')"><pre>        )</pre></li>
                  
                  <li onclick="toggle('pre2691956408192', 'post2691956408192')"><pre></pre></li>
                  
              </ol>
              
            </div>
          

          
            
              <details>
                <summary class="commands">Local vars</summary>
            
            <table class="vars" id="v2691956408192">
              <thead>
                <tr>
                  <th scope="col">Variable</th>
                  <th scope="col">Value</th>
                </tr>
              </thead>
              <tbody>
                
                  <tr>
                    <td>args</td>
                    <td class="code"><pre>()</pre></td>
                  </tr>
                
                  <tr>
                    <td>deferred_non_generated_fields</td>
                    <td class="code"><pre>set()</pre></td>
                  </tr>
                
                  <tr>
                    <td>force_insert</td>
                    <td class="code"><pre>True</pre></td>
                  </tr>
                
                  <tr>
                    <td>force_update</td>
                    <td class="code"><pre>False</pre></td>
                  </tr>
                
                  <tr>
                    <td>self</td>
                    <td class="code"><pre>&lt;Video: Invalid URL Test&gt;</pre></td>
                  </tr>
                
                  <tr>
                    <td>update_fields</td>
                    <td class="code"><pre>None</pre></td>
                  </tr>
                
                  <tr>
                    <td>using</td>
                    <td class="code"><pre>&#x27;default&#x27;</pre></td>
                  </tr>
                
              </tbody>
            </table>
            </details>
          
        </li>
      
        
        <li class="frame django">
          
            <code class="fname">C:\Users\omraj\AppData\Local\Programs\Python\Python312\Lib\site-packages\django\db\models\base.py</code>, line 997, in save_base
          

          
            <div class="context" id="c2691956878848">
              
                <ol start="990" class="pre-context" id="pre2691956878848">
                
                  <li onclick="toggle('pre2691956878848', 'post2691956878848')"><pre>            parent_inserted = False</pre></li>
                
                  <li onclick="toggle('pre2691956878848', 'post2691956878848')"><pre>            if not raw:</pre></li>
                
                  <li onclick="toggle('pre2691956878848', 'post2691956878848')"><pre>                # Validate force insert only when parents are inserted.</pre></li>
                
                  <li onclick="toggle('pre2691956878848', 'post2691956878848')"><pre>                force_insert = self._validate_force_insert(force_insert)</pre></li>
                
                  <li onclick="toggle('pre2691956878848', 'post2691956878848')"><pre>                parent_inserted = self._save_parents(</pre></li>
                
                  <li onclick="toggle('pre2691956878848', 'post2691956878848')"><pre>                    cls, using, update_fields, force_insert</pre></li>
                
                  <li onclick="toggle('pre2691956878848', 'post2691956878848')"><pre>                )</pre></li>
                
                </ol>
              
              <ol start="997" class="context-line">
                <li onclick="toggle('pre2691956878848', 'post2691956878848')"><pre>            updated = self._save_table(
                           </pre> <span>à</span></li>
              </ol>
              
                <ol start='998' class="post-context" id="post2691956878848">
                  
                  <li onclick="toggle('pre2691956878848', 'post2691956878848')"><pre>                raw,</pre></li>
                  
                  <li onclick="toggle('pre2691956878848', 'post2691956878848')"><pre>                cls,</pre></li>
                  
                  <li onclick="toggle('pre2691956878848', 'post2691956878848')"><pre>                force_insert or parent_inserted,</pre></li>
                  
                  <li onclick="toggle('pre2691956878848', 'post2691956878848')"><pre>                force_update,</pre></li>
                  
                  <li onclick="toggle('pre2691956878848', 'post2691956878848')"><pre>                using,</pre></li>
                  
                  <li onclick="toggle('pre2691956878848', 'post2691956878848')"><pre>                update_fields,</pre></li>
                  
              </ol>
              
            </div>
          

          
            
              <details>
                <summary class="commands">Local vars</summary>
            
            <table class="vars" id="v2691956878848">
              <thead>
                <tr>
                  <th scope="col">Variable</th>
                  <th scope="col">Value</th>
                </tr>
              </thead>
              <tbody>
                
                  <tr>
                    <td>cls</td>
                    <td class="code"><pre>&lt;class &#x27;videos.models.Video&#x27;&gt;</pre></td>
                  </tr>
                
                  <tr>
                    <td>context_manager</td>
                    <td class="code"><pre>&lt;contextlib._GeneratorContextManager object at 0x00000272C51EB350&gt;</pre></td>
                  </tr>
                
                  <tr>
                    <td>force_insert</td>
                    <td class="code"><pre>(&lt;class &#x27;videos.models.Video&#x27;&gt;,)</pre></td>
                  </tr>
                
                  <tr>
                    <td>force_update</td>
                    <td class="code"><pre>False</pre></td>
                  </tr>
                
                  <tr>
                    <td>meta</td>
                    <td class="code"><pre>&lt;Options for Video&gt;</pre></td>
                  </tr>
                
                  <tr>
                    <td>origin</td>
                    <td class="code"><pre>&lt;class &#x27;videos.models.Video&#x27;&gt;</pre></td>
                  </tr>
                
                  <tr>
                    <td>parent_inserted</td>
                    <td class="code"><pre>False</pre></td>
                  </tr>
                
                  <tr>
                    <td>raw</td>
                    <td class="code"><pre>False</pre></td>
                  </tr>
                
                  <tr>
                    <td>self</td>
                    <td class="code"><pre>&lt;Video: Invalid URL Test&gt;</pre></td>
                  </tr>
                
                  <tr>
                    <td>update_fields</td>
                    <td class="code"><pre>None</pre></td>
                  </tr>
                
                  <tr>
                    <td>using</td>
                    <td class="code"><pre>&#x27;default&#x27;</pre></td>
                  </tr>
                
              </tbody>
            </table>
            </details>
          
        </li>
      
        
        <li class="frame django">
          
            <code class="fname">C:\Users\omraj\AppData\Local\Programs\Python\Python312\Lib\site-packages\django\db\models\base.py</code>, line 1160, in _save_table
          

          
            <div class="context" id="c2691956880064">
              
                <ol start="1153" class="pre-context" id="pre2691956880064">
                
                  <li onclick="toggle('pre2691956880064', 'post2691956880064')"><pre>                )</pre></li>
                
                  <li onclick="toggle('pre2691956880064', 'post2691956880064')"><pre>            fields = [</pre></li>
                
                  <li onclick="toggle('pre2691956880064', 'post2691956880064')"><pre>                f</pre></li>
                
                  <li onclick="toggle('pre2691956880064', 'post2691956880064')"><pre>                for f in meta.local_concrete_fields</pre></li>
                
                  <li onclick="toggle('pre2691956880064', 'post2691956880064')"><pre>                if not f.generated and (pk_set or f is not meta.auto_field)</pre></li>
                
                  <li onclick="toggle('pre2691956880064', 'post2691956880064')"><pre>            ]</pre></li>
                
                  <li onclick="toggle('pre2691956880064', 'post2691956880064')"><pre>            returning_fields = meta.db_returning_fields</pre></li>
                
                </ol>
              
              <ol start="1160" class="context-line">
                <li onclick="toggle('pre2691956880064', 'post2691956880064')"><pre>            results = self._do_insert(
                            </pre> <span>à</span></li>
              </ol>
              
                <ol start='1161' class="post-context" id="post2691956880064">
                  
                  <li onclick="toggle('pre2691956880064', 'post2691956880064')"><pre>                cls._base_manager, using, fields, returning_fields, raw</pre></li>
                  
                  <li onclick="toggle('pre2691956880064', 'post2691956880064')"><pre>            )</pre></li>
                  
                  <li onclick="toggle('pre2691956880064', 'post2691956880064')"><pre>            if results:</pre></li>
                  
                  <li onclick="toggle('pre2691956880064', 'post2691956880064')"><pre>                for value, field in zip(results[0], returning_fields):</pre></li>
                  
                  <li onclick="toggle('pre2691956880064', 'post2691956880064')"><pre>                    setattr(self, field.attname, value)</pre></li>
                  
                  <li onclick="toggle('pre2691956880064', 'post2691956880064')"><pre>        return updated</pre></li>
                  
              </ol>
              
            </div>
          

          
            
              <details>
                <summary class="commands">Local vars</summary>
            
            <table class="vars" id="v2691956880064">
              <thead>
                <tr>
                  <th scope="col">Variable</th>
                  <th scope="col">Value</th>
                </tr>
              </thead>
              <tbody>
                
                  <tr>
                    <td>cls</td>
                    <td class="code"><pre>&lt;class &#x27;videos.models.Video&#x27;&gt;</pre></td>
                  </tr>
                
                  <tr>
                    <td>fields</td>
                    <td class="code"><pre>[&lt;django.db.models.fields.CharField: title&gt;,
 &lt;django.db.models.fields.TextField: description&gt;,
 &lt;django.db.models.fields.CharField: youtube_id&gt;,
 &lt;django.db.models.fields.URLField: video_url&gt;,
 &lt;django.db.models.fields.URLField: youtube_url&gt;,
 &lt;django.db.models.fields.related.ForeignKey: subject&gt;,
 &lt;django.db.models.fields.CharField: type&gt;,
 &lt;django.db.models.fields.TextField: important_topics&gt;,
 &lt;django.db.models.fields.CharField: duration&gt;,
 &lt;django.db.models.fields.URLField: thumbnail&gt;,
 &lt;django.db.models.fields.CharField: source&gt;,
 &lt;django.db.models.fields.BooleanField: is_published&gt;,
 &lt;django.db.models.fields.BooleanField: is_important&gt;,
 &lt;django.db.models.fields.BooleanField: is_verified&gt;,
 &lt;django.db.models.fields.DateTimeField: created_at&gt;,
 &lt;django.db.models.fields.DateTimeField: updated_at&gt;,
 &lt;django.db.models.fields.BooleanField: fetch_from_youtube&gt;,
 &lt;django.db.models.fields.URLField: youtube_url_input&gt;]</pre></td>
                  </tr>
                
                  <tr>
                    <td>force_insert</td>
                    <td class="code"><pre>(&lt;class &#x27;videos.models.Video&#x27;&gt;,)</pre></td>
                  </tr>
                
                  <tr>
                    <td>force_update</td>
                    <td class="code"><pre>False</pre></td>
                  </tr>
                
                  <tr>
                    <td>meta</td>
                    <td class="code"><pre>&lt;Options for Video&gt;</pre></td>
                  </tr>
                
                  <tr>
                    <td>non_pks_non_generated</td>
                    <td class="code"><pre>[&lt;django.db.models.fields.CharField: title&gt;,
 &lt;django.db.models.fields.TextField: description&gt;,
 &lt;django.db.models.fields.CharField: youtube_id&gt;,
 &lt;django.db.models.fields.URLField: video_url&gt;,
 &lt;django.db.models.fields.URLField: youtube_url&gt;,
 &lt;django.db.models.fields.related.ForeignKey: subject&gt;,
 &lt;django.db.models.fields.CharField: type&gt;,
 &lt;django.db.models.fields.TextField: important_topics&gt;,
 &lt;django.db.models.fields.CharField: duration&gt;,
 &lt;django.db.models.fields.URLField: thumbnail&gt;,
 &lt;django.db.models.fields.CharField: source&gt;,
 &lt;django.db.models.fields.BooleanField: is_published&gt;,
 &lt;django.db.models.fields.BooleanField: is_important&gt;,
 &lt;django.db.models.fields.BooleanField: is_verified&gt;,
 &lt;django.db.models.fields.DateTimeField: created_at&gt;,
 &lt;django.db.models.fields.DateTimeField: updated_at&gt;,
 &lt;django.db.models.fields.BooleanField: fetch_from_youtube&gt;,
 &lt;django.db.models.fields.URLField: youtube_url_input&gt;]</pre></td>
                  </tr>
                
                  <tr>
                    <td>pk_set</td>
                    <td class="code"><pre>False</pre></td>
                  </tr>
                
                  <tr>
                    <td>pk_val</td>
                    <td class="code"><pre>None</pre></td>
                  </tr>
                
                  <tr>
                    <td>raw</td>
                    <td class="code"><pre>False</pre></td>
                  </tr>
                
                  <tr>
                    <td>returning_fields</td>
                    <td class="code"><pre>[&lt;django.db.models.fields.BigAutoField: id&gt;]</pre></td>
                  </tr>
                
                  <tr>
                    <td>self</td>
                    <td class="code"><pre>&lt;Video: Invalid URL Test&gt;</pre></td>
                  </tr>
                
                  <tr>
                    <td>update_fields</td>
                    <td class="code"><pre>None</pre></td>
                  </tr>
                
                  <tr>
                    <td>updated</td>
                    <td class="code"><pre>False</pre></td>
                  </tr>
                
                  <tr>
                    <td>using</td>
                    <td class="code"><pre>&#x27;default&#x27;</pre></td>
                  </tr>
                
              </tbody>
            </table>
            </details>
          
        </li>
      
        
        <li class="frame django">
          
            <code class="fname">C:\Users\omraj\AppData\Local\Programs\Python\Python312\Lib\site-packages\django\db\models\base.py</code>, line 1201, in _do_insert
          

          
            <div class="context" id="c2691956869888">
              
                <ol start="1194" class="pre-context" id="pre2691956869888">
                
                  <li onclick="toggle('pre2691956869888', 'post2691956869888')"><pre>        return filtered._update(values) &gt; 0</pre></li>
                
                  <li onclick="toggle('pre2691956869888', 'post2691956869888')"><pre></pre></li>
                
                  <li onclick="toggle('pre2691956869888', 'post2691956869888')"><pre>    def _do_insert(self, manager, using, fields, returning_fields, raw):</pre></li>
                
                  <li onclick="toggle('pre2691956869888', 'post2691956869888')"><pre>        &quot;&quot;&quot;</pre></li>
                
                  <li onclick="toggle('pre2691956869888', 'post2691956869888')"><pre>        Do an INSERT. If returning_fields is defined then this method should</pre></li>
                
                  <li onclick="toggle('pre2691956869888', 'post2691956869888')"><pre>        return the newly created data for the model.</pre></li>
                
                  <li onclick="toggle('pre2691956869888', 'post2691956869888')"><pre>        &quot;&quot;&quot;</pre></li>
                
                </ol>
              
              <ol start="1201" class="context-line">
                <li onclick="toggle('pre2691956869888', 'post2691956869888')"><pre>        return manager._insert(
                     </pre> <span>à</span></li>
              </ol>
              
                <ol start='1202' class="post-context" id="post2691956869888">
                  
                  <li onclick="toggle('pre2691956869888', 'post2691956869888')"><pre>            [self],</pre></li>
                  
                  <li onclick="toggle('pre2691956869888', 'post2691956869888')"><pre>            fields=fields,</pre></li>
                  
                  <li onclick="toggle('pre2691956869888', 'post2691956869888')"><pre>            returning_fields=returning_fields,</pre></li>
                  
                  <li onclick="toggle('pre2691956869888', 'post2691956869888')"><pre>            using=using,</pre></li>
                  
                  <li onclick="toggle('pre2691956869888', 'post2691956869888')"><pre>            raw=raw,</pre></li>
                  
                  <li onclick="toggle('pre2691956869888', 'post2691956869888')"><pre>        )</pre></li>
                  
              </ol>
              
            </div>
          

          
            
              <details>
                <summary class="commands">Local vars</summary>
            
            <table class="vars" id="v2691956869888">
              <thead>
                <tr>
                  <th scope="col">Variable</th>
                  <th scope="col">Value</th>
                </tr>
              </thead>
              <tbody>
                
                  <tr>
                    <td>fields</td>
                    <td class="code"><pre>[&lt;django.db.models.fields.CharField: title&gt;,
 &lt;django.db.models.fields.TextField: description&gt;,
 &lt;django.db.models.fields.CharField: youtube_id&gt;,
 &lt;django.db.models.fields.URLField: video_url&gt;,
 &lt;django.db.models.fields.URLField: youtube_url&gt;,
 &lt;django.db.models.fields.related.ForeignKey: subject&gt;,
 &lt;django.db.models.fields.CharField: type&gt;,
 &lt;django.db.models.fields.TextField: important_topics&gt;,
 &lt;django.db.models.fields.CharField: duration&gt;,
 &lt;django.db.models.fields.URLField: thumbnail&gt;,
 &lt;django.db.models.fields.CharField: source&gt;,
 &lt;django.db.models.fields.BooleanField: is_published&gt;,
 &lt;django.db.models.fields.BooleanField: is_important&gt;,
 &lt;django.db.models.fields.BooleanField: is_verified&gt;,
 &lt;django.db.models.fields.DateTimeField: created_at&gt;,
 &lt;django.db.models.fields.DateTimeField: updated_at&gt;,
 &lt;django.db.models.fields.BooleanField: fetch_from_youtube&gt;,
 &lt;django.db.models.fields.URLField: youtube_url_input&gt;]</pre></td>
                  </tr>
                
                  <tr>
                    <td>manager</td>
                    <td class="code"><pre>&lt;django.db.models.manager.Manager object at 0x00000272C52646B0&gt;</pre></td>
                  </tr>
                
                  <tr>
                    <td>raw</td>
                    <td class="code"><pre>False</pre></td>
                  </tr>
                
                  <tr>
                    <td>returning_fields</td>
                    <td class="code"><pre>[&lt;django.db.models.fields.BigAutoField: id&gt;]</pre></td>
                  </tr>
                
                  <tr>
                    <td>self</td>
                    <td class="code"><pre>&lt;Video: Invalid URL Test&gt;</pre></td>
                  </tr>
                
                  <tr>
                    <td>using</td>
                    <td class="code"><pre>&#x27;default&#x27;</pre></td>
                  </tr>
                
              </tbody>
            </table>
            </details>
          
        </li>
      
        
        <li class="frame django">
          
            <code class="fname">C:\Users\omraj\AppData\Local\Programs\Python\Python312\Lib\site-packages\django\db\models\manager.py</code>, line 87, in manager_method
          

          
            <div class="context" id="c2691956406976">
              
                <ol start="80" class="pre-context" id="pre2691956406976">
                
                  <li onclick="toggle('pre2691956406976', 'post2691956406976')"><pre>        return []</pre></li>
                
                  <li onclick="toggle('pre2691956406976', 'post2691956406976')"><pre></pre></li>
                
                  <li onclick="toggle('pre2691956406976', 'post2691956406976')"><pre>    @classmethod</pre></li>
                
                  <li onclick="toggle('pre2691956406976', 'post2691956406976')"><pre>    def _get_queryset_methods(cls, queryset_class):</pre></li>
                
                  <li onclick="toggle('pre2691956406976', 'post2691956406976')"><pre>        def create_method(name, method):</pre></li>
                
                  <li onclick="toggle('pre2691956406976', 'post2691956406976')"><pre>            @wraps(method)</pre></li>
                
                  <li onclick="toggle('pre2691956406976', 'post2691956406976')"><pre>            def manager_method(self, *args, **kwargs):</pre></li>
                
                </ol>
              
              <ol start="87" class="context-line">
                <li onclick="toggle('pre2691956406976', 'post2691956406976')"><pre>                return getattr(self.get_queryset(), name)(*args, **kwargs)
                           ^^^^^^^^^^^^^^^^^^^^^^^^^^^^^^^^^^^^^^^^^^^^^^^^^^^</pre> <span>à</span></li>
              </ol>
              
                <ol start='88' class="post-context" id="post2691956406976">
                  
                  <li onclick="toggle('pre2691956406976', 'post2691956406976')"><pre></pre></li>
                  
                  <li onclick="toggle('pre2691956406976', 'post2691956406976')"><pre>            return manager_method</pre></li>
                  
                  <li onclick="toggle('pre2691956406976', 'post2691956406976')"><pre></pre></li>
                  
                  <li onclick="toggle('pre2691956406976', 'post2691956406976')"><pre>        new_methods = {}</pre></li>
                  
                  <li onclick="toggle('pre2691956406976', 'post2691956406976')"><pre>        for name, method in inspect.getmembers(</pre></li>
                  
                  <li onclick="toggle('pre2691956406976', 'post2691956406976')"><pre>            queryset_class, predicate=inspect.isfunction</pre></li>
                  
              </ol>
              
            </div>
          

          
            
              <details>
                <summary class="commands">Local vars</summary>
            
            <table class="vars" id="v2691956406976">
              <thead>
                <tr>
                  <th scope="col">Variable</th>
                  <th scope="col">Value</th>
                </tr>
              </thead>
              <tbody>
                
                  <tr>
                    <td>args</td>
                    <td class="code"><pre>([&lt;Video: Invalid URL Test&gt;],)</pre></td>
                  </tr>
                
                  <tr>
                    <td>kwargs</td>
                    <td class="code"><pre>{&#x27;fields&#x27;: [&lt;django.db.models.fields.CharField: title&gt;,
            &lt;django.db.models.fields.TextField: description&gt;,
            &lt;django.db.models.fields.CharField: youtube_id&gt;,
            &lt;django.db.models.fields.URLField: video_url&gt;,
            &lt;django.db.models.fields.URLField: youtube_url&gt;,
            &lt;django.db.models.fields.related.ForeignKey: subject&gt;,
            &lt;django.db.models.fields.CharField: type&gt;,
            &lt;django.db.models.fields.TextField: important_topics&gt;,
            &lt;django.db.models.fields.CharField: duration&gt;,
            &lt;django.db.models.fields.URLField: thumbnail&gt;,
            &lt;django.db.models.fields.CharField: source&gt;,
            &lt;django.db.models.fields.BooleanField: is_published&gt;,
            &lt;django.db.models.fields.BooleanField: is_important&gt;,
            &lt;django.db.models.fields.BooleanField: is_verified&gt;,
            &lt;django.db.models.fields.DateTimeField: created_at&gt;,
            &lt;django.db.models.fields.DateTimeField: updated_at&gt;,
            &lt;django.db.models.fields.BooleanField: fetch_from_youtube&gt;,
            &lt;django.db.models.fields.URLField: youtube_url_input&gt;],
 &#x27;raw&#x27;: False,
 &#x27;returning_fields&#x27;: [&lt;django.db.models.fields.BigAutoField: id&gt;],
 &#x27;using&#x27;: &#x27;default&#x27;}</pre></td>
                  </tr>
                
                  <tr>
                    <td>name</td>
                    <td class="code"><pre>&#x27;_insert&#x27;</pre></td>
                  </tr>
                
                  <tr>
                    <td>self</td>
                    <td class="code"><pre>&lt;django.db.models.manager.Manager object at 0x00000272C52646B0&gt;</pre></td>
                  </tr>
                
              </tbody>
            </table>
            </details>
          
        </li>
      
        
        <li class="frame django">
          
            <code class="fname">C:\Users\omraj\AppData\Local\Programs\Python\Python312\Lib\site-packages\django\db\models\query.py</code>, line 1847, in _insert
          

          
            <div class="context" id="c2691956882112">
              
                <ol start="1840" class="pre-context" id="pre2691956882112">
                
                  <li onclick="toggle('pre2691956882112', 'post2691956882112')"><pre>        query = sql.InsertQuery(</pre></li>
                
                  <li onclick="toggle('pre2691956882112', 'post2691956882112')"><pre>            self.model,</pre></li>
                
                  <li onclick="toggle('pre2691956882112', 'post2691956882112')"><pre>            on_conflict=on_conflict,</pre></li>
                
                  <li onclick="toggle('pre2691956882112', 'post2691956882112')"><pre>            update_fields=update_fields,</pre></li>
                
                  <li onclick="toggle('pre2691956882112', 'post2691956882112')"><pre>            unique_fields=unique_fields,</pre></li>
                
                  <li onclick="toggle('pre2691956882112', 'post2691956882112')"><pre>        )</pre></li>
                
                  <li onclick="toggle('pre2691956882112', 'post2691956882112')"><pre>        query.insert_values(fields, objs, raw=raw)</pre></li>
                
                </ol>
              
              <ol start="1847" class="context-line">
                <li onclick="toggle('pre2691956882112', 'post2691956882112')"><pre>        return query.get_compiler(using=using).execute_sql(returning_fields)
                     ^^^^^^^^^^^^^^^^^^^^^^^^^^^^^^^^^^^^^^^^^^^^^^^^^^^^^^^^^^^^^</pre> <span>à</span></li>
              </ol>
              
                <ol start='1848' class="post-context" id="post2691956882112">
                  
                  <li onclick="toggle('pre2691956882112', 'post2691956882112')"><pre></pre></li>
                  
                  <li onclick="toggle('pre2691956882112', 'post2691956882112')"><pre>    _insert.alters_data = True</pre></li>
                  
                  <li onclick="toggle('pre2691956882112', 'post2691956882112')"><pre>    _insert.queryset_only = False</pre></li>
                  
                  <li onclick="toggle('pre2691956882112', 'post2691956882112')"><pre></pre></li>
                  
                  <li onclick="toggle('pre2691956882112', 'post2691956882112')"><pre>    def _batched_insert(</pre></li>
                  
                  <li onclick="toggle('pre2691956882112', 'post2691956882112')"><pre>        self,</pre></li>
                  
              </ol>
              
            </div>
          

          
            
              <details>
                <summary class="commands">Local vars</summary>
            
            <table class="vars" id="v2691956882112">
              <thead>
                <tr>
                  <th scope="col">Variable</th>
                  <th scope="col">Value</th>
                </tr>
              </thead>
              <tbody>
                
                  <tr>
                    <td>fields</td>
                    <td class="code"><pre>[&lt;django.db.models.fields.CharField: title&gt;,
 &lt;django.db.models.fields.TextField: description&gt;,
 &lt;django.db.models.fields.CharField: youtube_id&gt;,
 &lt;django.db.models.fields.URLField: video_url&gt;,
 &lt;django.db.models.fields.URLField: youtube_url&gt;,
 &lt;django.db.models.fields.related.ForeignKey: subject&gt;,
 &lt;django.db.models.fields.CharField: type&gt;,
 &lt;django.db.models.fields.TextField: important_topics&gt;,
 &lt;django.db.models.fields.CharField: duration&gt;,
 &lt;django.db.models.fields.URLField: thumbnail&gt;,
 &lt;django.db.models.fields.CharField: source&gt;,
 &lt;django.db.models.fields.BooleanField: is_published&gt;,
 &lt;django.db.models.fields.BooleanField: is_important&gt;,
 &lt;django.db.models.fields.BooleanField: is_verified&gt;,
 &lt;django.db.models.fields.DateTimeField: created_at&gt;,
 &lt;django.db.models.fields.DateTimeField: updated_at&gt;,
 &lt;django.db.models.fields.BooleanField: fetch_from_youtube&gt;,
 &lt;django.db.models.fields.URLField: youtube_url_input&gt;]</pre></td>
                  </tr>
                
                  <tr>
                    <td>objs</td>
                    <td class="code"><pre>[&lt;Video: Invalid URL Test&gt;]</pre></td>
                  </tr>
                
                  <tr>
                    <td>on_conflict</td>
                    <td class="code"><pre>None</pre></td>
                  </tr>
                
                  <tr>
                    <td>query</td>
                    <td class="code"><pre>&lt;django.db.models.sql.subqueries.InsertQuery object at 0x00000272C51E9430&gt;</pre></td>
                  </tr>
                
                  <tr>
                    <td>raw</td>
                    <td class="code"><pre>False</pre></td>
                  </tr>
                
                  <tr>
                    <td>returning_fields</td>
                    <td class="code"><pre>[&lt;django.db.models.fields.BigAutoField: id&gt;]</pre></td>
                  </tr>
                
                  <tr>
                    <td>self</td>
                    <td class="code"><pre>&lt;QuerySet [&lt;Video: YouTube Auto-fill Module&gt;, &lt;Video: Manual Theory Module&gt;, &lt;Video: Invalid URL Test&gt;, &lt;Video: Naive Bayes - FINAL TEST&gt;, &lt;Video: Machine Learning Basics | Sem 6 ML Easy Explanation |&gt;, &lt;Video: Manually Created Video&gt;, &lt;Video: Optimized Video 2&gt;, &lt;Video: Optimized Video 1&gt;, &lt;Video: Machine Learning Basics&gt;]&gt;</pre></td>
                  </tr>
                
                  <tr>
                    <td>unique_fields</td>
                    <td class="code"><pre>None</pre></td>
                  </tr>
                
                  <tr>
                    <td>update_fields</td>
                    <td class="code"><pre>None</pre></td>
                  </tr>
                
                  <tr>
                    <td>using</td>
                    <td class="code"><pre>&#x27;default&#x27;</pre></td>
                  </tr>
                
              </tbody>
            </table>
            </details>
          
        </li>
      
        
        <li class="frame django">
          
            <code class="fname">C:\Users\omraj\AppData\Local\Programs\Python\Python312\Lib\site-packages\django\db\models\sql\compiler.py</code>, line 1836, in execute_sql
          

          
            <div class="context" id="c2691956869696">
              
                <ol start="1829" class="pre-context" id="pre2691956869696">
                
                  <li onclick="toggle('pre2691956869696', 'post2691956869696')"><pre>            and not self.connection.features.can_return_rows_from_bulk_insert</pre></li>
                
                  <li onclick="toggle('pre2691956869696', 'post2691956869696')"><pre>        )</pre></li>
                
                  <li onclick="toggle('pre2691956869696', 'post2691956869696')"><pre>        opts = self.query.get_meta()</pre></li>
                
                  <li onclick="toggle('pre2691956869696', 'post2691956869696')"><pre>        self.returning_fields = returning_fields</pre></li>
                
                  <li onclick="toggle('pre2691956869696', 'post2691956869696')"><pre>        cols = []</pre></li>
                
                  <li onclick="toggle('pre2691956869696', 'post2691956869696')"><pre>        with self.connection.cursor() as cursor:</pre></li>
                
                  <li onclick="toggle('pre2691956869696', 'post2691956869696')"><pre>            for sql, params in self.as_sql():</pre></li>
                
                </ol>
              
              <ol start="1836" class="context-line">
                <li onclick="toggle('pre2691956869696', 'post2691956869696')"><pre>                cursor.execute(sql, params)
                      ^^^^^^^^^^^^^^^^^^^^^^^^^^^</pre> <span>à</span></li>
              </ol>
              
                <ol start='1837' class="post-context" id="post2691956869696">
                  
                  <li onclick="toggle('pre2691956869696', 'post2691956869696')"><pre>            if not self.returning_fields:</pre></li>
                  
                  <li onclick="toggle('pre2691956869696', 'post2691956869696')"><pre>                return []</pre></li>
                  
                  <li onclick="toggle('pre2691956869696', 'post2691956869696')"><pre>            if (</pre></li>
                  
                  <li onclick="toggle('pre2691956869696', 'post2691956869696')"><pre>                self.connection.features.can_return_rows_from_bulk_insert</pre></li>
                  
                  <li onclick="toggle('pre2691956869696', 'post2691956869696')"><pre>                and len(self.query.objs) &gt; 1</pre></li>
                  
                  <li onclick="toggle('pre2691956869696', 'post2691956869696')"><pre>            ):</pre></li>
                  
              </ol>
              
            </div>
          

          
            
              <details>
                <summary class="commands">Local vars</summary>
            
            <table class="vars" id="v2691956869696">
              <thead>
                <tr>
                  <th scope="col">Variable</th>
                  <th scope="col">Value</th>
                </tr>
              </thead>
              <tbody>
                
                  <tr>
                    <td>cols</td>
                    <td class="code"><pre>[]</pre></td>
                  </tr>
                
                  <tr>
                    <td>cursor</td>
                    <td class="code"><pre>&lt;django.db.backends.utils.CursorDebugWrapper object at 0x00000272C51E9460&gt;</pre></td>
                  </tr>
                
                  <tr>
                    <td>opts</td>
                    <td class="code"><pre>&lt;Options for Video&gt;</pre></td>
                  </tr>
                
                  <tr>
                    <td>params</td>
                    <td class="code"><pre>(&#x27;Invalid URL Test&#x27;,
 &#x27;&#x27;,
 &#x27;not-youtube&#x27;,
 &#x27;https://www.youtube.com/embed/not-youtube&#x27;,
 &#x27;https://not-youtube.com/watch?v=123&#x27;,
 1,
 &#x27;Theory&#x27;,
 &#x27;&#x27;,
 &#x27;&#x27;,
 &#x27;https://img.youtube.com/vi/not-youtube/maxresdefault.jpg&#x27;,
 &#x27;youtube&#x27;,
 True,
 False,
 False,
 &#x27;2026-03-21 13:58:34.437999&#x27;,
 &#x27;2026-03-21 13:58:34.437999&#x27;,
 False,
 None)</pre></td>
                  </tr>
                
                  <tr>
                    <td>returning_fields</td>
                    <td class="code"><pre>[&lt;django.db.models.fields.BigAutoField: id&gt;]</pre></td>
                  </tr>
                
                  <tr>
                    <td>self</td>
                    <td class="code"><pre>&lt;SQLInsertCompiler model=Video connection=&lt;DatabaseWrapper vendor=&#x27;sqlite&#x27; alias=&#x27;default&#x27;&gt; using=&#x27;default&#x27;&gt;</pre></td>
                  </tr>
                
                  <tr>
                    <td>sql</td>
                    <td class="code"><pre>(&#x27;INSERT INTO &quot;videos_video&quot; (&quot;title&quot;, &quot;description&quot;, &quot;youtube_id&quot;, &#x27;
 &#x27;&quot;video_url&quot;, &quot;youtube_url&quot;, &quot;subject_id&quot;, &quot;type&quot;, &quot;important_topics&quot;, &#x27;
 &#x27;&quot;duration&quot;, &quot;thumbnail&quot;, &quot;source&quot;, &quot;is_published&quot;, &quot;is_important&quot;, &#x27;
 &#x27;&quot;is_verified&quot;, &quot;created_at&quot;, &quot;updated_at&quot;, &quot;fetch_from_youtube&quot;, &#x27;
 &#x27;&quot;youtube_url_input&quot;) VALUES (%s, %s, %s, %s, %s, %s, %s, %s, %s, %s, %s, %s, &#x27;
 &#x27;%s, %s, %s, %s, %s, %s) RETURNING &quot;videos_video&quot;.&quot;id&quot;&#x27;)</pre></td>
                  </tr>
                
              </tbody>
            </table>
            </details>
          
        </li>
      
        
        <li class="frame django">
          
            <code class="fname">C:\Users\omraj\AppData\Local\Programs\Python\Python312\Lib\site-packages\django\db\backends\utils.py</code>, line 122, in execute
          

          
            <div class="context" id="c2691956879552">
              
                <ol start="115" class="pre-context" id="pre2691956879552">
                
                  <li onclick="toggle('pre2691956879552', 'post2691956879552')"><pre></pre></li>
                
                  <li onclick="toggle('pre2691956879552', 'post2691956879552')"><pre></pre></li>
                
                  <li onclick="toggle('pre2691956879552', 'post2691956879552')"><pre>class CursorDebugWrapper(CursorWrapper):</pre></li>
                
                  <li onclick="toggle('pre2691956879552', 'post2691956879552')"><pre>    # XXX callproc isn&#x27;t instrumented at this time.</pre></li>
                
                  <li onclick="toggle('pre2691956879552', 'post2691956879552')"><pre></pre></li>
                
                  <li onclick="toggle('pre2691956879552', 'post2691956879552')"><pre>    def execute(self, sql, params=None):</pre></li>
                
                  <li onclick="toggle('pre2691956879552', 'post2691956879552')"><pre>        with self.debug_sql(sql, params, use_last_executed_query=True):</pre></li>
                
                </ol>
              
              <ol start="122" class="context-line">
                <li onclick="toggle('pre2691956879552', 'post2691956879552')"><pre>            return super().execute(sql, params)
                        ^^^^^^^^^^^^^^^^^^^^^^^^^^^^</pre> <span>à</span></li>
              </ol>
              
                <ol start='123' class="post-context" id="post2691956879552">
                  
                  <li onclick="toggle('pre2691956879552', 'post2691956879552')"><pre></pre></li>
                  
                  <li onclick="toggle('pre2691956879552', 'post2691956879552')"><pre>    def executemany(self, sql, param_list):</pre></li>
                  
                  <li onclick="toggle('pre2691956879552', 'post2691956879552')"><pre>        with self.debug_sql(sql, param_list, many=True):</pre></li>
                  
                  <li onclick="toggle('pre2691956879552', 'post2691956879552')"><pre>            return super().executemany(sql, param_list)</pre></li>
                  
                  <li onclick="toggle('pre2691956879552', 'post2691956879552')"><pre></pre></li>
                  
                  <li onclick="toggle('pre2691956879552', 'post2691956879552')"><pre>    @contextmanager</pre></li>
                  
              </ol>
              
            </div>
          

          
            
              <details>
                <summary class="commands">Local vars</summary>
            
            <table class="vars" id="v2691956879552">
              <thead>
                <tr>
                  <th scope="col">Variable</th>
                  <th scope="col">Value</th>
                </tr>
              </thead>
              <tbody>
                
                  <tr>
                    <td>__class__</td>
                    <td class="code"><pre>&lt;class &#x27;django.db.backends.utils.CursorDebugWrapper&#x27;&gt;</pre></td>
                  </tr>
                
                  <tr>
                    <td>params</td>
                    <td class="code"><pre>(&#x27;Invalid URL Test&#x27;,
 &#x27;&#x27;,
 &#x27;not-youtube&#x27;,
 &#x27;https://www.youtube.com/embed/not-youtube&#x27;,
 &#x27;https://not-youtube.com/watch?v=123&#x27;,
 1,
 &#x27;Theory&#x27;,
 &#x27;&#x27;,
 &#x27;&#x27;,
 &#x27;https://img.youtube.com/vi/not-youtube/maxresdefault.jpg&#x27;,
 &#x27;youtube&#x27;,
 True,
 False,
 False,
 &#x27;2026-03-21 13:58:34.437999&#x27;,
 &#x27;2026-03-21 13:58:34.437999&#x27;,
 False,
 None)</pre></td>
                  </tr>
                
                  <tr>
                    <td>self</td>
                    <td class="code"><pre>&lt;django.db.backends.utils.CursorDebugWrapper object at 0x00000272C51E9460&gt;</pre></td>
                  </tr>
                
                  <tr>
                    <td>sql</td>
                    <td class="code"><pre>(&#x27;INSERT INTO &quot;videos_video&quot; (&quot;title&quot;, &quot;description&quot;, &quot;youtube_id&quot;, &#x27;
 &#x27;&quot;video_url&quot;, &quot;youtube_url&quot;, &quot;subject_id&quot;, &quot;type&quot;, &quot;important_topics&quot;, &#x27;
 &#x27;&quot;duration&quot;, &quot;thumbnail&quot;, &quot;source&quot;, &quot;is_published&quot;, &quot;is_important&quot;, &#x27;
 &#x27;&quot;is_verified&quot;, &quot;created_at&quot;, &quot;updated_at&quot;, &quot;fetch_from_youtube&quot;, &#x27;
 &#x27;&quot;youtube_url_input&quot;) VALUES (%s, %s, %s, %s, %s, %s, %s, %s, %s, %s, %s, %s, &#x27;
 &#x27;%s, %s, %s, %s, %s, %s) RETURNING &quot;videos_video&quot;.&quot;id&quot;&#x27;)</pre></td>
                  </tr>
                
              </tbody>
            </table>
            </details>
          
        </li>
      
        
        <li class="frame django">
          
            <code class="fname">C:\Users\omraj\AppData\Local\Programs\Python\Python312\Lib\site-packages\django\db\backends\utils.py</code>, line 79, in execute
          

          
            <div class="context" id="c2691956883200">
              
                <ol start="72" class="pre-context" id="pre2691956883200">
                
                  <li onclick="toggle('pre2691956883200', 'post2691956883200')"><pre>            elif kparams is None:</pre></li>
                
                  <li onclick="toggle('pre2691956883200', 'post2691956883200')"><pre>                return self.cursor.callproc(procname, params)</pre></li>
                
                  <li onclick="toggle('pre2691956883200', 'post2691956883200')"><pre>            else:</pre></li>
                
                  <li onclick="toggle('pre2691956883200', 'post2691956883200')"><pre>                params = params or ()</pre></li>
                
                  <li onclick="toggle('pre2691956883200', 'post2691956883200')"><pre>                return self.cursor.callproc(procname, params, kparams)</pre></li>
                
                  <li onclick="toggle('pre2691956883200', 'post2691956883200')"><pre></pre></li>
                
                  <li onclick="toggle('pre2691956883200', 'post2691956883200')"><pre>    def execute(self, sql, params=None):</pre></li>
                
                </ol>
              
              <ol start="79" class="context-line">
                <li onclick="toggle('pre2691956883200', 'post2691956883200')"><pre>        return self._execute_with_wrappers(
                   </pre> <span>à</span></li>
              </ol>
              
                <ol start='80' class="post-context" id="post2691956883200">
                  
                  <li onclick="toggle('pre2691956883200', 'post2691956883200')"><pre>            sql, params, many=False, executor=self._execute</pre></li>
                  
                  <li onclick="toggle('pre2691956883200', 'post2691956883200')"><pre>        )</pre></li>
                  
                  <li onclick="toggle('pre2691956883200', 'post2691956883200')"><pre></pre></li>
                  
                  <li onclick="toggle('pre2691956883200', 'post2691956883200')"><pre>    def executemany(self, sql, param_list):</pre></li>
                  
                  <li onclick="toggle('pre2691956883200', 'post2691956883200')"><pre>        return self._execute_with_wrappers(</pre></li>
                  
                  <li onclick="toggle('pre2691956883200', 'post2691956883200')"><pre>            sql, param_list, many=True, executor=self._executemany</pre></li>
                  
              </ol>
              
            </div>
          

          
            
              <details>
                <summary class="commands">Local vars</summary>
            
            <table class="vars" id="v2691956883200">
              <thead>
                <tr>
                  <th scope="col">Variable</th>
                  <th scope="col">Value</th>
                </tr>
              </thead>
              <tbody>
                
                  <tr>
                    <td>params</td>
                    <td class="code"><pre>(&#x27;Invalid URL Test&#x27;,
 &#x27;&#x27;,
 &#x27;not-youtube&#x27;,
 &#x27;https://www.youtube.com/embed/not-youtube&#x27;,
 &#x27;https://not-youtube.com/watch?v=123&#x27;,
 1,
 &#x27;Theory&#x27;,
 &#x27;&#x27;,
 &#x27;&#x27;,
 &#x27;https://img.youtube.com/vi/not-youtube/maxresdefault.jpg&#x27;,
 &#x27;youtube&#x27;,
 True,
 False,
 False,
 &#x27;2026-03-21 13:58:34.437999&#x27;,
 &#x27;2026-03-21 13:58:34.437999&#x27;,
 False,
 None)</pre></td>
                  </tr>
                
                  <tr>
                    <td>self</td>
                    <td class="code"><pre>&lt;django.db.backends.utils.CursorDebugWrapper object at 0x00000272C51E9460&gt;</pre></td>
                  </tr>
                
                  <tr>
                    <td>sql</td>
                    <td class="code"><pre>(&#x27;INSERT INTO &quot;videos_video&quot; (&quot;title&quot;, &quot;description&quot;, &quot;youtube_id&quot;, &#x27;
 &#x27;&quot;video_url&quot;, &quot;youtube_url&quot;, &quot;subject_id&quot;, &quot;type&quot;, &quot;important_topics&quot;, &#x27;
 &#x27;&quot;duration&quot;, &quot;thumbnail&quot;, &quot;source&quot;, &quot;is_published&quot;, &quot;is_important&quot;, &#x27;
 &#x27;&quot;is_verified&quot;, &quot;created_at&quot;, &quot;updated_at&quot;, &quot;fetch_from_youtube&quot;, &#x27;
 &#x27;&quot;youtube_url_input&quot;) VALUES (%s, %s, %s, %s, %s, %s, %s, %s, %s, %s, %s, %s, &#x27;
 &#x27;%s, %s, %s, %s, %s, %s) RETURNING &quot;videos_video&quot;.&quot;id&quot;&#x27;)</pre></td>
                  </tr>
                
              </tbody>
            </table>
            </details>
          
        </li>
      
        
        <li class="frame django">
          
            <code class="fname">C:\Users\omraj\AppData\Local\Programs\Python\Python312\Lib\site-packages\django\db\backends\utils.py</code>, line 92, in _execute_with_wrappers
          

          
            <div class="context" id="c2691956880512">
              
                <ol start="85" class="pre-context" id="pre2691956880512">
                
                  <li onclick="toggle('pre2691956880512', 'post2691956880512')"><pre>            sql, param_list, many=True, executor=self._executemany</pre></li>
                
                  <li onclick="toggle('pre2691956880512', 'post2691956880512')"><pre>        )</pre></li>
                
                  <li onclick="toggle('pre2691956880512', 'post2691956880512')"><pre></pre></li>
                
                  <li onclick="toggle('pre2691956880512', 'post2691956880512')"><pre>    def _execute_with_wrappers(self, sql, params, many, executor):</pre></li>
                
                  <li onclick="toggle('pre2691956880512', 'post2691956880512')"><pre>        context = {&quot;connection&quot;: self.db, &quot;cursor&quot;: self}</pre></li>
                
                  <li onclick="toggle('pre2691956880512', 'post2691956880512')"><pre>        for wrapper in reversed(self.db.execute_wrappers):</pre></li>
                
                  <li onclick="toggle('pre2691956880512', 'post2691956880512')"><pre>            executor = functools.partial(wrapper, executor)</pre></li>
                
                </ol>
              
              <ol start="92" class="context-line">
                <li onclick="toggle('pre2691956880512', 'post2691956880512')"><pre>        return executor(sql, params, many, context)
                   ^^^^^^^^^^^^^^^^^^^^^^^^^^^^^^^^^^^^</pre> <span>à</span></li>
              </ol>
              
                <ol start='93' class="post-context" id="post2691956880512">
                  
                  <li onclick="toggle('pre2691956880512', 'post2691956880512')"><pre></pre></li>
                  
                  <li onclick="toggle('pre2691956880512', 'post2691956880512')"><pre>    def _execute(self, sql, params, *ignored_wrapper_args):</pre></li>
                  
                  <li onclick="toggle('pre2691956880512', 'post2691956880512')"><pre>        # Raise a warning during app initialization (stored_app_configs is only</pre></li>
                  
                  <li onclick="toggle('pre2691956880512', 'post2691956880512')"><pre>        # ever set during testing).</pre></li>
                  
                  <li onclick="toggle('pre2691956880512', 'post2691956880512')"><pre>        if not apps.ready and not apps.stored_app_configs:</pre></li>
                  
                  <li onclick="toggle('pre2691956880512', 'post2691956880512')"><pre>            warnings.warn(self.APPS_NOT_READY_WARNING_MSG, category=RuntimeWarning)</pre></li>
                  
              </ol>
              
            </div>
          

          
            
              <details>
                <summary class="commands">Local vars</summary>
            
            <table class="vars" id="v2691956880512">
              <thead>
                <tr>
                  <th scope="col">Variable</th>
                  <th scope="col">Value</th>
                </tr>
              </thead>
              <tbody>
                
                  <tr>
                    <td>context</td>
                    <td class="code"><pre>{&#x27;connection&#x27;: &lt;DatabaseWrapper vendor=&#x27;sqlite&#x27; alias=&#x27;default&#x27;&gt;,
 &#x27;cursor&#x27;: &lt;django.db.backends.utils.CursorDebugWrapper object at 0x00000272C51E9460&gt;}</pre></td>
                  </tr>
                
                  <tr>
                    <td>executor</td>
                    <td class="code"><pre>&lt;bound method CursorWrapper._execute of &lt;django.db.backends.utils.CursorDebugWrapper object at 0x00000272C51E9460&gt;&gt;</pre></td>
                  </tr>
                
                  <tr>
                    <td>many</td>
                    <td class="code"><pre>False</pre></td>
                  </tr>
                
                  <tr>
                    <td>params</td>
                    <td class="code"><pre>(&#x27;Invalid URL Test&#x27;,
 &#x27;&#x27;,
 &#x27;not-youtube&#x27;,
 &#x27;https://www.youtube.com/embed/not-youtube&#x27;,
 &#x27;https://not-youtube.com/watch?v=123&#x27;,
 1,
 &#x27;Theory&#x27;,
 &#x27;&#x27;,
 &#x27;&#x27;,
 &#x27;https://img.youtube.com/vi/not-youtube/maxresdefault.jpg&#x27;,
 &#x27;youtube&#x27;,
 True,
 False,
 False,
 &#x27;2026-03-21 13:58:34.437999&#x27;,
 &#x27;2026-03-21 13:58:34.437999&#x27;,
 False,
 None)</pre></td>
                  </tr>
                
                  <tr>
                    <td>self</td>
                    <td class="code"><pre>&lt;django.db.backends.utils.CursorDebugWrapper object at 0x00000272C51E9460&gt;</pre></td>
                  </tr>
                
                  <tr>
                    <td>sql</td>
                    <td class="code"><pre>(&#x27;INSERT INTO &quot;videos_video&quot; (&quot;title&quot;, &quot;description&quot;, &quot;youtube_id&quot;, &#x27;
 &#x27;&quot;video_url&quot;, &quot;youtube_url&quot;, &quot;subject_id&quot;, &quot;type&quot;, &quot;important_topics&quot;, &#x27;
 &#x27;&quot;duration&quot;, &quot;thumbnail&quot;, &quot;source&quot;, &quot;is_published&quot;, &quot;is_important&quot;, &#x27;
 &#x27;&quot;is_verified&quot;, &quot;created_at&quot;, &quot;updated_at&quot;, &quot;fetch_from_youtube&quot;, &#x27;
 &#x27;&quot;youtube_url_input&quot;) VALUES (%s, %s, %s, %s, %s, %s, %s, %s, %s, %s, %s, %s, &#x27;
 &#x27;%s, %s, %s, %s, %s, %s) RETURNING &quot;videos_video&quot;.&quot;id&quot;&#x27;)</pre></td>
                  </tr>
                
              </tbody>
            </table>
            </details>
          
        </li>
      
        
        <li class="frame django">
          
            <code class="fname">C:\Users\omraj\AppData\Local\Programs\Python\Python312\Lib\site-packages\django\db\backends\utils.py</code>, line 100, in _execute
          

          
            <div class="context" id="c2691956867648">
              
                <ol start="93" class="pre-context" id="pre2691956867648">
                
                  <li onclick="toggle('pre2691956867648', 'post2691956867648')"><pre></pre></li>
                
                  <li onclick="toggle('pre2691956867648', 'post2691956867648')"><pre>    def _execute(self, sql, params, *ignored_wrapper_args):</pre></li>
                
                  <li onclick="toggle('pre2691956867648', 'post2691956867648')"><pre>        # Raise a warning during app initialization (stored_app_configs is only</pre></li>
                
                  <li onclick="toggle('pre2691956867648', 'post2691956867648')"><pre>        # ever set during testing).</pre></li>
                
                  <li onclick="toggle('pre2691956867648', 'post2691956867648')"><pre>        if not apps.ready and not apps.stored_app_configs:</pre></li>
                
                  <li onclick="toggle('pre2691956867648', 'post2691956867648')"><pre>            warnings.warn(self.APPS_NOT_READY_WARNING_MSG, category=RuntimeWarning)</pre></li>
                
                  <li onclick="toggle('pre2691956867648', 'post2691956867648')"><pre>        self.db.validate_no_broken_transaction()</pre></li>
                
                </ol>
              
              <ol start="100" class="context-line">
                <li onclick="toggle('pre2691956867648', 'post2691956867648')"><pre>        with self.db.wrap_database_errors:
             ^^^^^^^^^^^^^^^^^^^^^^^^^^^^^^^^^^^^^^^^^^^^^^^</pre> <span>à</span></li>
              </ol>
              
                <ol start='101' class="post-context" id="post2691956867648">
                  
                  <li onclick="toggle('pre2691956867648', 'post2691956867648')"><pre>            if params is None:</pre></li>
                  
                  <li onclick="toggle('pre2691956867648', 'post2691956867648')"><pre>                # params default might be backend specific.</pre></li>
                  
                  <li onclick="toggle('pre2691956867648', 'post2691956867648')"><pre>                return self.cursor.execute(sql)</pre></li>
                  
                  <li onclick="toggle('pre2691956867648', 'post2691956867648')"><pre>            else:</pre></li>
                  
                  <li onclick="toggle('pre2691956867648', 'post2691956867648')"><pre>                return self.cursor.execute(sql, params)</pre></li>
                  
                  <li onclick="toggle('pre2691956867648', 'post2691956867648')"><pre></pre></li>
                  
              </ol>
              
            </div>
          

          
            
              <details>
                <summary class="commands">Local vars</summary>
            
            <table class="vars" id="v2691956867648">
              <thead>
                <tr>
                  <th scope="col">Variable</th>
                  <th scope="col">Value</th>
                </tr>
              </thead>
              <tbody>
                
                  <tr>
                    <td>ignored_wrapper_args</td>
                    <td class="code"><pre>(False,
 {&#x27;connection&#x27;: &lt;DatabaseWrapper vendor=&#x27;sqlite&#x27; alias=&#x27;default&#x27;&gt;,
  &#x27;cursor&#x27;: &lt;django.db.backends.utils.CursorDebugWrapper object at 0x00000272C51E9460&gt;})</pre></td>
                  </tr>
                
                  <tr>
                    <td>params</td>
                    <td class="code"><pre>(&#x27;Invalid URL Test&#x27;,
 &#x27;&#x27;,
 &#x27;not-youtube&#x27;,
 &#x27;https://www.youtube.com/embed/not-youtube&#x27;,
 &#x27;https://not-youtube.com/watch?v=123&#x27;,
 1,
 &#x27;Theory&#x27;,
 &#x27;&#x27;,
 &#x27;&#x27;,
 &#x27;https://img.youtube.com/vi/not-youtube/maxresdefault.jpg&#x27;,
 &#x27;youtube&#x27;,
 True,
 False,
 False,
 &#x27;2026-03-21 13:58:34.437999&#x27;,
 &#x27;2026-03-21 13:58:34.437999&#x27;,
 False,
 None)</pre></td>
                  </tr>
                
                  <tr>
                    <td>self</td>
                    <td class="code"><pre>&lt;django.db.backends.utils.CursorDebugWrapper object at 0x00000272C51E9460&gt;</pre></td>
                  </tr>
                
                  <tr>
                    <td>sql</td>
                    <td class="code"><pre>(&#x27;INSERT INTO &quot;videos_video&quot; (&quot;title&quot;, &quot;description&quot;, &quot;youtube_id&quot;, &#x27;
 &#x27;&quot;video_url&quot;, &quot;youtube_url&quot;, &quot;subject_id&quot;, &quot;type&quot;, &quot;important_topics&quot;, &#x27;
 &#x27;&quot;duration&quot;, &quot;thumbnail&quot;, &quot;source&quot;, &quot;is_published&quot;, &quot;is_important&quot;, &#x27;
 &#x27;&quot;is_verified&quot;, &quot;created_at&quot;, &quot;updated_at&quot;, &quot;fetch_from_youtube&quot;, &#x27;
 &#x27;&quot;youtube_url_input&quot;) VALUES (%s, %s, %s, %s, %s, %s, %s, %s, %s, %s, %s, %s, &#x27;
 &#x27;%s, %s, %s, %s, %s, %s) RETURNING &quot;videos_video&quot;.&quot;id&quot;&#x27;)</pre></td>
                  </tr>
                
              </tbody>
            </table>
            </details>
          
        </li>
      
        
        <li class="frame django">
          
            <code class="fname">C:\Users\omraj\AppData\Local\Programs\Python\Python312\Lib\site-packages\django\db\utils.py</code>, line 91, in __exit__
          

          
            <div class="context" id="c2691956879680">
              
                <ol start="84" class="pre-context" id="pre2691956879680">
                
                  <li onclick="toggle('pre2691956879680', 'post2691956879680')"><pre>            db_exc_type = getattr(self.wrapper.Database, dj_exc_type.__name__)</pre></li>
                
                  <li onclick="toggle('pre2691956879680', 'post2691956879680')"><pre>            if issubclass(exc_type, db_exc_type):</pre></li>
                
                  <li onclick="toggle('pre2691956879680', 'post2691956879680')"><pre>                dj_exc_value = dj_exc_type(*exc_value.args)</pre></li>
                
                  <li onclick="toggle('pre2691956879680', 'post2691956879680')"><pre>                # Only set the &#x27;errors_occurred&#x27; flag for errors that may make</pre></li>
                
                  <li onclick="toggle('pre2691956879680', 'post2691956879680')"><pre>                # the connection unusable.</pre></li>
                
                  <li onclick="toggle('pre2691956879680', 'post2691956879680')"><pre>                if dj_exc_type not in (DataError, IntegrityError):</pre></li>
                
                  <li onclick="toggle('pre2691956879680', 'post2691956879680')"><pre>                    self.wrapper.errors_occurred = True</pre></li>
                
                </ol>
              
              <ol start="91" class="context-line">
                <li onclick="toggle('pre2691956879680', 'post2691956879680')"><pre>                raise dj_exc_value.with_traceback(traceback) from exc_value
                    ^^^^^^^^^^^^^^^^^^^^^^^^^^^^^^^^^^^^^^^^^^^^^^^^^^^^^^^^^^^</pre> <span>à</span></li>
              </ol>
              
                <ol start='92' class="post-context" id="post2691956879680">
                  
                  <li onclick="toggle('pre2691956879680', 'post2691956879680')"><pre></pre></li>
                  
                  <li onclick="toggle('pre2691956879680', 'post2691956879680')"><pre>    def __call__(self, func):</pre></li>
                  
                  <li onclick="toggle('pre2691956879680', 'post2691956879680')"><pre>        # Note that we are intentionally not using @wraps here for performance</pre></li>
                  
                  <li onclick="toggle('pre2691956879680', 'post2691956879680')"><pre>        # reasons. Refs #21109.</pre></li>
                  
                  <li onclick="toggle('pre2691956879680', 'post2691956879680')"><pre>        def inner(*args, **kwargs):</pre></li>
                  
                  <li onclick="toggle('pre2691956879680', 'post2691956879680')"><pre>            with self:</pre></li>
                  
              </ol>
              
            </div>
          

          
            
              <details>
                <summary class="commands">Local vars</summary>
            
            <table class="vars" id="v2691956879680">
              <thead>
                <tr>
                  <th scope="col">Variable</th>
                  <th scope="col">Value</th>
                </tr>
              </thead>
              <tbody>
                
                  <tr>
                    <td>db_exc_type</td>
                    <td class="code"><pre>&lt;class &#x27;sqlite3.IntegrityError&#x27;&gt;</pre></td>
                  </tr>
                
                  <tr>
                    <td>dj_exc_type</td>
                    <td class="code"><pre>&lt;class &#x27;django.db.utils.IntegrityError&#x27;&gt;</pre></td>
                  </tr>
                
                  <tr>
                    <td>dj_exc_value</td>
                    <td class="code"><pre>IntegrityError(&#x27;UNIQUE constraint failed: videos_video.youtube_id&#x27;)</pre></td>
                  </tr>
                
                  <tr>
                    <td>exc_type</td>
                    <td class="code"><pre>&lt;class &#x27;sqlite3.IntegrityError&#x27;&gt;</pre></td>
                  </tr>
                
                  <tr>
                    <td>exc_value</td>
                    <td class="code"><pre>IntegrityError(&#x27;UNIQUE constraint failed: videos_video.youtube_id&#x27;)</pre></td>
                  </tr>
                
                  <tr>
                    <td>self</td>
                    <td class="code"><pre>&lt;django.db.utils.DatabaseErrorWrapper object at 0x00000272C5265FA0&gt;</pre></td>
                  </tr>
                
                  <tr>
                    <td>traceback</td>
                    <td class="code"><pre>&lt;traceback object at 0x00000272C5223740&gt;</pre></td>
                  </tr>
                
              </tbody>
            </table>
            </details>
          
        </li>
      
        
        <li class="frame django">
          
            <code class="fname">C:\Users\omraj\AppData\Local\Programs\Python\Python312\Lib\site-packages\django\db\backends\utils.py</code>, line 105, in _execute
          

          
            <div class="context" id="c2691956881216">
              
                <ol start="98" class="pre-context" id="pre2691956881216">
                
                  <li onclick="toggle('pre2691956881216', 'post2691956881216')"><pre>            warnings.warn(self.APPS_NOT_READY_WARNING_MSG, category=RuntimeWarning)</pre></li>
                
                  <li onclick="toggle('pre2691956881216', 'post2691956881216')"><pre>        self.db.validate_no_broken_transaction()</pre></li>
                
                  <li onclick="toggle('pre2691956881216', 'post2691956881216')"><pre>        with self.db.wrap_database_errors:</pre></li>
                
                  <li onclick="toggle('pre2691956881216', 'post2691956881216')"><pre>            if params is None:</pre></li>
                
                  <li onclick="toggle('pre2691956881216', 'post2691956881216')"><pre>                # params default might be backend specific.</pre></li>
                
                  <li onclick="toggle('pre2691956881216', 'post2691956881216')"><pre>                return self.cursor.execute(sql)</pre></li>
                
                  <li onclick="toggle('pre2691956881216', 'post2691956881216')"><pre>            else:</pre></li>
                
                </ol>
              
              <ol start="105" class="context-line">
                <li onclick="toggle('pre2691956881216', 'post2691956881216')"><pre>                return self.cursor.execute(sql, params)
                            ^^^^^^^^^^^^^^^^^^^^^^^^^^^^^^^^</pre> <span>à</span></li>
              </ol>
              
                <ol start='106' class="post-context" id="post2691956881216">
                  
                  <li onclick="toggle('pre2691956881216', 'post2691956881216')"><pre></pre></li>
                  
                  <li onclick="toggle('pre2691956881216', 'post2691956881216')"><pre>    def _executemany(self, sql, param_list, *ignored_wrapper_args):</pre></li>
                  
                  <li onclick="toggle('pre2691956881216', 'post2691956881216')"><pre>        # Raise a warning during app initialization (stored_app_configs is only</pre></li>
                  
                  <li onclick="toggle('pre2691956881216', 'post2691956881216')"><pre>        # ever set during testing).</pre></li>
                  
                  <li onclick="toggle('pre2691956881216', 'post2691956881216')"><pre>        if not apps.ready and not apps.stored_app_configs:</pre></li>
                  
                  <li onclick="toggle('pre2691956881216', 'post2691956881216')"><pre>            warnings.warn(self.APPS_NOT_READY_WARNING_MSG, category=RuntimeWarning)</pre></li>
                  
              </ol>
              
            </div>
          

          
            
              <details>
                <summary class="commands">Local vars</summary>
            
            <table class="vars" id="v2691956881216">
              <thead>
                <tr>
                  <th scope="col">Variable</th>
                  <th scope="col">Value</th>
                </tr>
              </thead>
              <tbody>
                
                  <tr>
                    <td>ignored_wrapper_args</td>
                    <td class="code"><pre>(False,
 {&#x27;connection&#x27;: &lt;DatabaseWrapper vendor=&#x27;sqlite&#x27; alias=&#x27;default&#x27;&gt;,
  &#x27;cursor&#x27;: &lt;django.db.backends.utils.CursorDebugWrapper object at 0x00000272C51E9460&gt;})</pre></td>
                  </tr>
                
                  <tr>
                    <td>params</td>
                    <td class="code"><pre>(&#x27;Invalid URL Test&#x27;,
 &#x27;&#x27;,
 &#x27;not-youtube&#x27;,
 &#x27;https://www.youtube.com/embed/not-youtube&#x27;,
 &#x27;https://not-youtube.com/watch?v=123&#x27;,
 1,
 &#x27;Theory&#x27;,
 &#x27;&#x27;,
 &#x27;&#x27;,
 &#x27;https://img.youtube.com/vi/not-youtube/maxresdefault.jpg&#x27;,
 &#x27;youtube&#x27;,
 True,
 False,
 False,
 &#x27;2026-03-21 13:58:34.437999&#x27;,
 &#x27;2026-03-21 13:58:34.437999&#x27;,
 False,
 None)</pre></td>
                  </tr>
                
                  <tr>
                    <td>self</td>
                    <td class="code"><pre>&lt;django.db.backends.utils.CursorDebugWrapper object at 0x00000272C51E9460&gt;</pre></td>
                  </tr>
                
                  <tr>
                    <td>sql</td>
                    <td class="code"><pre>(&#x27;INSERT INTO &quot;videos_video&quot; (&quot;title&quot;, &quot;description&quot;, &quot;youtube_id&quot;, &#x27;
 &#x27;&quot;video_url&quot;, &quot;youtube_url&quot;, &quot;subject_id&quot;, &quot;type&quot;, &quot;important_topics&quot;, &#x27;
 &#x27;&quot;duration&quot;, &quot;thumbnail&quot;, &quot;source&quot;, &quot;is_published&quot;, &quot;is_important&quot;, &#x27;
 &#x27;&quot;is_verified&quot;, &quot;created_at&quot;, &quot;updated_at&quot;, &quot;fetch_from_youtube&quot;, &#x27;
 &#x27;&quot;youtube_url_input&quot;) VALUES (%s, %s, %s, %s, %s, %s, %s, %s, %s, %s, %s, %s, &#x27;
 &#x27;%s, %s, %s, %s, %s, %s) RETURNING &quot;videos_video&quot;.&quot;id&quot;&#x27;)</pre></td>
                  </tr>
                
              </tbody>
            </table>
            </details>
          
        </li>
      
        
        <li class="frame django">
          
            <code class="fname">C:\Users\omraj\AppData\Local\Programs\Python\Python312\Lib\site-packages\django\db\backends\sqlite3\base.py</code>, line 354, in execute
          

          
            <div class="context" id="c2691956880448">
              
                <ol start="347" class="pre-context" id="pre2691956880448">
                
                  <li onclick="toggle('pre2691956880448', 'post2691956880448')"><pre></pre></li>
                
                  <li onclick="toggle('pre2691956880448', 'post2691956880448')"><pre>    def execute(self, query, params=None):</pre></li>
                
                  <li onclick="toggle('pre2691956880448', 'post2691956880448')"><pre>        if params is None:</pre></li>
                
                  <li onclick="toggle('pre2691956880448', 'post2691956880448')"><pre>            return super().execute(query)</pre></li>
                
                  <li onclick="toggle('pre2691956880448', 'post2691956880448')"><pre>        # Extract names if params is a mapping, i.e. &quot;pyformat&quot; style is used.</pre></li>
                
                  <li onclick="toggle('pre2691956880448', 'post2691956880448')"><pre>        param_names = list(params) if isinstance(params, Mapping) else None</pre></li>
                
                  <li onclick="toggle('pre2691956880448', 'post2691956880448')"><pre>        query = self.convert_query(query, param_names=param_names)</pre></li>
                
                </ol>
              
              <ol start="354" class="context-line">
                <li onclick="toggle('pre2691956880448', 'post2691956880448')"><pre>        return super().execute(query, params)
                    ^^^^^^^^^^^^^^^^^^^^^^^^^^^^^^</pre> <span>à</span></li>
              </ol>
              
                <ol start='355' class="post-context" id="post2691956880448">
                  
                  <li onclick="toggle('pre2691956880448', 'post2691956880448')"><pre></pre></li>
                  
                  <li onclick="toggle('pre2691956880448', 'post2691956880448')"><pre>    def executemany(self, query, param_list):</pre></li>
                  
                  <li onclick="toggle('pre2691956880448', 'post2691956880448')"><pre>        # Extract names if params is a mapping, i.e. &quot;pyformat&quot; style is used.</pre></li>
                  
                  <li onclick="toggle('pre2691956880448', 'post2691956880448')"><pre>        # Peek carefully as a generator can be passed instead of a list/tuple.</pre></li>
                  
                  <li onclick="toggle('pre2691956880448', 'post2691956880448')"><pre>        peekable, param_list = tee(iter(param_list))</pre></li>
                  
                  <li onclick="toggle('pre2691956880448', 'post2691956880448')"><pre>        if (params := next(peekable, None)) and isinstance(params, Mapping):</pre></li>
                  
              </ol>
              
            </div>
          

          
            
              <details>
                <summary class="commands">Local vars</summary>
            
            <table class="vars" id="v2691956880448">
              <thead>
                <tr>
                  <th scope="col">Variable</th>
                  <th scope="col">Value</th>
                </tr>
              </thead>
              <tbody>
                
                  <tr>
                    <td>__class__</td>
                    <td class="code"><pre>&lt;class &#x27;django.db.backends.sqlite3.base.SQLiteCursorWrapper&#x27;&gt;</pre></td>
                  </tr>
                
                  <tr>
                    <td>param_names</td>
                    <td class="code"><pre>None</pre></td>
                  </tr>
                
                  <tr>
                    <td>params</td>
                    <td class="code"><pre>(&#x27;Invalid URL Test&#x27;,
 &#x27;&#x27;,
 &#x27;not-youtube&#x27;,
 &#x27;https://www.youtube.com/embed/not-youtube&#x27;,
 &#x27;https://not-youtube.com/watch?v=123&#x27;,
 1,
 &#x27;Theory&#x27;,
 &#x27;&#x27;,
 &#x27;&#x27;,
 &#x27;https://img.youtube.com/vi/not-youtube/maxresdefault.jpg&#x27;,
 &#x27;youtube&#x27;,
 True,
 False,
 False,
 &#x27;2026-03-21 13:58:34.437999&#x27;,
 &#x27;2026-03-21 13:58:34.437999&#x27;,
 False,
 None)</pre></td>
                  </tr>
                
                  <tr>
                    <td>query</td>
                    <td class="code"><pre>(&#x27;INSERT INTO &quot;videos_video&quot; (&quot;title&quot;, &quot;description&quot;, &quot;youtube_id&quot;, &#x27;
 &#x27;&quot;video_url&quot;, &quot;youtube_url&quot;, &quot;subject_id&quot;, &quot;type&quot;, &quot;important_topics&quot;, &#x27;
 &#x27;&quot;duration&quot;, &quot;thumbnail&quot;, &quot;source&quot;, &quot;is_published&quot;, &quot;is_important&quot;, &#x27;
 &#x27;&quot;is_verified&quot;, &quot;created_at&quot;, &quot;updated_at&quot;, &quot;fetch_from_youtube&quot;, &#x27;
 &#x27;&quot;youtube_url_input&quot;) VALUES (?, ?, ?, ?, ?, ?, ?, ?, ?, ?, ?, ?, ?, ?, ?, ?, &#x27;
 &#x27;?, ?) RETURNING &quot;videos_video&quot;.&quot;id&quot;&#x27;)</pre></td>
                  </tr>
                
                  <tr>
                    <td>self</td>
                    <td class="code"><pre>&lt;django.db.backends.sqlite3.base.SQLiteCursorWrapper object at 0x00000272C517A0F0&gt;</pre></td>
                  </tr>
                
              </tbody>
            </table>
            </details>
          
        </li>
      
    </ul>
  </div>

  <form action="https://dpaste.com/" name="pasteform" id="pasteform" method="post">
  <div id="pastebinTraceback" class="pastebin">
    <input type="hidden" name="language" value="PythonConsole">
    <input type="hidden" name="title"
      value="IntegrityError at /api/admin/videos/">
    <input type="hidden" name="source" value="Django Dpaste Agent">
    <input type="hidden" name="poster" value="Django">
    <textarea name="content" id="traceback_area" cols="140" rows="25">
Environment:


Request Method: POST
Request URL: http://127.0.0.1:8000/api/admin/videos/

Django Version: 5.1
Python Version: 3.12.3
Installed Applications:
[&#x27;django.contrib.admin&#x27;,
 &#x27;django.contrib.auth&#x27;,
 &#x27;django.contrib.contenttypes&#x27;,
 &#x27;django.contrib.sessions&#x27;,
 &#x27;django.contrib.messages&#x27;,
 &#x27;django.contrib.staticfiles&#x27;,
 &#x27;rest_framework&#x27;,
 &#x27;corsheaders&#x27;,
 &#x27;videos&#x27;]
Installed Middleware:
[&#x27;django.middleware.security.SecurityMiddleware&#x27;,
 &#x27;django.contrib.sessions.middleware.SessionMiddleware&#x27;,
 &#x27;corsheaders.middleware.CorsMiddleware&#x27;,
 &#x27;django.middleware.common.CommonMiddleware&#x27;,
 &#x27;django.middleware.csrf.CsrfViewMiddleware&#x27;,
 &#x27;django.contrib.auth.middleware.AuthenticationMiddleware&#x27;,
 &#x27;django.contrib.messages.middleware.MessageMiddleware&#x27;,
 &#x27;django.middleware.clickjacking.XFrameOptionsMiddleware&#x27;]



Traceback (most recent call last):
  File "C:\Users\omraj\AppData\Local\Programs\Python\Python312\Lib\site-packages\django\db\backends\utils.py", line 105, in _execute
    return self.cursor.execute(sql, params)
           ^^^^^^^^^^^^^^^^^^^^^^^^^^^^^^^^
  File "C:\Users\omraj\AppData\Local\Programs\Python\Python312\Lib\site-packages\django\db\backends\sqlite3\base.py", line 354, in execute
    return super().execute(query, params)
           ^^^^^^^^^^^^^^^^^^^^^^^^^^^^^^

The above exception (UNIQUE constraint failed: videos_video.youtube_id) was the direct cause of the following exception:
  File "C:\Users\omraj\AppData\Local\Programs\Python\Python312\Lib\site-packages\django\core\handlers\exception.py", line 55, in inner
    response = get_response(request)
               ^^^^^^^^^^^^^^^^^^^^^
  File "C:\Users\omraj\AppData\Local\Programs\Python\Python312\Lib\site-packages\django\core\handlers\base.py", line 197, in _get_response
    response = wrapped_callback(request, *callback_args, **callback_kwargs)
               ^^^^^^^^^^^^^^^^^^^^^^^^^^^^^^^^^^^^^^^^^^^^^^^^^^^^^^^^^^^^
  File "C:\Users\omraj\AppData\Local\Programs\Python\Python312\Lib\site-packages\django\views\decorators\csrf.py", line 65, in _view_wrapper
    return view_func(request, *args, **kwargs)
           ^^^^^^^^^^^^^^^^^^^^^^^^^^^^^^^^^^^
  File "C:\Users\omraj\AppData\Local\Programs\Python\Python312\Lib\site-packages\rest_framework\viewsets.py", line 125, in view
    return self.dispatch(request, *args, **kwargs)
           ^^^^^^^^^^^^^^^^^^^^^^^^^^^^^^^^^^^^^^^
  File "C:\Users\omraj\AppData\Local\Programs\Python\Python312\Lib\site-packages\rest_framework\views.py", line 515, in dispatch
    response = self.handle_exception(exc)
               ^^^^^^^^^^^^^^^^^^^^^^^^^^
  File "C:\Users\omraj\AppData\Local\Programs\Python\Python312\Lib\site-packages\rest_framework\views.py", line 475, in handle_exception
    self.raise_uncaught_exception(exc)
    ^^^^^^^^^^^^^^^^^^^^^^^^^^^^^^^^^^
  File "C:\Users\omraj\AppData\Local\Programs\Python\Python312\Lib\site-packages\rest_framework\views.py", line 486, in raise_uncaught_exception
    raise exc
    ^^^^^^^^^
  File "C:\Users\omraj\AppData\Local\Programs\Python\Python312\Lib\site-packages\rest_framework\views.py", line 512, in dispatch
    response = handler(request, *args, **kwargs)
               ^^^^^^^^^^^^^^^^^^^^^^^^^^^^^^^^^
  File "C:\Users\omraj\AppData\Local\Programs\Python\Python312\Lib\site-packages\rest_framework\mixins.py", line 19, in create
    self.perform_create(serializer)
    ^^^^^^^^^^^^^^^^^^^^^^^^^^^^^^^
  File "C:\Users\omraj\OneDrive\Desktop\ConceptsIn5\backend\videos\views.py", line 65, in perform_create
    serializer.save(
    ^
  File "C:\Users\omraj\AppData\Local\Programs\Python\Python312\Lib\site-packages\rest_framework\serializers.py", line 210, in save
    self.instance = self.create(validated_data)
                    ^^^^^^^^^^^^^^^^^^^^^^^^^^^
  File "C:\Users\omraj\AppData\Local\Programs\Python\Python312\Lib\site-packages\rest_framework\serializers.py", line 991, in create
    instance = ModelClass._default_manager.create(**validated_data)
               ^^^^^^^^^^^^^^^^^^^^^^^^^^^^^^^^^^^^^^^^^^^^^^^^^^^^
  File "C:\Users\omraj\AppData\Local\Programs\Python\Python312\Lib\site-packages\django\db\models\manager.py", line 87, in manager_method
    return getattr(self.get_queryset(), name)(*args, **kwargs)
           ^^^^^^^^^^^^^^^^^^^^^^^^^^^^^^^^^^^^^^^^^^^^^^^^^^^
  File "C:\Users\omraj\AppData\Local\Programs\Python\Python312\Lib\site-packages\django\db\models\query.py", line 679, in create
    obj.save(force_insert=True, using=self.db)
    ^^^^^^^^^^^^^^^^^^^^^^^^^^^^^^^^^^^^^^^^^^
  File "C:\Users\omraj\AppData\Local\Programs\Python\Python312\Lib\site-packages\django\db\models\base.py", line 891, in save
    self.save_base(
    ^
  File "C:\Users\omraj\AppData\Local\Programs\Python\Python312\Lib\site-packages\django\db\models\base.py", line 997, in save_base
    updated = self._save_table(
              
  File "C:\Users\omraj\AppData\Local\Programs\Python\Python312\Lib\site-packages\django\db\models\base.py", line 1160, in _save_table
    results = self._do_insert(
              
  File "C:\Users\omraj\AppData\Local\Programs\Python\Python312\Lib\site-packages\django\db\models\base.py", line 1201, in _do_insert
    return manager._insert(
           
  File "C:\Users\omraj\AppData\Local\Programs\Python\Python312\Lib\site-packages\django\db\models\manager.py", line 87, in manager_method
    return getattr(self.get_queryset(), name)(*args, **kwargs)
           ^^^^^^^^^^^^^^^^^^^^^^^^^^^^^^^^^^^^^^^^^^^^^^^^^^^
  File "C:\Users\omraj\AppData\Local\Programs\Python\Python312\Lib\site-packages\django\db\models\query.py", line 1847, in _insert
    return query.get_compiler(using=using).execute_sql(returning_fields)
           ^^^^^^^^^^^^^^^^^^^^^^^^^^^^^^^^^^^^^^^^^^^^^^^^^^^^^^^^^^^^^
  File "C:\Users\omraj\AppData\Local\Programs\Python\Python312\Lib\site-packages\django\db\models\sql\compiler.py", line 1836, in execute_sql
    cursor.execute(sql, params)
    ^^^^^^^^^^^^^^^^^^^^^^^^^^^
  File "C:\Users\omraj\AppData\Local\Programs\Python\Python312\Lib\site-packages\django\db\backends\utils.py", line 122, in execute
    return super().execute(sql, params)
           ^^^^^^^^^^^^^^^^^^^^^^^^^^^^
  File "C:\Users\omraj\AppData\Local\Programs\Python\Python312\Lib\site-packages\django\db\backends\utils.py", line 79, in execute
    return self._execute_with_wrappers(
           
  File "C:\Users\omraj\AppData\Local\Programs\Python\Python312\Lib\site-packages\django\db\backends\utils.py", line 92, in _execute_with_wrappers
    return executor(sql, params, many, context)
           ^^^^^^^^^^^^^^^^^^^^^^^^^^^^^^^^^^^^
  File "C:\Users\omraj\AppData\Local\Programs\Python\Python312\Lib\site-packages\django\db\backends\utils.py", line 100, in _execute
    with self.db.wrap_database_errors:
    ^^^^^^^^^^^^^^^^^^^^^^^^^^^^^^^^^^^^^^^^^^^^^^^
  File "C:\Users\omraj\AppData\Local\Programs\Python\Python312\Lib\site-packages\django\db\utils.py", line 91, in __exit__
    raise dj_exc_value.with_traceback(traceback) from exc_value
    ^^^^^^^^^^^^^^^^^^^^^^^^^^^^^^^^^^^^^^^^^^^^^^^^^^^^^^^^^^^
  File "C:\Users\omraj\AppData\Local\Programs\Python\Python312\Lib\site-packages\django\db\backends\utils.py", line 105, in _execute
    return self.cursor.execute(sql, params)
           ^^^^^^^^^^^^^^^^^^^^^^^^^^^^^^^^
  File "C:\Users\omraj\AppData\Local\Programs\Python\Python312\Lib\site-packages\django\db\backends\sqlite3\base.py", line 354, in execute
    return super().execute(query, params)
           ^^^^^^^^^^^^^^^^^^^^^^^^^^^^^^

Exception Type: IntegrityError at /api/admin/videos/
Exception Value: UNIQUE constraint failed: videos_video.youtube_id
</textarea>
  <br><br>
  <input type="submit" value="Share this traceback on a public website">
  </div>
</form>

</div>


<div id="requestinfo">
  <h2>Request information</h2>


  
    <h3 id="user-info">USER</h3>
    <p>admin</p>
  

  <h3 id="get-info">GET</h3>
  
    <p>No GET data</p>
  

  <h3 id="post-info">POST</h3>
  
    <p>No POST data</p>
  

  <h3 id="files-info">FILES</h3>
  
    <p>No FILES data</p>
  

  <h3 id="cookie-info">COOKIES</h3>
  
    <table class="req">
      <thead>
        <tr>
          <th scope="col">Variable</th>
          <th scope="col">Value</th>
        </tr>
      </thead>
      <tbody>
        
          <tr>
            <td>csrftoken</td>
            <td class="code"><pre>&#x27;********************&#x27;</pre></td>
          </tr>
        
          <tr>
            <td>sessionid</td>
            <td class="code"><pre>&#x27;********************&#x27;</pre></td>
          </tr>
        
      </tbody>
    </table>
  

  <h3 id="meta-info">META</h3>
  <table class="req">
    <thead>
      <tr>
        <th scope="col">Variable</th>
        <th scope="col">Value</th>
      </tr>
    </thead>
    <tbody>
      
        <tr>
          <td>ALLUSERSPROFILE</td>
          <td class="code"><pre>&#x27;C:\\ProgramData&#x27;</pre></td>
        </tr>
      
        <tr>
          <td>ANTIGRAVITY_AGENT</td>
          <td class="code"><pre>&#x27;1&#x27;</pre></td>
        </tr>
      
        <tr>
          <td>ANTIGRAVITY_CLI_ALIAS</td>
          <td class="code"><pre>&#x27;agy&#x27;</pre></td>
        </tr>
      
        <tr>
          <td>APPDATA</td>
          <td class="code"><pre>&#x27;C:\\Users\\omraj\\AppData\\Roaming&#x27;</pre></td>
        </tr>
      
        <tr>
          <td>BUNDLED_DEBUGPY_PATH</td>
          <td class="code"><pre>&#x27;c:\\Users\\omraj\\.antigravity\\extensions\\ms-python.debugpy-2025.18.0-win32-x64\\bundled\\libs\\debugpy&#x27;</pre></td>
        </tr>
      
        <tr>
          <td>CHOCOLATEYLASTPATHUPDATE</td>
          <td class="code"><pre>&#x27;133677319014378794&#x27;</pre></td>
        </tr>
      
        <tr>
          <td>CHROME_CRASHPAD_PIPE_NAME</td>
          <td class="code"><pre>&#x27;\\\\.\\pipe\\crashpad_26404_FXFGASXSRLXWASCS&#x27;</pre></td>
        </tr>
      
        <tr>
          <td>COLORTERM</td>
          <td class="code"><pre>&#x27;truecolor&#x27;</pre></td>
        </tr>
      
        <tr>
          <td>COMMONPROGRAMFILES</td>
          <td class="code"><pre>&#x27;C:\\Program Files\\Common Files&#x27;</pre></td>
        </tr>
      
        <tr>
          <td>COMMONPROGRAMFILES(X86)</td>
          <td class="code"><pre>&#x27;C:\\Program Files (x86)\\Common Files&#x27;</pre></td>
        </tr>
      
        <tr>
          <td>COMMONPROGRAMW6432</td>
          <td class="code"><pre>&#x27;C:\\Program Files\\Common Files&#x27;</pre></td>
        </tr>
      
        <tr>
          <td>COMPUTERNAME</td>
          <td class="code"><pre>&#x27;LAPTOP-AORSPMI4&#x27;</pre></td>
        </tr>
      
        <tr>
          <td>COMSPEC</td>
          <td class="code"><pre>&#x27;C:\\WINDOWS\\system32\\cmd.exe&#x27;</pre></td>
        </tr>
      
        <tr>
          <td>CONTENT_LENGTH</td>
          <td class="code"><pre>&#x27;97&#x27;</pre></td>
        </tr>
      
        <tr>
          <td>CONTENT_TYPE</td>
          <td class="code"><pre>&#x27;application/json&#x27;</pre></td>
        </tr>
      
        <tr>
          <td>CSRF_COOKIE</td>
          <td class="code"><pre>&#x27;ziQEUu5tOe5aBngAJAnxjr5vpxS8QcDF&#x27;</pre></td>
        </tr>
      
        <tr>
          <td>DJANGO_SETTINGS_MODULE</td>
          <td class="code"><pre>&#x27;backend.settings&#x27;</pre></td>
        </tr>
      
        <tr>
          <td>DRIVERDATA</td>
          <td class="code"><pre>&#x27;C:\\Windows\\System32\\Drivers\\DriverData&#x27;</pre></td>
        </tr>
      
        <tr>
          <td>EFC_18296_1262719628</td>
          <td class="code"><pre>&#x27;1&#x27;</pre></td>
        </tr>
      
        <tr>
          <td>EFC_18296_1592913036</td>
          <td class="code"><pre>&#x27;1&#x27;</pre></td>
        </tr>
      
        <tr>
          <td>EFC_18296_2283032206</td>
          <td class="code"><pre>&#x27;1&#x27;</pre></td>
        </tr>
      
        <tr>
          <td>EFC_18296_2775293581</td>
          <td class="code"><pre>&#x27;1&#x27;</pre></td>
        </tr>
      
        <tr>
          <td>EFC_18296_3789132940</td>
          <td class="code"><pre>&#x27;1&#x27;</pre></td>
        </tr>
      
        <tr>
          <td>GATEWAY_INTERFACE</td>
          <td class="code"><pre>&#x27;CGI/1.1&#x27;</pre></td>
        </tr>
      
        <tr>
          <td>GIT_ASKPASS</td>
          <td class="code"><pre>&#x27;********************&#x27;</pre></td>
        </tr>
      
        <tr>
          <td>HOMEDRIVE</td>
          <td class="code"><pre>&#x27;C:&#x27;</pre></td>
        </tr>
      
        <tr>
          <td>HOMEPATH</td>
          <td class="code"><pre>&#x27;\\Users\\omraj&#x27;</pre></td>
        </tr>
      
        <tr>
          <td>HTTP_ACCEPT</td>
          <td class="code"><pre>&#x27;*/*&#x27;</pre></td>
        </tr>
      
        <tr>
          <td>HTTP_ACCEPT_ENCODING</td>
          <td class="code"><pre>&#x27;gzip, deflate&#x27;</pre></td>
        </tr>
      
        <tr>
          <td>HTTP_CONNECTION</td>
          <td class="code"><pre>&#x27;keep-alive&#x27;</pre></td>
        </tr>
      
        <tr>
          <td>HTTP_COOKIE</td>
          <td class="code"><pre>&#x27;********************&#x27;</pre></td>
        </tr>
      
        <tr>
          <td>HTTP_HOST</td>
          <td class="code"><pre>&#x27;127.0.0.1:8000&#x27;</pre></td>
        </tr>
      
        <tr>
          <td>HTTP_USER_AGENT</td>
          <td class="code"><pre>&#x27;python-requests/2.32.3&#x27;</pre></td>
        </tr>
      
        <tr>
          <td>HTTP_X_CSRFTOKEN</td>
          <td class="code"><pre>&#x27;********************&#x27;</pre></td>
        </tr>
      
        <tr>
          <td>LANG</td>
          <td class="code"><pre>&#x27;en_US.UTF-8&#x27;</pre></td>
        </tr>
      
        <tr>
          <td>LOCALAPPDATA</td>
          <td class="code"><pre>&#x27;C:\\Users\\omraj\\AppData\\Local&#x27;</pre></td>
        </tr>
      
        <tr>
          <td>LOGONSERVER</td>
          <td class="code"><pre>&#x27;\\\\LAPTOP-AORSPMI4&#x27;</pre></td>
        </tr>
      
        <tr>
          <td>NUMBER_OF_PROCESSORS</td>
          <td class="code"><pre>&#x27;12&#x27;</pre></td>
        </tr>
      
        <tr>
          <td>ONEDRIVE</td>
          <td class="code"><pre>&#x27;C:\\Users\\omraj\\OneDrive&#x27;</pre></td>
        </tr>
      
        <tr>
          <td>ONEDRIVECONSUMER</td>
          <td class="code"><pre>&#x27;C:\\Users\\omraj\\OneDrive&#x27;</pre></td>
        </tr>
      
        <tr>
          <td>OPENAI_API_KEY</td>
          <td class="code"><pre>&#x27;********************&#x27;</pre></td>
        </tr>
      
        <tr>
          <td>OS</td>
          <td class="code"><pre>&#x27;Windows_NT&#x27;</pre></td>
        </tr>
      
        <tr>
          <td>PAGER</td>
          <td class="code"><pre>&#x27;cat&#x27;</pre></td>
        </tr>
      
        <tr>
          <td>PATH</td>
          <td class="code"><pre>(&#x27;C:\\WINDOWS\\system32;C:\\WINDOWS;C:\\WINDOWS\\System32\\Wbem;C:\\WINDOWS\\System32\\WindowsPowerShell\\v1.0\\;C:\\WINDOWS\\System32\\OpenSSH\\;C:\\ProgramData\\chocolatey\\bin;C:\\Program &#x27;
 &#x27;Files\\Git\\cmd;C:\\Program Files\\Git\\mingw64\\bin;C:\\Program &#x27;
 &#x27;Files\\Git\\usr\\bin;C:\\Program Files\\MySQL\\MySQL Server &#x27;
 &#x27;8.0\\bin;C:\\Program Files\\nodejs\\;C:\\xampp\\php;C:\\Program &#x27;
 &#x27;Files\\PuTTY\\;C:\\Program Files\\MySQL\\MySQL Shell &#x27;
 &#x27;8.0\\bin\\;C:\\Users\\omraj\\AppData\\Local\\Programs\\Python\\Python313\\Scripts\\;C:\\Users\\omraj\\AppData\\Local\\Programs\\Python\\Python313\\;C:\\Users\\omraj\\AppData\\Local\\Programs\\Python\\Python312\\Scripts\\;C:\\Users\\omraj\\AppData\\Local\\Programs\\Python\\Python312\\;C:\\Users\\omraj\\AppData\\Local\\Microsoft\\WindowsApps;C:\\Users\\omraj\\AppData\\Local\\Programs\\Microsoft &#x27;
 &#x27;VS &#x27;
 &#x27;Code\\bin;C:\\Users\\omraj\\AppData\\Local\\Microsoft\\WinGet\\Links;C:\\Users\\omraj\\AppData\\Roaming\\npm;C:\\Program &#x27;
 &#x27;Files\\JetBrains\\PyCharm Community Edition &#x27;
 &#x27;2024.3.1.1\\bin;;C:\\Users\\omraj\\AppData\\Roaming\\Composer\\vendor\\bin;C:\\Users\\omraj\\AppData\\Local\\Programs\\mongosh\\;C:\\Users\\omraj\\AppData\\Local\\Programs\\Warp\\bin;C:\\Users\\omraj\\AppData\\Local\\Programs\\Antigravity\\bin;c:\\Users\\omraj\\.antigravity\\extensions\\ms-python.debugpy-2025.18.0-win32-x64\\bundled\\scripts\\noConfigScripts&#x27;)</pre></td>
        </tr>
      
        <tr>
          <td>PATHEXT</td>
          <td class="code"><pre>&#x27;.COM;.EXE;.BAT;.CMD;.VBS;.VBE;.JS;.JSE;.WSF;.WSH;.MSC;.CPL&#x27;</pre></td>
        </tr>
      
        <tr>
          <td>PATH_INFO</td>
          <td class="code"><pre>&#x27;/api/admin/videos/&#x27;</pre></td>
        </tr>
      
        <tr>
          <td>PIP</td>
          <td class="code"><pre>&#x27;C:\\Users\\omraj\\AppData\\Local\\Programs\\Python\\Python313\\Scripts\\&#x27;</pre></td>
        </tr>
      
        <tr>
          <td>POWERSHELL_TELEMETRY_OPTOUT</td>
          <td class="code"><pre>&#x27;1&#x27;</pre></td>
        </tr>
      
        <tr>
          <td>PROCESSOR_ARCHITECTURE</td>
          <td class="code"><pre>&#x27;AMD64&#x27;</pre></td>
        </tr>
      
        <tr>
          <td>PROCESSOR_IDENTIFIER</td>
          <td class="code"><pre>&#x27;AMD64 Family 25 Model 80 Stepping 0, AuthenticAMD&#x27;</pre></td>
        </tr>
      
        <tr>
          <td>PROCESSOR_LEVEL</td>
          <td class="code"><pre>&#x27;25&#x27;</pre></td>
        </tr>
      
        <tr>
          <td>PROCESSOR_REVISION</td>
          <td class="code"><pre>&#x27;5000&#x27;</pre></td>
        </tr>
      
        <tr>
          <td>PROGRAMDATA</td>
          <td class="code"><pre>&#x27;C:\\ProgramData&#x27;</pre></td>
        </tr>
      
        <tr>
          <td>PROGRAMFILES</td>
          <td class="code"><pre>&#x27;C:\\Program Files&#x27;</pre></td>
        </tr>
      
        <tr>
          <td>PROGRAMFILES(X86)</td>
          <td class="code"><pre>&#x27;C:\\Program Files (x86)&#x27;</pre></td>
        </tr>
      
        <tr>
          <td>PROGRAMW6432</td>
          <td class="code"><pre>&#x27;C:\\Program Files&#x27;</pre></td>
        </tr>
      
        <tr>
          <td>PSMODULEPATH</td>
          <td class="code"><pre>(&#x27;C:\\Users\\omraj\\OneDrive\\Documents\\WindowsPowerShell\\Modules;C:\\Program &#x27;
 &#x27;Files\\WindowsPowerShell\\Modules;C:\\WINDOWS\\system32\\WindowsPowerShell\\v1.0\\Modules&#x27;)</pre></td>
        </tr>
      
        <tr>
          <td>PUBLIC</td>
          <td class="code"><pre>&#x27;C:\\Users\\Public&#x27;</pre></td>
        </tr>
      
        <tr>
          <td>PYCHARM COMMUNITY EDITION</td>
          <td class="code"><pre>&#x27;C:\\Program Files\\JetBrains\\PyCharm Community Edition 2024.3.1.1\\bin;&#x27;</pre></td>
        </tr>
      
        <tr>
          <td>PYDEVD_DISABLE_FILE_VALIDATION</td>
          <td class="code"><pre>&#x27;1&#x27;</pre></td>
        </tr>
      
        <tr>
          <td>PYTHON</td>
          <td class="code"><pre>&#x27;C:\\Users\\omraj\\AppData\\Local\\Programs\\Python\\Python313\\&#x27;</pre></td>
        </tr>
      
        <tr>
          <td>PYTHONSTARTUP</td>
          <td class="code"><pre>&#x27;c:\\Users\\omraj\\AppData\\Roaming\\Antigravity\\User\\workspaceStorage\\39e00a177b0fe48797a8bbf9bc7f0515\\ms-python.python\\pythonrc.py&#x27;</pre></td>
        </tr>
      
        <tr>
          <td>PYTHON_BASIC_REPL</td>
          <td class="code"><pre>&#x27;1&#x27;</pre></td>
        </tr>
      
        <tr>
          <td>QUERY_STRING</td>
          <td class="code"><pre>&#x27;&#x27;</pre></td>
        </tr>
      
        <tr>
          <td>REMOTE_ADDR</td>
          <td class="code"><pre>&#x27;127.0.0.1&#x27;</pre></td>
        </tr>
      
        <tr>
          <td>REMOTE_HOST</td>
          <td class="code"><pre>&#x27;&#x27;</pre></td>
        </tr>
      
        <tr>
          <td>REQUEST_METHOD</td>
          <td class="code"><pre>&#x27;POST&#x27;</pre></td>
        </tr>
      
        <tr>
          <td>RUN_MAIN</td>
          <td class="code"><pre>&#x27;true&#x27;</pre></td>
        </tr>
      
        <tr>
          <td>SCRIPT_NAME</td>
          <td class="code"><pre>&#x27;&#x27;</pre></td>
        </tr>
      
        <tr>
          <td>SERVER_NAME</td>
          <td class="code"><pre>&#x27;LAPTOP-AORSPMI4&#x27;</pre></td>
        </tr>
      
        <tr>
          <td>SERVER_PORT</td>
          <td class="code"><pre>&#x27;8000&#x27;</pre></td>
        </tr>
      
        <tr>
          <td>SERVER_PROTOCOL</td>
          <td class="code"><pre>&#x27;HTTP/1.1&#x27;</pre></td>
        </tr>
      
        <tr>
          <td>SERVER_SOFTWARE</td>
          <td class="code"><pre>&#x27;WSGIServer/0.2&#x27;</pre></td>
        </tr>
      
        <tr>
          <td>SESSIONNAME</td>
          <td class="code"><pre>&#x27;Console&#x27;</pre></td>
        </tr>
      
        <tr>
          <td>SYSTEMDRIVE</td>
          <td class="code"><pre>&#x27;C:&#x27;</pre></td>
        </tr>
      
        <tr>
          <td>SYSTEMROOT</td>
          <td class="code"><pre>&#x27;C:\\WINDOWS&#x27;</pre></td>
        </tr>
      
        <tr>
          <td>TEMP</td>
          <td class="code"><pre>&#x27;C:\\Users\\omraj\\AppData\\Local\\Temp&#x27;</pre></td>
        </tr>
      
        <tr>
          <td>TERM_PROGRAM</td>
          <td class="code"><pre>&#x27;vscode&#x27;</pre></td>
        </tr>
      
        <tr>
          <td>TERM_PROGRAM_VERSION</td>
          <td class="code"><pre>&#x27;1.107.0&#x27;</pre></td>
        </tr>
      
        <tr>
          <td>TMP</td>
          <td class="code"><pre>&#x27;C:\\Users\\omraj\\AppData\\Local\\Temp&#x27;</pre></td>
        </tr>
      
        <tr>
          <td>USERDOMAIN</td>
          <td class="code"><pre>&#x27;LAPTOP-AORSPMI4&#x27;</pre></td>
        </tr>
      
        <tr>
          <td>USERDOMAIN_ROAMINGPROFILE</td>
          <td class="code"><pre>&#x27;LAPTOP-AORSPMI4&#x27;</pre></td>
        </tr>
      
        <tr>
          <td>USERNAME</td>
          <td class="code"><pre>&#x27;omraj&#x27;</pre></td>
        </tr>
      
        <tr>
          <td>USERPROFILE</td>
          <td class="code"><pre>&#x27;C:\\Users\\omraj&#x27;</pre></td>
        </tr>
      
        <tr>
          <td>VSCODE_DEBUGPY_ADAPTER_ENDPOINTS</td>
          <td class="code"><pre>&#x27;c:\\Users\\omraj\\.antigravity\\extensions\\ms-python.debugpy-2025.18.0-win32-x64\\.noConfigDebugAdapterEndpoints\\endpoint-415930d5790cfffc.txt&#x27;</pre></td>
        </tr>
      
        <tr>
          <td>VSCODE_GIT_ASKPASS_EXTRA_ARGS</td>
          <td class="code"><pre>&#x27;********************&#x27;</pre></td>
        </tr>
      
        <tr>
          <td>VSCODE_GIT_ASKPASS_MAIN</td>
          <td class="code"><pre>&#x27;********************&#x27;</pre></td>
        </tr>
      
        <tr>
          <td>VSCODE_GIT_ASKPASS_NODE</td>
          <td class="code"><pre>&#x27;********************&#x27;</pre></td>
        </tr>
      
        <tr>
          <td>VSCODE_GIT_IPC_HANDLE</td>
          <td class="code"><pre>&#x27;\\\\.\\pipe\\vscode-git-423c02b4e9-sock&#x27;</pre></td>
        </tr>
      
        <tr>
          <td>VSCODE_INJECTION</td>
          <td class="code"><pre>&#x27;1&#x27;</pre></td>
        </tr>
      
        <tr>
          <td>VSCODE_PYTHON_AUTOACTIVATE_GUARD</td>
          <td class="code"><pre>&#x27;1&#x27;</pre></td>
        </tr>
      
        <tr>
          <td>WINDIR</td>
          <td class="code"><pre>&#x27;C:\\WINDOWS&#x27;</pre></td>
        </tr>
      
        <tr>
          <td>wsgi.errors</td>
          <td class="code"><pre>&lt;_io.TextIOWrapper name=&#x27;&lt;stderr&gt;&#x27; mode=&#x27;w&#x27; encoding=&#x27;utf-8&#x27;&gt;</pre></td>
        </tr>
      
        <tr>
          <td>wsgi.file_wrapper</td>
          <td class="code"><pre>&lt;class &#x27;wsgiref.util.FileWrapper&#x27;&gt;</pre></td>
        </tr>
      
        <tr>
          <td>wsgi.input</td>
          <td class="code"><pre>&lt;django.core.handlers.wsgi.LimitedStream object at 0x00000272C51AB2E0&gt;</pre></td>
        </tr>
      
        <tr>
          <td>wsgi.multiprocess</td>
          <td class="code"><pre>False</pre></td>
        </tr>
      
        <tr>
          <td>wsgi.multithread</td>
          <td class="code"><pre>True</pre></td>
        </tr>
      
        <tr>
          <td>wsgi.run_once</td>
          <td class="code"><pre>False</pre></td>
        </tr>
      
        <tr>
          <td>wsgi.url_scheme</td>
          <td class="code"><pre>&#x27;http&#x27;</pre></td>
        </tr>
      
        <tr>
          <td>wsgi.version</td>
          <td class="code"><pre>(1, 0)</pre></td>
        </tr>
      
    </tbody>
  </table>


  <h3 id="settings-info">Settings</h3>
  <h4>Using settings module <code>backend.settings</code></h4>
  <table class="req">
    <thead>
      <tr>
        <th scope="col">Setting</th>
        <th scope="col">Value</th>
      </tr>
    </thead>
    <tbody>
      
        <tr>
          <td>ABSOLUTE_URL_OVERRIDES</td>
          <td class="code"><pre>{}</pre></td>
        </tr>
      
        <tr>
          <td>ADMINS</td>
          <td class="code"><pre>[]</pre></td>
        </tr>
      
        <tr>
          <td>ALLOWED_HOSTS</td>
          <td class="code"><pre>[&#x27;*&#x27;]</pre></td>
        </tr>
      
        <tr>
          <td>APPEND_SLASH</td>
          <td class="code"><pre>True</pre></td>
        </tr>
      
        <tr>
          <td>AUTHENTICATION_BACKENDS</td>
          <td class="code"><pre>[&#x27;django.contrib.auth.backends.ModelBackend&#x27;]</pre></td>
        </tr>
      
        <tr>
          <td>AUTH_PASSWORD_VALIDATORS</td>
          <td class="code"><pre>&#x27;********************&#x27;</pre></td>
        </tr>
      
        <tr>
          <td>AUTH_USER_MODEL</td>
          <td class="code"><pre>&#x27;auth.User&#x27;</pre></td>
        </tr>
      
        <tr>
          <td>BASE_DIR</td>
          <td class="code"><pre>WindowsPath(&#x27;C:/Users/omraj/OneDrive/Desktop/ConceptsIn5/backend&#x27;)</pre></td>
        </tr>
      
        <tr>
          <td>CACHES</td>
          <td class="code"><pre>{&#x27;default&#x27;: {&#x27;BACKEND&#x27;: &#x27;django.core.cache.backends.locmem.LocMemCache&#x27;}}</pre></td>
        </tr>
      
        <tr>
          <td>CACHE_MIDDLEWARE_ALIAS</td>
          <td class="code"><pre>&#x27;default&#x27;</pre></td>
        </tr>
      
        <tr>
          <td>CACHE_MIDDLEWARE_KEY_PREFIX</td>
          <td class="code"><pre>&#x27;********************&#x27;</pre></td>
        </tr>
      
        <tr>
          <td>CACHE_MIDDLEWARE_SECONDS</td>
          <td class="code"><pre>600</pre></td>
        </tr>
      
        <tr>
          <td>CORS_ALLOW_ALL_ORIGINS</td>
          <td class="code"><pre>True</pre></td>
        </tr>
      
        <tr>
          <td>CORS_ALLOW_CREDENTIALS</td>
          <td class="code"><pre>True</pre></td>
        </tr>
      
        <tr>
          <td>CSRF_COOKIE_AGE</td>
          <td class="code"><pre>31449600</pre></td>
        </tr>
      
        <tr>
          <td>CSRF_COOKIE_DOMAIN</td>
          <td class="code"><pre>None</pre></td>
        </tr>
      
        <tr>
          <td>CSRF_COOKIE_HTTPONLY</td>
          <td class="code"><pre>False</pre></td>
        </tr>
      
        <tr>
          <td>CSRF_COOKIE_NAME</td>
          <td class="code"><pre>&#x27;csrftoken&#x27;</pre></td>
        </tr>
      
        <tr>
          <td>CSRF_COOKIE_PATH</td>
          <td class="code"><pre>&#x27;/&#x27;</pre></td>
        </tr>
      
        <tr>
          <td>CSRF_COOKIE_SAMESITE</td>
          <td class="code"><pre>&#x27;Lax&#x27;</pre></td>
        </tr>
      
        <tr>
          <td>CSRF_COOKIE_SECURE</td>
          <td class="code"><pre>False</pre></td>
        </tr>
      
        <tr>
          <td>CSRF_FAILURE_VIEW</td>
          <td class="code"><pre>&#x27;django.views.csrf.csrf_failure&#x27;</pre></td>
        </tr>
      
        <tr>
          <td>CSRF_HEADER_NAME</td>
          <td class="code"><pre>&#x27;HTTP_X_CSRFTOKEN&#x27;</pre></td>
        </tr>
      
        <tr>
          <td>CSRF_TRUSTED_ORIGINS</td>
          <td class="code"><pre>[&#x27;http://localhost:5173&#x27;,
 &#x27;http://127.0.0.1:5173&#x27;,
 &#x27;http://localhost:5174&#x27;,
 &#x27;http://127.0.0.1:5174&#x27;]</pre></td>
        </tr>
      
        <tr>
          <td>CSRF_USE_SESSIONS</td>
          <td class="code"><pre>False</pre></td>
        </tr>
      
        <tr>
          <td>DATABASES</td>
          <td class="code"><pre>{&#x27;default&#x27;: {&#x27;ATOMIC_REQUESTS&#x27;: False,
             &#x27;AUTOCOMMIT&#x27;: True,
             &#x27;CONN_HEALTH_CHECKS&#x27;: False,
             &#x27;CONN_MAX_AGE&#x27;: 0,
             &#x27;ENGINE&#x27;: &#x27;django.db.backends.sqlite3&#x27;,
             &#x27;HOST&#x27;: &#x27;&#x27;,
             &#x27;NAME&#x27;: WindowsPath(&#x27;C:/Users/omraj/OneDrive/Desktop/ConceptsIn5/backend/db.sqlite3&#x27;),
             &#x27;OPTIONS&#x27;: {},
             &#x27;PASSWORD&#x27;: &#x27;********************&#x27;,
             &#x27;PORT&#x27;: &#x27;&#x27;,
             &#x27;TEST&#x27;: {&#x27;CHARSET&#x27;: None,
                      &#x27;COLLATION&#x27;: None,
                      &#x27;MIGRATE&#x27;: True,
                      &#x27;MIRROR&#x27;: None,
                      &#x27;NAME&#x27;: None},
             &#x27;TIME_ZONE&#x27;: None,
             &#x27;USER&#x27;: &#x27;&#x27;}}</pre></td>
        </tr>
      
        <tr>
          <td>DATABASE_ROUTERS</td>
          <td class="code"><pre>[]</pre></td>
        </tr>
      
        <tr>
          <td>DATA_UPLOAD_MAX_MEMORY_SIZE</td>
          <td class="code"><pre>2621440</pre></td>
        </tr>
      
        <tr>
          <td>DATA_UPLOAD_MAX_NUMBER_FIELDS</td>
          <td class="code"><pre>1000</pre></td>
        </tr>
      
        <tr>
          <td>DATA_UPLOAD_MAX_NUMBER_FILES</td>
          <td class="code"><pre>100</pre></td>
        </tr>
      
        <tr>
          <td>DATETIME_FORMAT</td>
          <td class="code"><pre>&#x27;N j, Y, P&#x27;</pre></td>
        </tr>
      
        <tr>
          <td>DATETIME_INPUT_FORMATS</td>
          <td class="code"><pre>[&#x27;%Y-%m-%d %H:%M:%S&#x27;,
 &#x27;%Y-%m-%d %H:%M:%S.%f&#x27;,
 &#x27;%Y-%m-%d %H:%M&#x27;,
 &#x27;%m/%d/%Y %H:%M:%S&#x27;,
 &#x27;%m/%d/%Y %H:%M:%S.%f&#x27;,
 &#x27;%m/%d/%Y %H:%M&#x27;,
 &#x27;%m/%d/%y %H:%M:%S&#x27;,
 &#x27;%m/%d/%y %H:%M:%S.%f&#x27;,
 &#x27;%m/%d/%y %H:%M&#x27;]</pre></td>
        </tr>
      
        <tr>
          <td>DATE_FORMAT</td>
          <td class="code"><pre>&#x27;N j, Y&#x27;</pre></td>
        </tr>
      
        <tr>
          <td>DATE_INPUT_FORMATS</td>
          <td class="code"><pre>[&#x27;%Y-%m-%d&#x27;,
 &#x27;%m/%d/%Y&#x27;,
 &#x27;%m/%d/%y&#x27;,
 &#x27;%b %d %Y&#x27;,
 &#x27;%b %d, %Y&#x27;,
 &#x27;%d %b %Y&#x27;,
 &#x27;%d %b, %Y&#x27;,
 &#x27;%B %d %Y&#x27;,
 &#x27;%B %d, %Y&#x27;,
 &#x27;%d %B %Y&#x27;,
 &#x27;%d %B, %Y&#x27;]</pre></td>
        </tr>
      
        <tr>
          <td>DEBUG</td>
          <td class="code"><pre>True</pre></td>
        </tr>
      
        <tr>
          <td>DEBUG_PROPAGATE_EXCEPTIONS</td>
          <td class="code"><pre>False</pre></td>
        </tr>
      
        <tr>
          <td>DECIMAL_SEPARATOR</td>
          <td class="code"><pre>&#x27;.&#x27;</pre></td>
        </tr>
      
        <tr>
          <td>DEFAULT_AUTO_FIELD</td>
          <td class="code"><pre>&#x27;django.db.models.BigAutoField&#x27;</pre></td>
        </tr>
      
        <tr>
          <td>DEFAULT_CHARSET</td>
          <td class="code"><pre>&#x27;utf-8&#x27;</pre></td>
        </tr>
      
        <tr>
          <td>DEFAULT_EXCEPTION_REPORTER</td>
          <td class="code"><pre>&#x27;django.views.debug.ExceptionReporter&#x27;</pre></td>
        </tr>
      
        <tr>
          <td>DEFAULT_EXCEPTION_REPORTER_FILTER</td>
          <td class="code"><pre>&#x27;django.views.debug.SafeExceptionReporterFilter&#x27;</pre></td>
        </tr>
      
        <tr>
          <td>DEFAULT_FROM_EMAIL</td>
          <td class="code"><pre>&#x27;webmaster@localhost&#x27;</pre></td>
        </tr>
      
        <tr>
          <td>DEFAULT_INDEX_TABLESPACE</td>
          <td class="code"><pre>&#x27;&#x27;</pre></td>
        </tr>
      
        <tr>
          <td>DEFAULT_TABLESPACE</td>
          <td class="code"><pre>&#x27;&#x27;</pre></td>
        </tr>
      
        <tr>
          <td>DISALLOWED_USER_AGENTS</td>
          <td class="code"><pre>[]</pre></td>
        </tr>
      
        <tr>
          <td>EMAIL_BACKEND</td>
          <td class="code"><pre>&#x27;django.core.mail.backends.smtp.EmailBackend&#x27;</pre></td>
        </tr>
      
        <tr>
          <td>EMAIL_HOST</td>
          <td class="code"><pre>&#x27;localhost&#x27;</pre></td>
        </tr>
      
        <tr>
          <td>EMAIL_HOST_PASSWORD</td>
          <td class="code"><pre>&#x27;********************&#x27;</pre></td>
        </tr>
      
        <tr>
          <td>EMAIL_HOST_USER</td>
          <td class="code"><pre>&#x27;&#x27;</pre></td>
        </tr>
      
        <tr>
          <td>EMAIL_PORT</td>
          <td class="code"><pre>25</pre></td>
        </tr>
      
        <tr>
          <td>EMAIL_SSL_CERTFILE</td>
          <td class="code"><pre>None</pre></td>
        </tr>
      
        <tr>
          <td>EMAIL_SSL_KEYFILE</td>
          <td class="code"><pre>&#x27;********************&#x27;</pre></td>
        </tr>
      
        <tr>
          <td>EMAIL_SUBJECT_PREFIX</td>
          <td class="code"><pre>&#x27;[Django] &#x27;</pre></td>
        </tr>
      
        <tr>
          <td>EMAIL_TIMEOUT</td>
          <td class="code"><pre>None</pre></td>
        </tr>
      
        <tr>
          <td>EMAIL_USE_LOCALTIME</td>
          <td class="code"><pre>False</pre></td>
        </tr>
      
        <tr>
          <td>EMAIL_USE_SSL</td>
          <td class="code"><pre>False</pre></td>
        </tr>
      
        <tr>
          <td>EMAIL_USE_TLS</td>
          <td class="code"><pre>False</pre></td>
        </tr>
      
        <tr>
          <td>FILE_UPLOAD_DIRECTORY_PERMISSIONS</td>
          <td class="code"><pre>None</pre></td>
        </tr>
      
        <tr>
          <td>FILE_UPLOAD_HANDLERS</td>
          <td class="code"><pre>[&#x27;django.core.files.uploadhandler.MemoryFileUploadHandler&#x27;,
 &#x27;django.core.files.uploadhandler.TemporaryFileUploadHandler&#x27;]</pre></td>
        </tr>
      
        <tr>
          <td>FILE_UPLOAD_MAX_MEMORY_SIZE</td>
          <td class="code"><pre>2621440</pre></td>
        </tr>
      
        <tr>
          <td>FILE_UPLOAD_PERMISSIONS</td>
          <td class="code"><pre>420</pre></td>
        </tr>
      
        <tr>
          <td>FILE_UPLOAD_TEMP_DIR</td>
          <td class="code"><pre>None</pre></td>
        </tr>
      
        <tr>
          <td>FIRST_DAY_OF_WEEK</td>
          <td class="code"><pre>0</pre></td>
        </tr>
      
        <tr>
          <td>FIXTURE_DIRS</td>
          <td class="code"><pre>[]</pre></td>
        </tr>
      
        <tr>
          <td>FORCE_SCRIPT_NAME</td>
          <td class="code"><pre>None</pre></td>
        </tr>
      
        <tr>
          <td>FORMAT_MODULE_PATH</td>
          <td class="code"><pre>None</pre></td>
        </tr>
      
        <tr>
          <td>FORMS_URLFIELD_ASSUME_HTTPS</td>
          <td class="code"><pre>False</pre></td>
        </tr>
      
        <tr>
          <td>FORM_RENDERER</td>
          <td class="code"><pre>&#x27;django.forms.renderers.DjangoTemplates&#x27;</pre></td>
        </tr>
      
        <tr>
          <td>IGNORABLE_404_URLS</td>
          <td class="code"><pre>[]</pre></td>
        </tr>
      
        <tr>
          <td>INSTALLED_APPS</td>
          <td class="code"><pre>[&#x27;django.contrib.admin&#x27;,
 &#x27;django.contrib.auth&#x27;,
 &#x27;django.contrib.contenttypes&#x27;,
 &#x27;django.contrib.sessions&#x27;,
 &#x27;django.contrib.messages&#x27;,
 &#x27;django.contrib.staticfiles&#x27;,
 &#x27;rest_framework&#x27;,
 &#x27;corsheaders&#x27;,
 &#x27;videos&#x27;]</pre></td>
        </tr>
      
        <tr>
          <td>INTERNAL_IPS</td>
          <td class="code"><pre>[]</pre></td>
        </tr>
      
        <tr>
          <td>LANGUAGES</td>
          <td class="code"><pre>[(&#x27;af&#x27;, &#x27;Afrikaans&#x27;),
 (&#x27;ar&#x27;, &#x27;Arabic&#x27;),
 (&#x27;ar-dz&#x27;, &#x27;Algerian Arabic&#x27;),
 (&#x27;ast&#x27;, &#x27;Asturian&#x27;),
 (&#x27;az&#x27;, &#x27;Azerbaijani&#x27;),
 (&#x27;bg&#x27;, &#x27;Bulgarian&#x27;),
 (&#x27;be&#x27;, &#x27;Belarusian&#x27;),
 (&#x27;bn&#x27;, &#x27;Bengali&#x27;),
 (&#x27;br&#x27;, &#x27;Breton&#x27;),
 (&#x27;bs&#x27;, &#x27;Bosnian&#x27;),
 (&#x27;ca&#x27;, &#x27;Catalan&#x27;),
 (&#x27;ckb&#x27;, &#x27;Central Kurdish (Sorani)&#x27;),
 (&#x27;cs&#x27;, &#x27;Czech&#x27;),
 (&#x27;cy&#x27;, &#x27;Welsh&#x27;),
 (&#x27;da&#x27;, &#x27;Danish&#x27;),
 (&#x27;de&#x27;, &#x27;German&#x27;),
 (&#x27;dsb&#x27;, &#x27;Lower Sorbian&#x27;),
 (&#x27;el&#x27;, &#x27;Greek&#x27;),
 (&#x27;en&#x27;, &#x27;English&#x27;),
 (&#x27;en-au&#x27;, &#x27;Australian English&#x27;),
 (&#x27;en-gb&#x27;, &#x27;British English&#x27;),
 (&#x27;eo&#x27;, &#x27;Esperanto&#x27;),
 (&#x27;es&#x27;, &#x27;Spanish&#x27;),
 (&#x27;es-ar&#x27;, &#x27;Argentinian Spanish&#x27;),
 (&#x27;es-co&#x27;, &#x27;Colombian Spanish&#x27;),
 (&#x27;es-mx&#x27;, &#x27;Mexican Spanish&#x27;),
 (&#x27;es-ni&#x27;, &#x27;Nicaraguan Spanish&#x27;),
 (&#x27;es-ve&#x27;, &#x27;Venezuelan Spanish&#x27;),
 (&#x27;et&#x27;, &#x27;Estonian&#x27;),
 (&#x27;eu&#x27;, &#x27;Basque&#x27;),
 (&#x27;fa&#x27;, &#x27;Persian&#x27;),
 (&#x27;fi&#x27;, &#x27;Finnish&#x27;),
 (&#x27;fr&#x27;, &#x27;French&#x27;),
 (&#x27;fy&#x27;, &#x27;Frisian&#x27;),
 (&#x27;ga&#x27;, &#x27;Irish&#x27;),
 (&#x27;gd&#x27;, &#x27;Scottish Gaelic&#x27;),
 (&#x27;gl&#x27;, &#x27;Galician&#x27;),
 (&#x27;he&#x27;, &#x27;Hebrew&#x27;),
 (&#x27;hi&#x27;, &#x27;Hindi&#x27;),
 (&#x27;hr&#x27;, &#x27;Croatian&#x27;),
 (&#x27;hsb&#x27;, &#x27;Upper Sorbian&#x27;),
 (&#x27;hu&#x27;, &#x27;Hungarian&#x27;),
 (&#x27;hy&#x27;, &#x27;Armenian&#x27;),
 (&#x27;ia&#x27;, &#x27;Interlingua&#x27;),
 (&#x27;id&#x27;, &#x27;Indonesian&#x27;),
 (&#x27;ig&#x27;, &#x27;Igbo&#x27;),
 (&#x27;io&#x27;, &#x27;Ido&#x27;),
 (&#x27;is&#x27;, &#x27;Icelandic&#x27;),
 (&#x27;it&#x27;, &#x27;Italian&#x27;),
 (&#x27;ja&#x27;, &#x27;Japanese&#x27;),
 (&#x27;ka&#x27;, &#x27;Georgian&#x27;),
 (&#x27;kab&#x27;, &#x27;Kabyle&#x27;),
 (&#x27;kk&#x27;, &#x27;Kazakh&#x27;),
 (&#x27;km&#x27;, &#x27;Khmer&#x27;),
 (&#x27;kn&#x27;, &#x27;Kannada&#x27;),
 (&#x27;ko&#x27;, &#x27;Korean&#x27;),
 (&#x27;ky&#x27;, &#x27;Kyrgyz&#x27;),
 (&#x27;lb&#x27;, &#x27;Luxembourgish&#x27;),
 (&#x27;lt&#x27;, &#x27;Lithuanian&#x27;),
 (&#x27;lv&#x27;, &#x27;Latvian&#x27;),
 (&#x27;mk&#x27;, &#x27;Macedonian&#x27;),
 (&#x27;ml&#x27;, &#x27;Malayalam&#x27;),
 (&#x27;mn&#x27;, &#x27;Mongolian&#x27;),
 (&#x27;mr&#x27;, &#x27;Marathi&#x27;),
 (&#x27;ms&#x27;, &#x27;Malay&#x27;),
 (&#x27;my&#x27;, &#x27;Burmese&#x27;),
 (&#x27;nb&#x27;, &#x27;Norwegian Bokmσl&#x27;),
 (&#x27;ne&#x27;, &#x27;Nepali&#x27;),
 (&#x27;nl&#x27;, &#x27;Dutch&#x27;),
 (&#x27;nn&#x27;, &#x27;Norwegian Nynorsk&#x27;),
 (&#x27;os&#x27;, &#x27;Ossetic&#x27;),
 (&#x27;pa&#x27;, &#x27;Punjabi&#x27;),
 (&#x27;pl&#x27;, &#x27;Polish&#x27;),
 (&#x27;pt&#x27;, &#x27;Portuguese&#x27;),
 (&#x27;pt-br&#x27;, &#x27;Brazilian Portuguese&#x27;),
 (&#x27;ro&#x27;, &#x27;Romanian&#x27;),
 (&#x27;ru&#x27;, &#x27;Russian&#x27;),
 (&#x27;sk&#x27;, &#x27;Slovak&#x27;),
 (&#x27;sl&#x27;, &#x27;Slovenian&#x27;),
 (&#x27;sq&#x27;, &#x27;Albanian&#x27;),
 (&#x27;sr&#x27;, &#x27;Serbian&#x27;),
 (&#x27;sr-latn&#x27;, &#x27;Serbian Latin&#x27;),
 (&#x27;sv&#x27;, &#x27;Swedish&#x27;),
 (&#x27;sw&#x27;, &#x27;Swahili&#x27;),
 (&#x27;ta&#x27;, &#x27;Tamil&#x27;),
 (&#x27;te&#x27;, &#x27;Telugu&#x27;),
 (&#x27;tg&#x27;, &#x27;Tajik&#x27;),
 (&#x27;th&#x27;, &#x27;Thai&#x27;),
 (&#x27;tk&#x27;, &#x27;Turkmen&#x27;),
 (&#x27;tr&#x27;, &#x27;Turkish&#x27;),
 (&#x27;tt&#x27;, &#x27;Tatar&#x27;),
 (&#x27;udm&#x27;, &#x27;Udmurt&#x27;),
 (&#x27;ug&#x27;, &#x27;Uyghur&#x27;),
 (&#x27;uk&#x27;, &#x27;Ukrainian&#x27;),
 (&#x27;ur&#x27;, &#x27;Urdu&#x27;),
 (&#x27;uz&#x27;, &#x27;Uzbek&#x27;),
 (&#x27;vi&#x27;, &#x27;Vietnamese&#x27;),
 (&#x27;zh-hans&#x27;, &#x27;Simplified Chinese&#x27;),
 (&#x27;zh-hant&#x27;, &#x27;Traditional Chinese&#x27;)]</pre></td>
        </tr>
      
        <tr>
          <td>LANGUAGES_BIDI</td>
          <td class="code"><pre>[&#x27;he&#x27;, &#x27;ar&#x27;, &#x27;ar-dz&#x27;, &#x27;ckb&#x27;, &#x27;fa&#x27;, &#x27;ug&#x27;, &#x27;ur&#x27;]</pre></td>
        </tr>
      
        <tr>
          <td>LANGUAGE_CODE</td>
          <td class="code"><pre>&#x27;en-us&#x27;</pre></td>
        </tr>
      
        <tr>
          <td>LANGUAGE_COOKIE_AGE</td>
          <td class="code"><pre>None</pre></td>
        </tr>
      
        <tr>
          <td>LANGUAGE_COOKIE_DOMAIN</td>
          <td class="code"><pre>None</pre></td>
        </tr>
      
        <tr>
          <td>LANGUAGE_COOKIE_HTTPONLY</td>
          <td class="code"><pre>False</pre></td>
        </tr>
      
        <tr>
          <td>LANGUAGE_COOKIE_NAME</td>
          <td class="code"><pre>&#x27;django_language&#x27;</pre></td>
        </tr>
      
        <tr>
          <td>LANGUAGE_COOKIE_PATH</td>
          <td class="code"><pre>&#x27;/&#x27;</pre></td>
        </tr>
      
        <tr>
          <td>LANGUAGE_COOKIE_SAMESITE</td>
          <td class="code"><pre>None</pre></td>
        </tr>
      
        <tr>
          <td>LANGUAGE_COOKIE_SECURE</td>
          <td class="code"><pre>False</pre></td>
        </tr>
      
        <tr>
          <td>LOCALE_PATHS</td>
          <td class="code"><pre>[]</pre></td>
        </tr>
      
        <tr>
          <td>LOGGING</td>
          <td class="code"><pre>{}</pre></td>
        </tr>
      
        <tr>
          <td>LOGGING_CONFIG</td>
          <td class="code"><pre>&#x27;logging.config.dictConfig&#x27;</pre></td>
        </tr>
      
        <tr>
          <td>LOGIN_REDIRECT_URL</td>
          <td class="code"><pre>&#x27;/accounts/profile/&#x27;</pre></td>
        </tr>
      
        <tr>
          <td>LOGIN_URL</td>
          <td class="code"><pre>&#x27;/accounts/login/&#x27;</pre></td>
        </tr>
      
        <tr>
          <td>LOGOUT_REDIRECT_URL</td>
          <td class="code"><pre>None</pre></td>
        </tr>
      
        <tr>
          <td>MANAGERS</td>
          <td class="code"><pre>[]</pre></td>
        </tr>
      
        <tr>
          <td>MEDIA_ROOT</td>
          <td class="code"><pre>WindowsPath(&#x27;C:/Users/omraj/OneDrive/Desktop/ConceptsIn5/backend/media&#x27;)</pre></td>
        </tr>
      
        <tr>
          <td>MEDIA_URL</td>
          <td class="code"><pre>&#x27;/media/&#x27;</pre></td>
        </tr>
      
        <tr>
          <td>MESSAGE_STORAGE</td>
          <td class="code"><pre>&#x27;django.contrib.messages.storage.fallback.FallbackStorage&#x27;</pre></td>
        </tr>
      
        <tr>
          <td>MIDDLEWARE</td>
          <td class="code"><pre>[&#x27;django.middleware.security.SecurityMiddleware&#x27;,
 &#x27;django.contrib.sessions.middleware.SessionMiddleware&#x27;,
 &#x27;corsheaders.middleware.CorsMiddleware&#x27;,
 &#x27;django.middleware.common.CommonMiddleware&#x27;,
 &#x27;django.middleware.csrf.CsrfViewMiddleware&#x27;,
 &#x27;django.contrib.auth.middleware.AuthenticationMiddleware&#x27;,
 &#x27;django.contrib.messages.middleware.MessageMiddleware&#x27;,
 &#x27;django.middleware.clickjacking.XFrameOptionsMiddleware&#x27;]</pre></td>
        </tr>
      
        <tr>
          <td>MIGRATION_MODULES</td>
          <td class="code"><pre>{}</pre></td>
        </tr>
      
        <tr>
          <td>MONTH_DAY_FORMAT</td>
          <td class="code"><pre>&#x27;F j&#x27;</pre></td>
        </tr>
      
        <tr>
          <td>NUMBER_GROUPING</td>
          <td class="code"><pre>0</pre></td>
        </tr>
      
        <tr>
          <td>PASSWORD_HASHERS</td>
          <td class="code"><pre>&#x27;********************&#x27;</pre></td>
        </tr>
      
        <tr>
          <td>PASSWORD_RESET_TIMEOUT</td>
          <td class="code"><pre>&#x27;********************&#x27;</pre></td>
        </tr>
      
        <tr>
          <td>PREPEND_WWW</td>
          <td class="code"><pre>False</pre></td>
        </tr>
      
        <tr>
          <td>REST_FRAMEWORK</td>
          <td class="code"><pre>{&#x27;DEFAULT_AUTHENTICATION_CLASSES&#x27;: [&#x27;rest_framework.authentication.SessionAuthentication&#x27;],
 &#x27;DEFAULT_FILTER_BACKENDS&#x27;: [&#x27;django_filters.rest_framework.DjangoFilterBackend&#x27;],
 &#x27;DEFAULT_PAGINATION_CLASS&#x27;: &#x27;rest_framework.pagination.PageNumberPagination&#x27;,
 &#x27;DEFAULT_PERMISSION_CLASSES&#x27;: [&#x27;rest_framework.permissions.AllowAny&#x27;],
 &#x27;PAGE_SIZE&#x27;: 10}</pre></td>
        </tr>
      
        <tr>
          <td>ROOT_URLCONF</td>
          <td class="code"><pre>&#x27;backend.urls&#x27;</pre></td>
        </tr>
      
        <tr>
          <td>SECRET_KEY</td>
          <td class="code"><pre>&#x27;********************&#x27;</pre></td>
        </tr>
      
        <tr>
          <td>SECRET_KEY_FALLBACKS</td>
          <td class="code"><pre>&#x27;********************&#x27;</pre></td>
        </tr>
      
        <tr>
          <td>SECURE_CONTENT_TYPE_NOSNIFF</td>
          <td class="code"><pre>True</pre></td>
        </tr>
      
        <tr>
          <td>SECURE_CROSS_ORIGIN_OPENER_POLICY</td>
          <td class="code"><pre>&#x27;same-origin&#x27;</pre></td>
        </tr>
      
        <tr>
          <td>SECURE_HSTS_INCLUDE_SUBDOMAINS</td>
          <td class="code"><pre>False</pre></td>
        </tr>
      
        <tr>
          <td>SECURE_HSTS_PRELOAD</td>
          <td class="code"><pre>False</pre></td>
        </tr>
      
        <tr>
          <td>SECURE_HSTS_SECONDS</td>
          <td class="code"><pre>0</pre></td>
        </tr>
      
        <tr>
          <td>SECURE_PROXY_SSL_HEADER</td>
          <td class="code"><pre>None</pre></td>
        </tr>
      
        <tr>
          <td>SECURE_REDIRECT_EXEMPT</td>
          <td class="code"><pre>[]</pre></td>
        </tr>
      
        <tr>
          <td>SECURE_REFERRER_POLICY</td>
          <td class="code"><pre>&#x27;same-origin&#x27;</pre></td>
        </tr>
      
        <tr>
          <td>SECURE_SSL_HOST</td>
          <td class="code"><pre>None</pre></td>
        </tr>
      
        <tr>
          <td>SECURE_SSL_REDIRECT</td>
          <td class="code"><pre>False</pre></td>
        </tr>
      
        <tr>
          <td>SERVER_EMAIL</td>
          <td class="code"><pre>&#x27;root@localhost&#x27;</pre></td>
        </tr>
      
        <tr>
          <td>SESSION_CACHE_ALIAS</td>
          <td class="code"><pre>&#x27;default&#x27;</pre></td>
        </tr>
      
        <tr>
          <td>SESSION_COOKIE_AGE</td>
          <td class="code"><pre>1209600</pre></td>
        </tr>
      
        <tr>
          <td>SESSION_COOKIE_DOMAIN</td>
          <td class="code"><pre>None</pre></td>
        </tr>
      
        <tr>
          <td>SESSION_COOKIE_HTTPONLY</td>
          <td class="code"><pre>True</pre></td>
        </tr>
      
        <tr>
          <td>SESSION_COOKIE_NAME</td>
          <td class="code"><pre>&#x27;sessionid&#x27;</pre></td>
        </tr>
      
        <tr>
          <td>SESSION_COOKIE_PATH</td>
          <td class="code"><pre>&#x27;/&#x27;</pre></td>
        </tr>
      
        <tr>
          <td>SESSION_COOKIE_SAMESITE</td>
          <td class="code"><pre>&#x27;Lax&#x27;</pre></td>
        </tr>
      
        <tr>
          <td>SESSION_COOKIE_SECURE</td>
          <td class="code"><pre>False</pre></td>
        </tr>
      
        <tr>
          <td>SESSION_ENGINE</td>
          <td class="code"><pre>&#x27;django.contrib.sessions.backends.db&#x27;</pre></td>
        </tr>
      
        <tr>
          <td>SESSION_EXPIRE_AT_BROWSER_CLOSE</td>
          <td class="code"><pre>False</pre></td>
        </tr>
      
        <tr>
          <td>SESSION_FILE_PATH</td>
          <td class="code"><pre>None</pre></td>
        </tr>
      
        <tr>
          <td>SESSION_SAVE_EVERY_REQUEST</td>
          <td class="code"><pre>False</pre></td>
        </tr>
      
        <tr>
          <td>SESSION_SERIALIZER</td>
          <td class="code"><pre>&#x27;django.contrib.sessions.serializers.JSONSerializer&#x27;</pre></td>
        </tr>
      
        <tr>
          <td>SETTINGS_MODULE</td>
          <td class="code"><pre>&#x27;backend.settings&#x27;</pre></td>
        </tr>
      
        <tr>
          <td>SHORT_DATETIME_FORMAT</td>
          <td class="code"><pre>&#x27;m/d/Y P&#x27;</pre></td>
        </tr>
      
        <tr>
          <td>SHORT_DATE_FORMAT</td>
          <td class="code"><pre>&#x27;m/d/Y&#x27;</pre></td>
        </tr>
      
        <tr>
          <td>SIGNING_BACKEND</td>
          <td class="code"><pre>&#x27;django.core.signing.TimestampSigner&#x27;</pre></td>
        </tr>
      
        <tr>
          <td>SILENCED_SYSTEM_CHECKS</td>
          <td class="code"><pre>[]</pre></td>
        </tr>
      
        <tr>
          <td>STATICFILES_DIRS</td>
          <td class="code"><pre>[]</pre></td>
        </tr>
      
        <tr>
          <td>STATICFILES_FINDERS</td>
          <td class="code"><pre>[&#x27;django.contrib.staticfiles.finders.FileSystemFinder&#x27;,
 &#x27;django.contrib.staticfiles.finders.AppDirectoriesFinder&#x27;]</pre></td>
        </tr>
      
        <tr>
          <td>STATIC_ROOT</td>
          <td class="code"><pre>None</pre></td>
        </tr>
      
        <tr>
          <td>STATIC_URL</td>
          <td class="code"><pre>&#x27;/static/&#x27;</pre></td>
        </tr>
      
        <tr>
          <td>STORAGES</td>
          <td class="code"><pre>{&#x27;default&#x27;: {&#x27;BACKEND&#x27;: &#x27;django.core.files.storage.FileSystemStorage&#x27;},
 &#x27;staticfiles&#x27;: {&#x27;BACKEND&#x27;: &#x27;django.contrib.staticfiles.storage.StaticFilesStorage&#x27;}}</pre></td>
        </tr>
      
        <tr>
          <td>TEMPLATES</td>
          <td class="code"><pre>[{&#x27;APP_DIRS&#x27;: True,
  &#x27;BACKEND&#x27;: &#x27;django.template.backends.django.DjangoTemplates&#x27;,
  &#x27;DIRS&#x27;: [],
  &#x27;OPTIONS&#x27;: {&#x27;context_processors&#x27;: [&#x27;django.template.context_processors.debug&#x27;,
                                     &#x27;django.template.context_processors.request&#x27;,
                                     &#x27;django.contrib.auth.context_processors.auth&#x27;,
                                     &#x27;django.contrib.messages.context_processors.messages&#x27;]}}]</pre></td>
        </tr>
      
        <tr>
          <td>TEST_NON_SERIALIZED_APPS</td>
          <td class="code"><pre>[]</pre></td>
        </tr>
      
        <tr>
          <td>TEST_RUNNER</td>
          <td class="code"><pre>&#x27;django.test.runner.DiscoverRunner&#x27;</pre></td>
        </tr>
      
        <tr>
          <td>THOUSAND_SEPARATOR</td>
          <td class="code"><pre>&#x27;,&#x27;</pre></td>
        </tr>
      
        <tr>
          <td>TIME_FORMAT</td>
          <td class="code"><pre>&#x27;P&#x27;</pre></td>
        </tr>
      
        <tr>
          <td>TIME_INPUT_FORMATS</td>
          <td class="code"><pre>[&#x27;%H:%M:%S&#x27;, &#x27;%H:%M:%S.%f&#x27;, &#x27;%H:%M&#x27;]</pre></td>
        </tr>
      
        <tr>
          <td>TIME_ZONE</td>
          <td class="code"><pre>&#x27;UTC&#x27;</pre></td>
        </tr>
      
        <tr>
          <td>USE_I18N</td>
          <td class="code"><pre>True</pre></td>
        </tr>
      
        <tr>
          <td>USE_THOUSAND_SEPARATOR</td>
          <td class="code"><pre>False</pre></td>
        </tr>
      
        <tr>
          <td>USE_TZ</td>
          <td class="code"><pre>True</pre></td>
        </tr>
      
        <tr>
          <td>USE_X_FORWARDED_HOST</td>
          <td class="code"><pre>False</pre></td>
        </tr>
      
        <tr>
          <td>USE_X_FORWARDED_PORT</td>
          <td class="code"><pre>False</pre></td>
        </tr>
      
        <tr>
          <td>WSGI_APPLICATION</td>
          <td class="code"><pre>&#x27;backend.wsgi.application&#x27;</pre></td>
        </tr>
      
        <tr>
          <td>X_FRAME_OPTIONS</td>
          <td class="code"><pre>&#x27;DENY&#x27;</pre></td>
        </tr>
      
        <tr>
          <td>YEAR_MONTH_FORMAT</td>
          <td class="code"><pre>&#x27;F Y&#x27;</pre></td>
        </tr>
      
        <tr>
          <td>YOUTUBE_API_KEY</td>
          <td class="code"><pre>&#x27;********************&#x27;</pre></td>
        </tr>
      
        <tr>
          <td>YOUTUBE_CHANNEL_ID</td>
          <td class="code"><pre>None</pre></td>
        </tr>
      
    </tbody>
  </table>

</div>
</main>


  <footer id="explanation">
    <p>
      YouÆre seeing this error because you have <code>DEBUG = True</code> in your
      Django settings file. Change that to <code>False</code>, and Django will
      display a standard page generated by the handler for this status code.
    </p>
  </footer>

</body>
</html>


Test 4: Duplicate youtube_id
FAIL: 500 <!DOCTYPE html>
<html lang="en">
<head>
  <meta http-equiv="content-type" content="text/html; charset=utf-8">
  <meta name="robots" content="NONE,NOARCHIVE">
  <title>IntegrityError
          at /api/admin/videos/</title>
  <style>
    html * { padding:0; margin:0; }
    body * { padding:10px 20px; }
    body * * { padding:0; }
    body { font-family: sans-serif; background-color:#fff; color:#000; }
    body > :where(header, main, footer) { border-bottom:1px solid #ddd; }
    h1 { font-weight:normal; }
    h2 { margin-bottom:.8em; }
    h3 { margin:1em 0 .5em 0; }
    h4 { margin:0 0 .5em 0; font-weight: normal; }
    code, pre { font-size: 100%; white-space: pre-wrap; word-break: break-word; }
    summary { cursor: pointer; }
    table { border:1px solid #ccc; border-collapse: collapse; width:100%; background:white; }
    tbody td, tbody th { vertical-align:top; padding:2px 3px; }
    thead th {
      padding:1px 6px 1px 3px; background:#fefefe; text-align:left;
      font-weight:normal; font-size: 0.6875rem; border:1px solid #ddd;
    }
    tbody th { width:12em; text-align:right; color:#666; padding-right:.5em; }
    table.vars { margin:5px 10px 2px 40px; width: auto; }
    table.vars td, table.req td { font-family:monospace; }
    table td.code { width:100%; }
    table td.code pre { overflow:hidden; }
    table.source th { color:#666; }
    table.source td { font-family:monospace; white-space:pre; border-bottom:1px solid #eee; }
    ul.traceback { list-style-type:none; color: #222; }
    ul.traceback li.cause { word-break: break-word; }
    ul.traceback li.frame { padding-bottom:1em; color:#4f4f4f; }
    ul.traceback li.user { background-color:#e0e0e0; color:#000 }
    div.context { padding:10px 0; overflow:hidden; }
    div.context ol { padding-left:30px; margin:0 10px; list-style-position: inside; }
    div.context ol li { font-family:monospace; white-space:pre; color:#777; cursor:pointer; padding-left: 2px; }
    div.context ol li pre { display:inline; }
    div.context ol.context-line li { color:#464646; background-color:#dfdfdf; padding: 3px 2px; }
    div.context ol.context-line li span { position:absolute; right:32px; }
    .user div.context ol.context-line li { background-color:#bbb; color:#000; }
    .user div.context ol li { color:#666; }
    div.commands, summary.commands { margin-left: 40px; }
    div.commands a, summary.commands { color:#555; text-decoration:none; }
    .user div.commands a { color: black; }
    #summary { background: #ffc; }
    #summary h2 { font-weight: normal; color: #666; }
    #info { padding: 0; }
    #info > * { padding:10px 20px; }
    #explanation { background:#eee; }
    #template, #template-not-exist { background:#f6f6f6; }
    #template-not-exist ul { margin: 0 0 10px 20px; }
    #template-not-exist .postmortem-section { margin-bottom: 3px; }
    #unicode-hint { background:#eee; }
    #traceback { background:#eee; }
    #requestinfo { background:#f6f6f6; padding-left:120px; }
    #summary table { border:none; background:transparent; }
    #requestinfo h2, #requestinfo h3 { position:relative; margin-left:-100px; }
    #requestinfo h3 { margin-bottom:-1em; }
    .error { background: #ffc; }
    .specific { color:#cc3300; font-weight:bold; }
    h2 span.commands { font-size: 0.7rem; font-weight:normal; }
    span.commands a:link {color:#5E5694;}
    pre.exception_value { font-family: sans-serif; color: #575757; font-size: 1.5rem; margin: 10px 0 10px 0; }
    .append-bottom { margin-bottom: 10px; }
    .fname { user-select: all; }
  </style>
  
  <script>
    function hideAll(elems) {
      for (var e = 0; e < elems.length; e++) {
        elems[e].style.display = 'none';
      }
    }
    window.onload = function() {
      hideAll(document.querySelectorAll('ol.pre-context'));
      hideAll(document.querySelectorAll('ol.post-context'));
      hideAll(document.querySelectorAll('div.pastebin'));
    }
    function toggle() {
      for (var i = 0; i < arguments.length; i++) {
        var e = document.getElementById(arguments[i]);
        if (e) {
          e.style.display = e.style.display == 'none' ? 'block': 'none';
        }
      }
      return false;
    }
    function switchPastebinFriendly(link) {
      s1 = "Switch to copy-and-paste view";
      s2 = "Switch back to interactive view";
      link.textContent = link.textContent.trim() == s1 ? s2: s1;
      toggle('browserTraceback', 'pastebinTraceback');
      return false;
    }
  </script>
  
</head>
<body>
<header id="summary">
  <h1>IntegrityError
       at /api/admin/videos/</h1>
  <pre class="exception_value">UNIQUE constraint failed: videos_video.youtube_id</pre>
  <table class="meta">

    <tr>
      <th scope="row">Request Method:</th>
      <td>POST</td>
    </tr>
    <tr>
      <th scope="row">Request URL:</th>
      <td>http://127.0.0.1:8000/api/admin/videos/</td>
    </tr>

    <tr>
      <th scope="row">Django Version:</th>
      <td>5.1</td>
    </tr>

    <tr>
      <th scope="row">Exception Type:</th>
      <td>IntegrityError</td>
    </tr>


    <tr>
      <th scope="row">Exception Value:</th>
      <td><pre>UNIQUE constraint failed: videos_video.youtube_id</pre></td>
    </tr>


    <tr>
      <th scope="row">Exception Location:</th>
      <td><span class="fname">C:\Users\omraj\AppData\Local\Programs\Python\Python312\Lib\site-packages\django\db\backends\sqlite3\base.py</span>, line 354, in execute</td>
    </tr>


    <tr>
      <th scope="row">Raised during:</th>
      <td>videos.views.AdminVideoViewSet</td>
    </tr>

    <tr>
      <th scope="row">Python Executable:</th>
      <td>C:\Users\omraj\AppData\Local\Programs\Python\Python312\python.exe</td>
    </tr>
    <tr>
      <th scope="row">Python Version:</th>
      <td>3.12.3</td>
    </tr>
    <tr>
      <th scope="row">Python Path:</th>
      <td><pre><code>[&#x27;C:\\Users\\omraj\\OneDrive\\Desktop\\ConceptsIn5\\backend&#x27;,
 &#x27;C:\\Users\\omraj\\AppData\\Local\\Programs\\Python\\Python312\\python312.zip&#x27;,
 &#x27;C:\\Users\\omraj\\AppData\\Local\\Programs\\Python\\Python312\\DLLs&#x27;,
 &#x27;C:\\Users\\omraj\\AppData\\Local\\Programs\\Python\\Python312\\Lib&#x27;,
 &#x27;C:\\Users\\omraj\\AppData\\Local\\Programs\\Python\\Python312&#x27;,
 &#x27;C:\\Users\\omraj\\AppData\\Local\\Programs\\Python\\Python312\\Lib\\site-packages&#x27;,
 &#x27;C:\\Users\\omraj\\AppData\\Local\\Programs\\Python\\Python312\\Lib\\site-packages\\win32&#x27;,
 &#x27;C:\\Users\\omraj\\AppData\\Local\\Programs\\Python\\Python312\\Lib\\site-packages\\win32\\lib&#x27;,
 &#x27;C:\\Users\\omraj\\AppData\\Local\\Programs\\Python\\Python312\\Lib\\site-packages\\Pythonwin&#x27;]</code></pre></td>
    </tr>
    <tr>
      <th scope="row">Server time:</th>
      <td>Sat, 21 Mar 2026 13:58:34 +0000</td>
    </tr>
  </table>
</header>

<main id="info">




<div id="traceback">
  <h2>Traceback <span class="commands"><a href="#" onclick="return switchPastebinFriendly(this);">
    Switch to copy-and-paste view</a></span>
  </h2>
  <div id="browserTraceback">
    <ul class="traceback">
      
        
        <li class="frame django">
          
            <code class="fname">C:\Users\omraj\AppData\Local\Programs\Python\Python312\Lib\site-packages\django\db\backends\utils.py</code>, line 105, in _execute
          

          
            <div class="context" id="c2691956763584">
              
                <ol start="98" class="pre-context" id="pre2691956763584">
                
                  <li onclick="toggle('pre2691956763584', 'post2691956763584')"><pre>            warnings.warn(self.APPS_NOT_READY_WARNING_MSG, category=RuntimeWarning)</pre></li>
                
                  <li onclick="toggle('pre2691956763584', 'post2691956763584')"><pre>        self.db.validate_no_broken_transaction()</pre></li>
                
                  <li onclick="toggle('pre2691956763584', 'post2691956763584')"><pre>        with self.db.wrap_database_errors:</pre></li>
                
                  <li onclick="toggle('pre2691956763584', 'post2691956763584')"><pre>            if params is None:</pre></li>
                
                  <li onclick="toggle('pre2691956763584', 'post2691956763584')"><pre>                # params default might be backend specific.</pre></li>
                
                  <li onclick="toggle('pre2691956763584', 'post2691956763584')"><pre>                return self.cursor.execute(sql)</pre></li>
                
                  <li onclick="toggle('pre2691956763584', 'post2691956763584')"><pre>            else:</pre></li>
                
                </ol>
              
              <ol start="105" class="context-line">
                <li onclick="toggle('pre2691956763584', 'post2691956763584')"><pre>                return self.cursor.execute(sql, params)
                            ^^^^^^^^^^^^^^^^^^^^^^^^^^^^^^^^</pre> <span>à</span></li>
              </ol>
              
                <ol start='106' class="post-context" id="post2691956763584">
                  
                  <li onclick="toggle('pre2691956763584', 'post2691956763584')"><pre></pre></li>
                  
                  <li onclick="toggle('pre2691956763584', 'post2691956763584')"><pre>    def _executemany(self, sql, param_list, *ignored_wrapper_args):</pre></li>
                  
                  <li onclick="toggle('pre2691956763584', 'post2691956763584')"><pre>        # Raise a warning during app initialization (stored_app_configs is only</pre></li>
                  
                  <li onclick="toggle('pre2691956763584', 'post2691956763584')"><pre>        # ever set during testing).</pre></li>
                  
                  <li onclick="toggle('pre2691956763584', 'post2691956763584')"><pre>        if not apps.ready and not apps.stored_app_configs:</pre></li>
                  
                  <li onclick="toggle('pre2691956763584', 'post2691956763584')"><pre>            warnings.warn(self.APPS_NOT_READY_WARNING_MSG, category=RuntimeWarning)</pre></li>
                  
              </ol>
              
            </div>
          

          
            
              <details>
                <summary class="commands">Local vars</summary>
            
            <table class="vars" id="v2691956763584">
              <thead>
                <tr>
                  <th scope="col">Variable</th>
                  <th scope="col">Value</th>
                </tr>
              </thead>
              <tbody>
                
                  <tr>
                    <td>ignored_wrapper_args</td>
                    <td class="code"><pre>(False,
 {&#x27;connection&#x27;: &lt;DatabaseWrapper vendor=&#x27;sqlite&#x27; alias=&#x27;default&#x27;&gt;,
  &#x27;cursor&#x27;: &lt;django.db.backends.utils.CursorDebugWrapper object at 0x00000272C5265C70&gt;})</pre></td>
                  </tr>
                
                  <tr>
                    <td>params</td>
                    <td class="code"><pre>(&#x27;Duplicate Test&#x27;,
 &#x27;&#x27;,
 &#x27;dQw4w9WgXcQ&#x27;,
 &#x27;https://www.youtube.com/embed/dQw4w9WgXcQ&#x27;,
 &#x27;https://youtu.be/dQw4w9WgXcQ&#x27;,
 1,
 &#x27;Theory&#x27;,
 &#x27;&#x27;,
 &#x27;&#x27;,
 &#x27;https://img.youtube.com/vi/dQw4w9WgXcQ/maxresdefault.jpg&#x27;,
 &#x27;youtube&#x27;,
 True,
 False,
 False,
 &#x27;2026-03-21 13:58:34.673641&#x27;,
 &#x27;2026-03-21 13:58:34.673641&#x27;,
 False,
 None)</pre></td>
                  </tr>
                
                  <tr>
                    <td>self</td>
                    <td class="code"><pre>&lt;django.db.backends.utils.CursorDebugWrapper object at 0x00000272C5265C70&gt;</pre></td>
                  </tr>
                
                  <tr>
                    <td>sql</td>
                    <td class="code"><pre>(&#x27;INSERT INTO &quot;videos_video&quot; (&quot;title&quot;, &quot;description&quot;, &quot;youtube_id&quot;, &#x27;
 &#x27;&quot;video_url&quot;, &quot;youtube_url&quot;, &quot;subject_id&quot;, &quot;type&quot;, &quot;important_topics&quot;, &#x27;
 &#x27;&quot;duration&quot;, &quot;thumbnail&quot;, &quot;source&quot;, &quot;is_published&quot;, &quot;is_important&quot;, &#x27;
 &#x27;&quot;is_verified&quot;, &quot;created_at&quot;, &quot;updated_at&quot;, &quot;fetch_from_youtube&quot;, &#x27;
 &#x27;&quot;youtube_url_input&quot;) VALUES (%s, %s, %s, %s, %s, %s, %s, %s, %s, %s, %s, %s, &#x27;
 &#x27;%s, %s, %s, %s, %s, %s) RETURNING &quot;videos_video&quot;.&quot;id&quot;&#x27;)</pre></td>
                  </tr>
                
              </tbody>
            </table>
            </details>
          
        </li>
      
        
        <li class="frame django">
          
            <code class="fname">C:\Users\omraj\AppData\Local\Programs\Python\Python312\Lib\site-packages\django\db\backends\sqlite3\base.py</code>, line 354, in execute
          

          
            <div class="context" id="c2691956764224">
              
                <ol start="347" class="pre-context" id="pre2691956764224">
                
                  <li onclick="toggle('pre2691956764224', 'post2691956764224')"><pre></pre></li>
                
                  <li onclick="toggle('pre2691956764224', 'post2691956764224')"><pre>    def execute(self, query, params=None):</pre></li>
                
                  <li onclick="toggle('pre2691956764224', 'post2691956764224')"><pre>        if params is None:</pre></li>
                
                  <li onclick="toggle('pre2691956764224', 'post2691956764224')"><pre>            return super().execute(query)</pre></li>
                
                  <li onclick="toggle('pre2691956764224', 'post2691956764224')"><pre>        # Extract names if params is a mapping, i.e. &quot;pyformat&quot; style is used.</pre></li>
                
                  <li onclick="toggle('pre2691956764224', 'post2691956764224')"><pre>        param_names = list(params) if isinstance(params, Mapping) else None</pre></li>
                
                  <li onclick="toggle('pre2691956764224', 'post2691956764224')"><pre>        query = self.convert_query(query, param_names=param_names)</pre></li>
                
                </ol>
              
              <ol start="354" class="context-line">
                <li onclick="toggle('pre2691956764224', 'post2691956764224')"><pre>        return super().execute(query, params)
                    ^^^^^^^^^^^^^^^^^^^^^^^^^^^^^^</pre> <span>à</span></li>
              </ol>
              
                <ol start='355' class="post-context" id="post2691956764224">
                  
                  <li onclick="toggle('pre2691956764224', 'post2691956764224')"><pre></pre></li>
                  
                  <li onclick="toggle('pre2691956764224', 'post2691956764224')"><pre>    def executemany(self, query, param_list):</pre></li>
                  
                  <li onclick="toggle('pre2691956764224', 'post2691956764224')"><pre>        # Extract names if params is a mapping, i.e. &quot;pyformat&quot; style is used.</pre></li>
                  
                  <li onclick="toggle('pre2691956764224', 'post2691956764224')"><pre>        # Peek carefully as a generator can be passed instead of a list/tuple.</pre></li>
                  
                  <li onclick="toggle('pre2691956764224', 'post2691956764224')"><pre>        peekable, param_list = tee(iter(param_list))</pre></li>
                  
                  <li onclick="toggle('pre2691956764224', 'post2691956764224')"><pre>        if (params := next(peekable, None)) and isinstance(params, Mapping):</pre></li>
                  
              </ol>
              
            </div>
          

          
            
              <details>
                <summary class="commands">Local vars</summary>
            
            <table class="vars" id="v2691956764224">
              <thead>
                <tr>
                  <th scope="col">Variable</th>
                  <th scope="col">Value</th>
                </tr>
              </thead>
              <tbody>
                
                  <tr>
                    <td>__class__</td>
                    <td class="code"><pre>&lt;class &#x27;django.db.backends.sqlite3.base.SQLiteCursorWrapper&#x27;&gt;</pre></td>
                  </tr>
                
                  <tr>
                    <td>param_names</td>
                    <td class="code"><pre>None</pre></td>
                  </tr>
                
                  <tr>
                    <td>params</td>
                    <td class="code"><pre>(&#x27;Duplicate Test&#x27;,
 &#x27;&#x27;,
 &#x27;dQw4w9WgXcQ&#x27;,
 &#x27;https://www.youtube.com/embed/dQw4w9WgXcQ&#x27;,
 &#x27;https://youtu.be/dQw4w9WgXcQ&#x27;,
 1,
 &#x27;Theory&#x27;,
 &#x27;&#x27;,
 &#x27;&#x27;,
 &#x27;https://img.youtube.com/vi/dQw4w9WgXcQ/maxresdefault.jpg&#x27;,
 &#x27;youtube&#x27;,
 True,
 False,
 False,
 &#x27;2026-03-21 13:58:34.673641&#x27;,
 &#x27;2026-03-21 13:58:34.673641&#x27;,
 False,
 None)</pre></td>
                  </tr>
                
                  <tr>
                    <td>query</td>
                    <td class="code"><pre>(&#x27;INSERT INTO &quot;videos_video&quot; (&quot;title&quot;, &quot;description&quot;, &quot;youtube_id&quot;, &#x27;
 &#x27;&quot;video_url&quot;, &quot;youtube_url&quot;, &quot;subject_id&quot;, &quot;type&quot;, &quot;important_topics&quot;, &#x27;
 &#x27;&quot;duration&quot;, &quot;thumbnail&quot;, &quot;source&quot;, &quot;is_published&quot;, &quot;is_important&quot;, &#x27;
 &#x27;&quot;is_verified&quot;, &quot;created_at&quot;, &quot;updated_at&quot;, &quot;fetch_from_youtube&quot;, &#x27;
 &#x27;&quot;youtube_url_input&quot;) VALUES (?, ?, ?, ?, ?, ?, ?, ?, ?, ?, ?, ?, ?, ?, ?, ?, &#x27;
 &#x27;?, ?) RETURNING &quot;videos_video&quot;.&quot;id&quot;&#x27;)</pre></td>
                  </tr>
                
                  <tr>
                    <td>self</td>
                    <td class="code"><pre>&lt;django.db.backends.sqlite3.base.SQLiteCursorWrapper object at 0x00000272C5257410&gt;</pre></td>
                  </tr>
                
              </tbody>
            </table>
            </details>
          
        </li>
      
        
          <li class="cause"><h3>
          
            The above exception (UNIQUE constraint failed: videos_video.youtube_id) was the direct cause of the following exception:
          
        </h3></li>
        
        <li class="frame django">
          
            <code class="fname">C:\Users\omraj\AppData\Local\Programs\Python\Python312\Lib\site-packages\django\core\handlers\exception.py</code>, line 55, in inner
          

          
            <div class="context" id="c2691956756032">
              
                <ol start="48" class="pre-context" id="pre2691956756032">
                
                  <li onclick="toggle('pre2691956756032', 'post2691956756032')"><pre></pre></li>
                
                  <li onclick="toggle('pre2691956756032', 'post2691956756032')"><pre>        return inner</pre></li>
                
                  <li onclick="toggle('pre2691956756032', 'post2691956756032')"><pre>    else:</pre></li>
                
                  <li onclick="toggle('pre2691956756032', 'post2691956756032')"><pre></pre></li>
                
                  <li onclick="toggle('pre2691956756032', 'post2691956756032')"><pre>        @wraps(get_response)</pre></li>
                
                  <li onclick="toggle('pre2691956756032', 'post2691956756032')"><pre>        def inner(request):</pre></li>
                
                  <li onclick="toggle('pre2691956756032', 'post2691956756032')"><pre>            try:</pre></li>
                
                </ol>
              
              <ol start="55" class="context-line">
                <li onclick="toggle('pre2691956756032', 'post2691956756032')"><pre>                response = get_response(request)
                               ^^^^^^^^^^^^^^^^^^^^^</pre> <span>à</span></li>
              </ol>
              
                <ol start='56' class="post-context" id="post2691956756032">
                  
                  <li onclick="toggle('pre2691956756032', 'post2691956756032')"><pre>            except Exception as exc:</pre></li>
                  
                  <li onclick="toggle('pre2691956756032', 'post2691956756032')"><pre>                response = response_for_exception(request, exc)</pre></li>
                  
                  <li onclick="toggle('pre2691956756032', 'post2691956756032')"><pre>            return response</pre></li>
                  
                  <li onclick="toggle('pre2691956756032', 'post2691956756032')"><pre></pre></li>
                  
                  <li onclick="toggle('pre2691956756032', 'post2691956756032')"><pre>        return inner</pre></li>
                  
                  <li onclick="toggle('pre2691956756032', 'post2691956756032')"><pre></pre></li>
                  
              </ol>
              
            </div>
          

          
            
              <details>
                <summary class="commands">Local vars</summary>
            
            <table class="vars" id="v2691956756032">
              <thead>
                <tr>
                  <th scope="col">Variable</th>
                  <th scope="col">Value</th>
                </tr>
              </thead>
              <tbody>
                
                  <tr>
                    <td>exc</td>
                    <td class="code"><pre>IntegrityError(&#x27;UNIQUE constraint failed: videos_video.youtube_id&#x27;)</pre></td>
                  </tr>
                
                  <tr>
                    <td>get_response</td>
                    <td class="code"><pre>&lt;bound method BaseHandler._get_response of &lt;django.core.handlers.wsgi.WSGIHandler object at 0x00000272C233A960&gt;&gt;</pre></td>
                  </tr>
                
                  <tr>
                    <td>request</td>
                    <td class="code"><pre>&lt;WSGIRequest: POST &#x27;/api/admin/videos/&#x27;&gt;</pre></td>
                  </tr>
                
              </tbody>
            </table>
            </details>
          
        </li>
      
        
        <li class="frame django">
          
            <code class="fname">C:\Users\omraj\AppData\Local\Programs\Python\Python312\Lib\site-packages\django\core\handlers\base.py</code>, line 197, in _get_response
          

          
            <div class="context" id="c2691956768192">
              
                <ol start="190" class="pre-context" id="pre2691956768192">
                
                  <li onclick="toggle('pre2691956768192', 'post2691956768192')"><pre></pre></li>
                
                  <li onclick="toggle('pre2691956768192', 'post2691956768192')"><pre>        if response is None:</pre></li>
                
                  <li onclick="toggle('pre2691956768192', 'post2691956768192')"><pre>            wrapped_callback = self.make_view_atomic(callback)</pre></li>
                
                  <li onclick="toggle('pre2691956768192', 'post2691956768192')"><pre>            # If it is an asynchronous view, run it in a subthread.</pre></li>
                
                  <li onclick="toggle('pre2691956768192', 'post2691956768192')"><pre>            if iscoroutinefunction(wrapped_callback):</pre></li>
                
                  <li onclick="toggle('pre2691956768192', 'post2691956768192')"><pre>                wrapped_callback = async_to_sync(wrapped_callback)</pre></li>
                
                  <li onclick="toggle('pre2691956768192', 'post2691956768192')"><pre>            try:</pre></li>
                
                </ol>
              
              <ol start="197" class="context-line">
                <li onclick="toggle('pre2691956768192', 'post2691956768192')"><pre>                response = wrapped_callback(request, *callback_args, **callback_kwargs)
                                ^^^^^^^^^^^^^^^^^^^^^^^^^^^^^^^^^^^^^^^^^^^^^^^^^^^^^^^^^^^^</pre> <span>à</span></li>
              </ol>
              
                <ol start='198' class="post-context" id="post2691956768192">
                  
                  <li onclick="toggle('pre2691956768192', 'post2691956768192')"><pre>            except Exception as e:</pre></li>
                  
                  <li onclick="toggle('pre2691956768192', 'post2691956768192')"><pre>                response = self.process_exception_by_middleware(e, request)</pre></li>
                  
                  <li onclick="toggle('pre2691956768192', 'post2691956768192')"><pre>                if response is None:</pre></li>
                  
                  <li onclick="toggle('pre2691956768192', 'post2691956768192')"><pre>                    raise</pre></li>
                  
                  <li onclick="toggle('pre2691956768192', 'post2691956768192')"><pre></pre></li>
                  
                  <li onclick="toggle('pre2691956768192', 'post2691956768192')"><pre>        # Complain if the view returned None (a common error).</pre></li>
                  
              </ol>
              
            </div>
          

          
            
              <details>
                <summary class="commands">Local vars</summary>
            
            <table class="vars" id="v2691956768192">
              <thead>
                <tr>
                  <th scope="col">Variable</th>
                  <th scope="col">Value</th>
                </tr>
              </thead>
              <tbody>
                
                  <tr>
                    <td>callback</td>
                    <td class="code"><pre>&lt;function AdminVideoViewSet at 0x00000272C4CBA340&gt;</pre></td>
                  </tr>
                
                  <tr>
                    <td>callback_args</td>
                    <td class="code"><pre>()</pre></td>
                  </tr>
                
                  <tr>
                    <td>callback_kwargs</td>
                    <td class="code"><pre>{}</pre></td>
                  </tr>
                
                  <tr>
                    <td>middleware_method</td>
                    <td class="code"><pre>&lt;bound method CsrfViewMiddleware.process_view of &lt;CsrfViewMiddleware get_response=convert_exception_to_response.&lt;locals&gt;.inner&gt;&gt;</pre></td>
                  </tr>
                
                  <tr>
                    <td>request</td>
                    <td class="code"><pre>&lt;WSGIRequest: POST &#x27;/api/admin/videos/&#x27;&gt;</pre></td>
                  </tr>
                
                  <tr>
                    <td>response</td>
                    <td class="code"><pre>None</pre></td>
                  </tr>
                
                  <tr>
                    <td>self</td>
                    <td class="code"><pre>&lt;django.core.handlers.wsgi.WSGIHandler object at 0x00000272C233A960&gt;</pre></td>
                  </tr>
                
                  <tr>
                    <td>wrapped_callback</td>
                    <td class="code"><pre>&lt;function AdminVideoViewSet at 0x00000272C4CBA340&gt;</pre></td>
                  </tr>
                
              </tbody>
            </table>
            </details>
          
        </li>
      
        
        <li class="frame django">
          
            <code class="fname">C:\Users\omraj\AppData\Local\Programs\Python\Python312\Lib\site-packages\django\views\decorators\csrf.py</code>, line 65, in _view_wrapper
          

          
            <div class="context" id="c2691956764864">
              
                <ol start="58" class="pre-context" id="pre2691956764864">
                
                  <li onclick="toggle('pre2691956764864', 'post2691956764864')"><pre></pre></li>
                
                  <li onclick="toggle('pre2691956764864', 'post2691956764864')"><pre>        async def _view_wrapper(request, *args, **kwargs):</pre></li>
                
                  <li onclick="toggle('pre2691956764864', 'post2691956764864')"><pre>            return await view_func(request, *args, **kwargs)</pre></li>
                
                  <li onclick="toggle('pre2691956764864', 'post2691956764864')"><pre></pre></li>
                
                  <li onclick="toggle('pre2691956764864', 'post2691956764864')"><pre>    else:</pre></li>
                
                  <li onclick="toggle('pre2691956764864', 'post2691956764864')"><pre></pre></li>
                
                  <li onclick="toggle('pre2691956764864', 'post2691956764864')"><pre>        def _view_wrapper(request, *args, **kwargs):</pre></li>
                
                </ol>
              
              <ol start="65" class="context-line">
                <li onclick="toggle('pre2691956764864', 'post2691956764864')"><pre>            return view_func(request, *args, **kwargs)
                       ^^^^^^^^^^^^^^^^^^^^^^^^^^^^^^^^^^^</pre> <span>à</span></li>
              </ol>
              
                <ol start='66' class="post-context" id="post2691956764864">
                  
                  <li onclick="toggle('pre2691956764864', 'post2691956764864')"><pre></pre></li>
                  
                  <li onclick="toggle('pre2691956764864', 'post2691956764864')"><pre>    _view_wrapper.csrf_exempt = True</pre></li>
                  
                  <li onclick="toggle('pre2691956764864', 'post2691956764864')"><pre></pre></li>
                  
                  <li onclick="toggle('pre2691956764864', 'post2691956764864')"><pre>    return wraps(view_func)(_view_wrapper)</pre></li>
                  
              </ol>
              
            </div>
          

          
            
              <details>
                <summary class="commands">Local vars</summary>
            
            <table class="vars" id="v2691956764864">
              <thead>
                <tr>
                  <th scope="col">Variable</th>
                  <th scope="col">Value</th>
                </tr>
              </thead>
              <tbody>
                
                  <tr>
                    <td>args</td>
                    <td class="code"><pre>()</pre></td>
                  </tr>
                
                  <tr>
                    <td>kwargs</td>
                    <td class="code"><pre>{}</pre></td>
                  </tr>
                
                  <tr>
                    <td>request</td>
                    <td class="code"><pre>&lt;WSGIRequest: POST &#x27;/api/admin/videos/&#x27;&gt;</pre></td>
                  </tr>
                
                  <tr>
                    <td>view_func</td>
                    <td class="code"><pre>&lt;function AdminVideoViewSet at 0x00000272C4CBA2A0&gt;</pre></td>
                  </tr>
                
              </tbody>
            </table>
            </details>
          
        </li>
      
        
        <li class="frame user">
          
            <code class="fname">C:\Users\omraj\AppData\Local\Programs\Python\Python312\Lib\site-packages\rest_framework\viewsets.py</code>, line 125, in view
          

          
            <div class="context" id="c2691923611200">
              
                <ol start="118" class="pre-context" id="pre2691923611200">
                
                  <li onclick="toggle('pre2691923611200', 'post2691923611200')"><pre>                setattr(self, method, handler)</pre></li>
                
                  <li onclick="toggle('pre2691923611200', 'post2691923611200')"><pre></pre></li>
                
                  <li onclick="toggle('pre2691923611200', 'post2691923611200')"><pre>            self.request = request</pre></li>
                
                  <li onclick="toggle('pre2691923611200', 'post2691923611200')"><pre>            self.args = args</pre></li>
                
                  <li onclick="toggle('pre2691923611200', 'post2691923611200')"><pre>            self.kwargs = kwargs</pre></li>
                
                  <li onclick="toggle('pre2691923611200', 'post2691923611200')"><pre></pre></li>
                
                  <li onclick="toggle('pre2691923611200', 'post2691923611200')"><pre>            # And continue as usual</pre></li>
                
                </ol>
              
              <ol start="125" class="context-line">
                <li onclick="toggle('pre2691923611200', 'post2691923611200')"><pre>            return self.dispatch(request, *args, **kwargs)
                        ^^^^^^^^^^^^^^^^^^^^^^^^^^^^^^^^^^^^^^^</pre> <span>à</span></li>
              </ol>
              
                <ol start='126' class="post-context" id="post2691923611200">
                  
                  <li onclick="toggle('pre2691923611200', 'post2691923611200')"><pre></pre></li>
                  
                  <li onclick="toggle('pre2691923611200', 'post2691923611200')"><pre>        # take name and docstring from class</pre></li>
                  
                  <li onclick="toggle('pre2691923611200', 'post2691923611200')"><pre>        update_wrapper(view, cls, updated=())</pre></li>
                  
                  <li onclick="toggle('pre2691923611200', 'post2691923611200')"><pre></pre></li>
                  
                  <li onclick="toggle('pre2691923611200', 'post2691923611200')"><pre>        # and possible attributes set by decorators</pre></li>
                  
                  <li onclick="toggle('pre2691923611200', 'post2691923611200')"><pre>        # like csrf_exempt from dispatch</pre></li>
                  
              </ol>
              
            </div>
          

          
            
              <details>
                <summary class="commands">Local vars</summary>
            
            <table class="vars" id="v2691923611200">
              <thead>
                <tr>
                  <th scope="col">Variable</th>
                  <th scope="col">Value</th>
                </tr>
              </thead>
              <tbody>
                
                  <tr>
                    <td>action</td>
                    <td class="code"><pre>&#x27;list&#x27;</pre></td>
                  </tr>
                
                  <tr>
                    <td>actions</td>
                    <td class="code"><pre>{&#x27;get&#x27;: &#x27;list&#x27;, &#x27;head&#x27;: &#x27;list&#x27;, &#x27;post&#x27;: &#x27;create&#x27;}</pre></td>
                  </tr>
                
                  <tr>
                    <td>args</td>
                    <td class="code"><pre>()</pre></td>
                  </tr>
                
                  <tr>
                    <td>cls</td>
                    <td class="code"><pre>&lt;class &#x27;videos.views.AdminVideoViewSet&#x27;&gt;</pre></td>
                  </tr>
                
                  <tr>
                    <td>handler</td>
                    <td class="code"><pre>&lt;bound method ListModelMixin.list of &lt;videos.views.AdminVideoViewSet object at 0x00000272C5331280&gt;&gt;</pre></td>
                  </tr>
                
                  <tr>
                    <td>initkwargs</td>
                    <td class="code"><pre>{&#x27;basename&#x27;: &#x27;admin-video&#x27;, &#x27;detail&#x27;: False, &#x27;suffix&#x27;: &#x27;List&#x27;}</pre></td>
                  </tr>
                
                  <tr>
                    <td>kwargs</td>
                    <td class="code"><pre>{}</pre></td>
                  </tr>
                
                  <tr>
                    <td>method</td>
                    <td class="code"><pre>&#x27;head&#x27;</pre></td>
                  </tr>
                
                  <tr>
                    <td>request</td>
                    <td class="code"><pre>&lt;WSGIRequest: POST &#x27;/api/admin/videos/&#x27;&gt;</pre></td>
                  </tr>
                
                  <tr>
                    <td>self</td>
                    <td class="code"><pre>&lt;videos.views.AdminVideoViewSet object at 0x00000272C5331280&gt;</pre></td>
                  </tr>
                
              </tbody>
            </table>
            </details>
          
        </li>
      
        
        <li class="frame user">
          
            <code class="fname">C:\Users\omraj\AppData\Local\Programs\Python\Python312\Lib\site-packages\rest_framework\views.py</code>, line 515, in dispatch
          

          
            <div class="context" id="c2691956754688">
              
                <ol start="508" class="pre-context" id="pre2691956754688">
                
                  <li onclick="toggle('pre2691956754688', 'post2691956754688')"><pre>                                  self.http_method_not_allowed)</pre></li>
                
                  <li onclick="toggle('pre2691956754688', 'post2691956754688')"><pre>            else:</pre></li>
                
                  <li onclick="toggle('pre2691956754688', 'post2691956754688')"><pre>                handler = self.http_method_not_allowed</pre></li>
                
                  <li onclick="toggle('pre2691956754688', 'post2691956754688')"><pre></pre></li>
                
                  <li onclick="toggle('pre2691956754688', 'post2691956754688')"><pre>            response = handler(request, *args, **kwargs)</pre></li>
                
                  <li onclick="toggle('pre2691956754688', 'post2691956754688')"><pre></pre></li>
                
                  <li onclick="toggle('pre2691956754688', 'post2691956754688')"><pre>        except Exception as exc:</pre></li>
                
                </ol>
              
              <ol start="515" class="context-line">
                <li onclick="toggle('pre2691956754688', 'post2691956754688')"><pre>            response = self.handle_exception(exc)
                            ^^^^^^^^^^^^^^^^^^^^^^^^^^</pre> <span>à</span></li>
              </ol>
              
                <ol start='516' class="post-context" id="post2691956754688">
                  
                  <li onclick="toggle('pre2691956754688', 'post2691956754688')"><pre></pre></li>
                  
                  <li onclick="toggle('pre2691956754688', 'post2691956754688')"><pre>        self.response = self.finalize_response(request, response, *args, **kwargs)</pre></li>
                  
                  <li onclick="toggle('pre2691956754688', 'post2691956754688')"><pre>        return self.response</pre></li>
                  
                  <li onclick="toggle('pre2691956754688', 'post2691956754688')"><pre></pre></li>
                  
                  <li onclick="toggle('pre2691956754688', 'post2691956754688')"><pre>    def options(self, request, *args, **kwargs):</pre></li>
                  
                  <li onclick="toggle('pre2691956754688', 'post2691956754688')"><pre>        &quot;&quot;&quot;</pre></li>
                  
              </ol>
              
            </div>
          

          
            
              <details>
                <summary class="commands">Local vars</summary>
            
            <table class="vars" id="v2691956754688">
              <thead>
                <tr>
                  <th scope="col">Variable</th>
                  <th scope="col">Value</th>
                </tr>
              </thead>
              <tbody>
                
                  <tr>
                    <td>args</td>
                    <td class="code"><pre>()</pre></td>
                  </tr>
                
                  <tr>
                    <td>handler</td>
                    <td class="code"><pre>&lt;bound method CreateModelMixin.create of &lt;videos.views.AdminVideoViewSet object at 0x00000272C5331280&gt;&gt;</pre></td>
                  </tr>
                
                  <tr>
                    <td>kwargs</td>
                    <td class="code"><pre>{}</pre></td>
                  </tr>
                
                  <tr>
                    <td>request</td>
                    <td class="code"><pre>&lt;rest_framework.request.Request: POST &#x27;/api/admin/videos/&#x27;&gt;</pre></td>
                  </tr>
                
                  <tr>
                    <td>self</td>
                    <td class="code"><pre>&lt;videos.views.AdminVideoViewSet object at 0x00000272C5331280&gt;</pre></td>
                  </tr>
                
              </tbody>
            </table>
            </details>
          
        </li>
      
        
        <li class="frame user">
          
            <code class="fname">C:\Users\omraj\AppData\Local\Programs\Python\Python312\Lib\site-packages\rest_framework\views.py</code>, line 475, in handle_exception
          

          
            <div class="context" id="c2691956764672">
              
                <ol start="468" class="pre-context" id="pre2691956764672">
                
                  <li onclick="toggle('pre2691956764672', 'post2691956764672')"><pre></pre></li>
                
                  <li onclick="toggle('pre2691956764672', 'post2691956764672')"><pre>        exception_handler = self.get_exception_handler()</pre></li>
                
                  <li onclick="toggle('pre2691956764672', 'post2691956764672')"><pre></pre></li>
                
                  <li onclick="toggle('pre2691956764672', 'post2691956764672')"><pre>        context = self.get_exception_handler_context()</pre></li>
                
                  <li onclick="toggle('pre2691956764672', 'post2691956764672')"><pre>        response = exception_handler(exc, context)</pre></li>
                
                  <li onclick="toggle('pre2691956764672', 'post2691956764672')"><pre></pre></li>
                
                  <li onclick="toggle('pre2691956764672', 'post2691956764672')"><pre>        if response is None:</pre></li>
                
                </ol>
              
              <ol start="475" class="context-line">
                <li onclick="toggle('pre2691956764672', 'post2691956764672')"><pre>            self.raise_uncaught_exception(exc)
                 ^^^^^^^^^^^^^^^^^^^^^^^^^^^^^^^^^^</pre> <span>à</span></li>
              </ol>
              
                <ol start='476' class="post-context" id="post2691956764672">
                  
                  <li onclick="toggle('pre2691956764672', 'post2691956764672')"><pre></pre></li>
                  
                  <li onclick="toggle('pre2691956764672', 'post2691956764672')"><pre>        response.exception = True</pre></li>
                  
                  <li onclick="toggle('pre2691956764672', 'post2691956764672')"><pre>        return response</pre></li>
                  
                  <li onclick="toggle('pre2691956764672', 'post2691956764672')"><pre></pre></li>
                  
                  <li onclick="toggle('pre2691956764672', 'post2691956764672')"><pre>    def raise_uncaught_exception(self, exc):</pre></li>
                  
                  <li onclick="toggle('pre2691956764672', 'post2691956764672')"><pre>        if settings.DEBUG:</pre></li>
                  
              </ol>
              
            </div>
          

          
            
              <details>
                <summary class="commands">Local vars</summary>
            
            <table class="vars" id="v2691956764672">
              <thead>
                <tr>
                  <th scope="col">Variable</th>
                  <th scope="col">Value</th>
                </tr>
              </thead>
              <tbody>
                
                  <tr>
                    <td>context</td>
                    <td class="code"><pre>{&#x27;args&#x27;: (),
 &#x27;kwargs&#x27;: {},
 &#x27;request&#x27;: &lt;rest_framework.request.Request: POST &#x27;/api/admin/videos/&#x27;&gt;,
 &#x27;view&#x27;: &lt;videos.views.AdminVideoViewSet object at 0x00000272C5331280&gt;}</pre></td>
                  </tr>
                
                  <tr>
                    <td>exc</td>
                    <td class="code"><pre>IntegrityError(&#x27;UNIQUE constraint failed: videos_video.youtube_id&#x27;)</pre></td>
                  </tr>
                
                  <tr>
                    <td>exception_handler</td>
                    <td class="code"><pre>&lt;function exception_handler at 0x00000272C4C1CAE0&gt;</pre></td>
                  </tr>
                
                  <tr>
                    <td>response</td>
                    <td class="code"><pre>None</pre></td>
                  </tr>
                
                  <tr>
                    <td>self</td>
                    <td class="code"><pre>&lt;videos.views.AdminVideoViewSet object at 0x00000272C5331280&gt;</pre></td>
                  </tr>
                
              </tbody>
            </table>
            </details>
          
        </li>
      
        
        <li class="frame user">
          
            <code class="fname">C:\Users\omraj\AppData\Local\Programs\Python\Python312\Lib\site-packages\rest_framework\views.py</code>, line 486, in raise_uncaught_exception
          

          
            <div class="context" id="c2691956758720">
              
                <ol start="479" class="pre-context" id="pre2691956758720">
                
                  <li onclick="toggle('pre2691956758720', 'post2691956758720')"><pre></pre></li>
                
                  <li onclick="toggle('pre2691956758720', 'post2691956758720')"><pre>    def raise_uncaught_exception(self, exc):</pre></li>
                
                  <li onclick="toggle('pre2691956758720', 'post2691956758720')"><pre>        if settings.DEBUG:</pre></li>
                
                  <li onclick="toggle('pre2691956758720', 'post2691956758720')"><pre>            request = self.request</pre></li>
                
                  <li onclick="toggle('pre2691956758720', 'post2691956758720')"><pre>            renderer_format = getattr(request.accepted_renderer, &#x27;format&#x27;)</pre></li>
                
                  <li onclick="toggle('pre2691956758720', 'post2691956758720')"><pre>            use_plaintext_traceback = renderer_format not in (&#x27;html&#x27;, &#x27;api&#x27;, &#x27;admin&#x27;)</pre></li>
                
                  <li onclick="toggle('pre2691956758720', 'post2691956758720')"><pre>            request.force_plaintext_errors(use_plaintext_traceback)</pre></li>
                
                </ol>
              
              <ol start="486" class="context-line">
                <li onclick="toggle('pre2691956758720', 'post2691956758720')"><pre>        raise exc
             ^^^^^^^^^</pre> <span>à</span></li>
              </ol>
              
                <ol start='487' class="post-context" id="post2691956758720">
                  
                  <li onclick="toggle('pre2691956758720', 'post2691956758720')"><pre></pre></li>
                  
                  <li onclick="toggle('pre2691956758720', 'post2691956758720')"><pre>    # Note: Views are made CSRF exempt from within `as_view` as to prevent</pre></li>
                  
                  <li onclick="toggle('pre2691956758720', 'post2691956758720')"><pre>    # accidental removal of this exemption in cases where `dispatch` needs to</pre></li>
                  
                  <li onclick="toggle('pre2691956758720', 'post2691956758720')"><pre>    # be overridden.</pre></li>
                  
                  <li onclick="toggle('pre2691956758720', 'post2691956758720')"><pre>    def dispatch(self, request, *args, **kwargs):</pre></li>
                  
                  <li onclick="toggle('pre2691956758720', 'post2691956758720')"><pre>        &quot;&quot;&quot;</pre></li>
                  
              </ol>
              
            </div>
          

          
            
              <details>
                <summary class="commands">Local vars</summary>
            
            <table class="vars" id="v2691956758720">
              <thead>
                <tr>
                  <th scope="col">Variable</th>
                  <th scope="col">Value</th>
                </tr>
              </thead>
              <tbody>
                
                  <tr>
                    <td>exc</td>
                    <td class="code"><pre>IntegrityError(&#x27;UNIQUE constraint failed: videos_video.youtube_id&#x27;)</pre></td>
                  </tr>
                
                  <tr>
                    <td>renderer_format</td>
                    <td class="code"><pre>&#x27;json&#x27;</pre></td>
                  </tr>
                
                  <tr>
                    <td>request</td>
                    <td class="code"><pre>&lt;rest_framework.request.Request: POST &#x27;/api/admin/videos/&#x27;&gt;</pre></td>
                  </tr>
                
                  <tr>
                    <td>self</td>
                    <td class="code"><pre>&lt;videos.views.AdminVideoViewSet object at 0x00000272C5331280&gt;</pre></td>
                  </tr>
                
                  <tr>
                    <td>use_plaintext_traceback</td>
                    <td class="code"><pre>True</pre></td>
                  </tr>
                
              </tbody>
            </table>
            </details>
          
        </li>
      
        
        <li class="frame user">
          
            <code class="fname">C:\Users\omraj\AppData\Local\Programs\Python\Python312\Lib\site-packages\rest_framework\views.py</code>, line 512, in dispatch
          

          
            <div class="context" id="c2691956760640">
              
                <ol start="505" class="pre-context" id="pre2691956760640">
                
                  <li onclick="toggle('pre2691956760640', 'post2691956760640')"><pre>            # Get the appropriate handler method</pre></li>
                
                  <li onclick="toggle('pre2691956760640', 'post2691956760640')"><pre>            if request.method.lower() in self.http_method_names:</pre></li>
                
                  <li onclick="toggle('pre2691956760640', 'post2691956760640')"><pre>                handler = getattr(self, request.method.lower(),</pre></li>
                
                  <li onclick="toggle('pre2691956760640', 'post2691956760640')"><pre>                                  self.http_method_not_allowed)</pre></li>
                
                  <li onclick="toggle('pre2691956760640', 'post2691956760640')"><pre>            else:</pre></li>
                
                  <li onclick="toggle('pre2691956760640', 'post2691956760640')"><pre>                handler = self.http_method_not_allowed</pre></li>
                
                  <li onclick="toggle('pre2691956760640', 'post2691956760640')"><pre></pre></li>
                
                </ol>
              
              <ol start="512" class="context-line">
                <li onclick="toggle('pre2691956760640', 'post2691956760640')"><pre>            response = handler(request, *args, **kwargs)
                            ^^^^^^^^^^^^^^^^^^^^^^^^^^^^^^^^^</pre> <span>à</span></li>
              </ol>
              
                <ol start='513' class="post-context" id="post2691956760640">
                  
                  <li onclick="toggle('pre2691956760640', 'post2691956760640')"><pre></pre></li>
                  
                  <li onclick="toggle('pre2691956760640', 'post2691956760640')"><pre>        except Exception as exc:</pre></li>
                  
                  <li onclick="toggle('pre2691956760640', 'post2691956760640')"><pre>            response = self.handle_exception(exc)</pre></li>
                  
                  <li onclick="toggle('pre2691956760640', 'post2691956760640')"><pre></pre></li>
                  
                  <li onclick="toggle('pre2691956760640', 'post2691956760640')"><pre>        self.response = self.finalize_response(request, response, *args, **kwargs)</pre></li>
                  
                  <li onclick="toggle('pre2691956760640', 'post2691956760640')"><pre>        return self.response</pre></li>
                  
              </ol>
              
            </div>
          

          
            
              <details>
                <summary class="commands">Local vars</summary>
            
            <table class="vars" id="v2691956760640">
              <thead>
                <tr>
                  <th scope="col">Variable</th>
                  <th scope="col">Value</th>
                </tr>
              </thead>
              <tbody>
                
                  <tr>
                    <td>args</td>
                    <td class="code"><pre>()</pre></td>
                  </tr>
                
                  <tr>
                    <td>handler</td>
                    <td class="code"><pre>&lt;bound method CreateModelMixin.create of &lt;videos.views.AdminVideoViewSet object at 0x00000272C5331280&gt;&gt;</pre></td>
                  </tr>
                
                  <tr>
                    <td>kwargs</td>
                    <td class="code"><pre>{}</pre></td>
                  </tr>
                
                  <tr>
                    <td>request</td>
                    <td class="code"><pre>&lt;rest_framework.request.Request: POST &#x27;/api/admin/videos/&#x27;&gt;</pre></td>
                  </tr>
                
                  <tr>
                    <td>self</td>
                    <td class="code"><pre>&lt;videos.views.AdminVideoViewSet object at 0x00000272C5331280&gt;</pre></td>
                  </tr>
                
              </tbody>
            </table>
            </details>
          
        </li>
      
        
        <li class="frame user">
          
            <code class="fname">C:\Users\omraj\AppData\Local\Programs\Python\Python312\Lib\site-packages\rest_framework\mixins.py</code>, line 19, in create
          

          
            <div class="context" id="c2691956753600">
              
                <ol start="12" class="pre-context" id="pre2691956753600">
                
                  <li onclick="toggle('pre2691956753600', 'post2691956753600')"><pre>class CreateModelMixin:</pre></li>
                
                  <li onclick="toggle('pre2691956753600', 'post2691956753600')"><pre>    &quot;&quot;&quot;</pre></li>
                
                  <li onclick="toggle('pre2691956753600', 'post2691956753600')"><pre>    Create a model instance.</pre></li>
                
                  <li onclick="toggle('pre2691956753600', 'post2691956753600')"><pre>    &quot;&quot;&quot;</pre></li>
                
                  <li onclick="toggle('pre2691956753600', 'post2691956753600')"><pre>    def create(self, request, *args, **kwargs):</pre></li>
                
                  <li onclick="toggle('pre2691956753600', 'post2691956753600')"><pre>        serializer = self.get_serializer(data=request.data)</pre></li>
                
                  <li onclick="toggle('pre2691956753600', 'post2691956753600')"><pre>        serializer.is_valid(raise_exception=True)</pre></li>
                
                </ol>
              
              <ol start="19" class="context-line">
                <li onclick="toggle('pre2691956753600', 'post2691956753600')"><pre>        self.perform_create(serializer)
            ^^^^^^^^^^^^^^^^^^^^^^^^^^^^^^^</pre> <span>à</span></li>
              </ol>
              
                <ol start='20' class="post-context" id="post2691956753600">
                  
                  <li onclick="toggle('pre2691956753600', 'post2691956753600')"><pre>        headers = self.get_success_headers(serializer.data)</pre></li>
                  
                  <li onclick="toggle('pre2691956753600', 'post2691956753600')"><pre>        return Response(serializer.data, status=status.HTTP_201_CREATED, headers=headers)</pre></li>
                  
                  <li onclick="toggle('pre2691956753600', 'post2691956753600')"><pre></pre></li>
                  
                  <li onclick="toggle('pre2691956753600', 'post2691956753600')"><pre>    def perform_create(self, serializer):</pre></li>
                  
                  <li onclick="toggle('pre2691956753600', 'post2691956753600')"><pre>        serializer.save()</pre></li>
                  
                  <li onclick="toggle('pre2691956753600', 'post2691956753600')"><pre></pre></li>
                  
              </ol>
              
            </div>
          

          
            
              <details>
                <summary class="commands">Local vars</summary>
            
            <table class="vars" id="v2691956753600">
              <thead>
                <tr>
                  <th scope="col">Variable</th>
                  <th scope="col">Value</th>
                </tr>
              </thead>
              <tbody>
                
                  <tr>
                    <td>args</td>
                    <td class="code"><pre>()</pre></td>
                  </tr>
                
                  <tr>
                    <td>kwargs</td>
                    <td class="code"><pre>{}</pre></td>
                  </tr>
                
                  <tr>
                    <td>request</td>
                    <td class="code"><pre>&lt;rest_framework.request.Request: POST &#x27;/api/admin/videos/&#x27;&gt;</pre></td>
                  </tr>
                
                  <tr>
                    <td>self</td>
                    <td class="code"><pre>&lt;videos.views.AdminVideoViewSet object at 0x00000272C5331280&gt;</pre></td>
                  </tr>
                
                  <tr>
                    <td>serializer</td>
                    <td class="code"><pre>VideoSerializer(context={&#x27;request&#x27;: &lt;rest_framework.request.Request: POST &#x27;/api/admin/videos/&#x27;&gt;, &#x27;format&#x27;: None, &#x27;view&#x27;: &lt;videos.views.AdminVideoViewSet object&gt;}, data={&#x27;title&#x27;: &#x27;Duplicate Test&#x27;, &#x27;subject&#x27;: 1, &#x27;youtube_url&#x27;: &#x27;https://youtu.be/dQw4w9WgXcQ&#x27;}):
    id = IntegerField(label=&#x27;ID&#x27;, read_only=True)
    title = CharField(max_length=255)
    description = CharField(allow_blank=True, required=False, style={&#x27;base_template&#x27;: &#x27;textarea.html&#x27;})
    youtube_id = CharField(allow_blank=True, allow_null=True, max_length=50, required=False, validators=[&lt;UniqueValidator(queryset=Video.objects.all())&gt;])
    youtube_url = URLField(allow_blank=True, allow_null=True, max_length=500, required=False)
    video_url = URLField(allow_blank=True, allow_null=True, max_length=500, required=False)
    subject = PrimaryKeyRelatedField(allow_null=True, queryset=Subject.objects.all(), required=False)
    type = ChoiceField(choices=[(&#x27;Theory&#x27;, &#x27;Theory&#x27;), (&#x27;Numerical&#x27;, &#x27;Numerical&#x27;)], required=False)
    important_topics = CharField(allow_blank=True, help_text=&#x27;Comma separated topics&#x27;, required=False, style={&#x27;base_template&#x27;: &#x27;textarea.html&#x27;})
    duration = CharField(allow_blank=True, max_length=20, required=False)
    thumbnail = URLField(allow_blank=True, max_length=500, required=False)
    source = ChoiceField(choices=[(&#x27;youtube&#x27;, &#x27;YouTube&#x27;), (&#x27;instagram&#x27;, &#x27;Instagram&#x27;), (&#x27;linkedin&#x27;, &#x27;LinkedIn&#x27;)], required=False)
    is_published = BooleanField(required=False)
    is_important = BooleanField(required=False)
    is_verified = BooleanField(required=False)
    created_at = DateTimeField(read_only=True)
    updated_at = DateTimeField(read_only=True)
    notes = NoteSerializer(many=True, read_only=True):
        id = IntegerField(label=&#x27;ID&#x27;, read_only=True)
        title = CharField(max_length=255)
        content = CharField(help_text=&#x27;Rich text / markdown supported&#x27;, style={&#x27;base_template&#x27;: &#x27;textarea.html&#x27;})
        pdf_file = FileField(allow_null=True, max_length=100, required=False)
        tags = CharField(allow_blank=True, help_text=&#x27;Comma-separated or JSON&#x27;, max_length=255, required=False)
        created_at = DateTimeField(read_only=True)
        video = PrimaryKeyRelatedField(queryset=Video.objects.all())
        subject = PrimaryKeyRelatedField(queryset=Subject.objects.all())</pre></td>
                  </tr>
                
              </tbody>
            </table>
            </details>
          
        </li>
      
        
        <li class="frame user">
          
            <code class="fname">C:\Users\omraj\OneDrive\Desktop\ConceptsIn5\backend\videos\views.py</code>, line 65, in perform_create
          

          
            <div class="context" id="c2691956665152">
              
                <ol start="58" class="pre-context" id="pre2691956665152">
                
                  <li onclick="toggle('pre2691956665152', 'post2691956665152')"><pre></pre></li>
                
                  <li onclick="toggle('pre2691956665152', 'post2691956665152')"><pre>    def perform_create(self, serializer):</pre></li>
                
                  <li onclick="toggle('pre2691956665152', 'post2691956665152')"><pre>        youtube_url = self.request.data.get(&#x27;youtube_url&#x27;)</pre></li>
                
                  <li onclick="toggle('pre2691956665152', 'post2691956665152')"><pre>        if youtube_url:</pre></li>
                
                  <li onclick="toggle('pre2691956665152', 'post2691956665152')"><pre>            video_id = extract_video_id(youtube_url)</pre></li>
                
                  <li onclick="toggle('pre2691956665152', 'post2691956665152')"><pre>            if not video_id:</pre></li>
                
                  <li onclick="toggle('pre2691956665152', 'post2691956665152')"><pre>                raise ValidationError({&quot;youtube_url&quot;: &quot;Invalid YouTube URL&quot;})</pre></li>
                
                </ol>
              
              <ol start="65" class="context-line">
                <li onclick="toggle('pre2691956665152', 'post2691956665152')"><pre>            serializer.save(
                ^</pre> <span>à</span></li>
              </ol>
              
                <ol start='66' class="post-context" id="post2691956665152">
                  
                  <li onclick="toggle('pre2691956665152', 'post2691956665152')"><pre>                youtube_id=video_id,</pre></li>
                  
                  <li onclick="toggle('pre2691956665152', 'post2691956665152')"><pre>                thumbnail=get_thumbnail(video_id),</pre></li>
                  
                  <li onclick="toggle('pre2691956665152', 'post2691956665152')"><pre>                video_url=get_embed_url(video_id)</pre></li>
                  
                  <li onclick="toggle('pre2691956665152', 'post2691956665152')"><pre>            )</pre></li>
                  
                  <li onclick="toggle('pre2691956665152', 'post2691956665152')"><pre>        else:</pre></li>
                  
                  <li onclick="toggle('pre2691956665152', 'post2691956665152')"><pre>            serializer.save()</pre></li>
                  
              </ol>
              
            </div>
          

          
            
              <details>
                <summary class="commands">Local vars</summary>
            
            <table class="vars" id="v2691956665152">
              <thead>
                <tr>
                  <th scope="col">Variable</th>
                  <th scope="col">Value</th>
                </tr>
              </thead>
              <tbody>
                
                  <tr>
                    <td>self</td>
                    <td class="code"><pre>&lt;videos.views.AdminVideoViewSet object at 0x00000272C5331280&gt;</pre></td>
                  </tr>
                
                  <tr>
                    <td>serializer</td>
                    <td class="code"><pre>VideoSerializer(context={&#x27;request&#x27;: &lt;rest_framework.request.Request: POST &#x27;/api/admin/videos/&#x27;&gt;, &#x27;format&#x27;: None, &#x27;view&#x27;: &lt;videos.views.AdminVideoViewSet object&gt;}, data={&#x27;title&#x27;: &#x27;Duplicate Test&#x27;, &#x27;subject&#x27;: 1, &#x27;youtube_url&#x27;: &#x27;https://youtu.be/dQw4w9WgXcQ&#x27;}):
    id = IntegerField(label=&#x27;ID&#x27;, read_only=True)
    title = CharField(max_length=255)
    description = CharField(allow_blank=True, required=False, style={&#x27;base_template&#x27;: &#x27;textarea.html&#x27;})
    youtube_id = CharField(allow_blank=True, allow_null=True, max_length=50, required=False, validators=[&lt;UniqueValidator(queryset=Video.objects.all())&gt;])
    youtube_url = URLField(allow_blank=True, allow_null=True, max_length=500, required=False)
    video_url = URLField(allow_blank=True, allow_null=True, max_length=500, required=False)
    subject = PrimaryKeyRelatedField(allow_null=True, queryset=Subject.objects.all(), required=False)
    type = ChoiceField(choices=[(&#x27;Theory&#x27;, &#x27;Theory&#x27;), (&#x27;Numerical&#x27;, &#x27;Numerical&#x27;)], required=False)
    important_topics = CharField(allow_blank=True, help_text=&#x27;Comma separated topics&#x27;, required=False, style={&#x27;base_template&#x27;: &#x27;textarea.html&#x27;})
    duration = CharField(allow_blank=True, max_length=20, required=False)
    thumbnail = URLField(allow_blank=True, max_length=500, required=False)
    source = ChoiceField(choices=[(&#x27;youtube&#x27;, &#x27;YouTube&#x27;), (&#x27;instagram&#x27;, &#x27;Instagram&#x27;), (&#x27;linkedin&#x27;, &#x27;LinkedIn&#x27;)], required=False)
    is_published = BooleanField(required=False)
    is_important = BooleanField(required=False)
    is_verified = BooleanField(required=False)
    created_at = DateTimeField(read_only=True)
    updated_at = DateTimeField(read_only=True)
    notes = NoteSerializer(many=True, read_only=True):
        id = IntegerField(label=&#x27;ID&#x27;, read_only=True)
        title = CharField(max_length=255)
        content = CharField(help_text=&#x27;Rich text / markdown supported&#x27;, style={&#x27;base_template&#x27;: &#x27;textarea.html&#x27;})
        pdf_file = FileField(allow_null=True, max_length=100, required=False)
        tags = CharField(allow_blank=True, help_text=&#x27;Comma-separated or JSON&#x27;, max_length=255, required=False)
        created_at = DateTimeField(read_only=True)
        video = PrimaryKeyRelatedField(queryset=Video.objects.all())
        subject = PrimaryKeyRelatedField(queryset=Subject.objects.all())</pre></td>
                  </tr>
                
                  <tr>
                    <td>video_id</td>
                    <td class="code"><pre>&#x27;dQw4w9WgXcQ&#x27;</pre></td>
                  </tr>
                
                  <tr>
                    <td>youtube_url</td>
                    <td class="code"><pre>&#x27;https://youtu.be/dQw4w9WgXcQ&#x27;</pre></td>
                  </tr>
                
              </tbody>
            </table>
            </details>
          
        </li>
      
        
        <li class="frame user">
          
            <code class="fname">C:\Users\omraj\AppData\Local\Programs\Python\Python312\Lib\site-packages\rest_framework\serializers.py</code>, line 210, in save
          

          
            <div class="context" id="c2691956668480">
              
                <ol start="203" class="pre-context" id="pre2691956668480">
                
                  <li onclick="toggle('pre2691956668480', 'post2691956668480')"><pre></pre></li>
                
                  <li onclick="toggle('pre2691956668480', 'post2691956668480')"><pre>        if self.instance is not None:</pre></li>
                
                  <li onclick="toggle('pre2691956668480', 'post2691956668480')"><pre>            self.instance = self.update(self.instance, validated_data)</pre></li>
                
                  <li onclick="toggle('pre2691956668480', 'post2691956668480')"><pre>            assert self.instance is not None, (</pre></li>
                
                  <li onclick="toggle('pre2691956668480', 'post2691956668480')"><pre>                &#x27;`update()` did not return an object instance.&#x27;</pre></li>
                
                  <li onclick="toggle('pre2691956668480', 'post2691956668480')"><pre>            )</pre></li>
                
                  <li onclick="toggle('pre2691956668480', 'post2691956668480')"><pre>        else:</pre></li>
                
                </ol>
              
              <ol start="210" class="context-line">
                <li onclick="toggle('pre2691956668480', 'post2691956668480')"><pre>            self.instance = self.create(validated_data)
                                 ^^^^^^^^^^^^^^^^^^^^^^^^^^^</pre> <span>à</span></li>
              </ol>
              
                <ol start='211' class="post-context" id="post2691956668480">
                  
                  <li onclick="toggle('pre2691956668480', 'post2691956668480')"><pre>            assert self.instance is not None, (</pre></li>
                  
                  <li onclick="toggle('pre2691956668480', 'post2691956668480')"><pre>                &#x27;`create()` did not return an object instance.&#x27;</pre></li>
                  
                  <li onclick="toggle('pre2691956668480', 'post2691956668480')"><pre>            )</pre></li>
                  
                  <li onclick="toggle('pre2691956668480', 'post2691956668480')"><pre></pre></li>
                  
                  <li onclick="toggle('pre2691956668480', 'post2691956668480')"><pre>        return self.instance</pre></li>
                  
                  <li onclick="toggle('pre2691956668480', 'post2691956668480')"><pre></pre></li>
                  
              </ol>
              
            </div>
          

          
            
              <details>
                <summary class="commands">Local vars</summary>
            
            <table class="vars" id="v2691956668480">
              <thead>
                <tr>
                  <th scope="col">Variable</th>
                  <th scope="col">Value</th>
                </tr>
              </thead>
              <tbody>
                
                  <tr>
                    <td>kwargs</td>
                    <td class="code"><pre>{&#x27;thumbnail&#x27;: &#x27;https://img.youtube.com/vi/dQw4w9WgXcQ/maxresdefault.jpg&#x27;,
 &#x27;video_url&#x27;: &#x27;https://www.youtube.com/embed/dQw4w9WgXcQ&#x27;,
 &#x27;youtube_id&#x27;: &#x27;dQw4w9WgXcQ&#x27;}</pre></td>
                  </tr>
                
                  <tr>
                    <td>self</td>
                    <td class="code"><pre>VideoSerializer(context={&#x27;request&#x27;: &lt;rest_framework.request.Request: POST &#x27;/api/admin/videos/&#x27;&gt;, &#x27;format&#x27;: None, &#x27;view&#x27;: &lt;videos.views.AdminVideoViewSet object&gt;}, data={&#x27;title&#x27;: &#x27;Duplicate Test&#x27;, &#x27;subject&#x27;: 1, &#x27;youtube_url&#x27;: &#x27;https://youtu.be/dQw4w9WgXcQ&#x27;}):
    id = IntegerField(label=&#x27;ID&#x27;, read_only=True)
    title = CharField(max_length=255)
    description = CharField(allow_blank=True, required=False, style={&#x27;base_template&#x27;: &#x27;textarea.html&#x27;})
    youtube_id = CharField(allow_blank=True, allow_null=True, max_length=50, required=False, validators=[&lt;UniqueValidator(queryset=Video.objects.all())&gt;])
    youtube_url = URLField(allow_blank=True, allow_null=True, max_length=500, required=False)
    video_url = URLField(allow_blank=True, allow_null=True, max_length=500, required=False)
    subject = PrimaryKeyRelatedField(allow_null=True, queryset=Subject.objects.all(), required=False)
    type = ChoiceField(choices=[(&#x27;Theory&#x27;, &#x27;Theory&#x27;), (&#x27;Numerical&#x27;, &#x27;Numerical&#x27;)], required=False)
    important_topics = CharField(allow_blank=True, help_text=&#x27;Comma separated topics&#x27;, required=False, style={&#x27;base_template&#x27;: &#x27;textarea.html&#x27;})
    duration = CharField(allow_blank=True, max_length=20, required=False)
    thumbnail = URLField(allow_blank=True, max_length=500, required=False)
    source = ChoiceField(choices=[(&#x27;youtube&#x27;, &#x27;YouTube&#x27;), (&#x27;instagram&#x27;, &#x27;Instagram&#x27;), (&#x27;linkedin&#x27;, &#x27;LinkedIn&#x27;)], required=False)
    is_published = BooleanField(required=False)
    is_important = BooleanField(required=False)
    is_verified = BooleanField(required=False)
    created_at = DateTimeField(read_only=True)
    updated_at = DateTimeField(read_only=True)
    notes = NoteSerializer(many=True, read_only=True):
        id = IntegerField(label=&#x27;ID&#x27;, read_only=True)
        title = CharField(max_length=255)
        content = CharField(help_text=&#x27;Rich text / markdown supported&#x27;, style={&#x27;base_template&#x27;: &#x27;textarea.html&#x27;})
        pdf_file = FileField(allow_null=True, max_length=100, required=False)
        tags = CharField(allow_blank=True, help_text=&#x27;Comma-separated or JSON&#x27;, max_length=255, required=False)
        created_at = DateTimeField(read_only=True)
        video = PrimaryKeyRelatedField(queryset=Video.objects.all())
        subject = PrimaryKeyRelatedField(queryset=Subject.objects.all())</pre></td>
                  </tr>
                
                  <tr>
                    <td>validated_data</td>
                    <td class="code"><pre>{&#x27;subject&#x27;: &lt;Subject: DBMS&gt;,
 &#x27;thumbnail&#x27;: &#x27;https://img.youtube.com/vi/dQw4w9WgXcQ/maxresdefault.jpg&#x27;,
 &#x27;title&#x27;: &#x27;Duplicate Test&#x27;,
 &#x27;video_url&#x27;: &#x27;https://www.youtube.com/embed/dQw4w9WgXcQ&#x27;,
 &#x27;youtube_id&#x27;: &#x27;dQw4w9WgXcQ&#x27;,
 &#x27;youtube_url&#x27;: &#x27;https://youtu.be/dQw4w9WgXcQ&#x27;}</pre></td>
                  </tr>
                
              </tbody>
            </table>
            </details>
          
        </li>
      
        
        <li class="frame user">
          
            <code class="fname">C:\Users\omraj\AppData\Local\Programs\Python\Python312\Lib\site-packages\rest_framework\serializers.py</code>, line 991, in create
          

          
            <div class="context" id="c2691957137088">
              
                <ol start="984" class="pre-context" id="pre2691957137088">
                
                  <li onclick="toggle('pre2691957137088', 'post2691957137088')"><pre>        info = model_meta.get_field_info(ModelClass)</pre></li>
                
                  <li onclick="toggle('pre2691957137088', 'post2691957137088')"><pre>        many_to_many = {}</pre></li>
                
                  <li onclick="toggle('pre2691957137088', 'post2691957137088')"><pre>        for field_name, relation_info in info.relations.items():</pre></li>
                
                  <li onclick="toggle('pre2691957137088', 'post2691957137088')"><pre>            if relation_info.to_many and (field_name in validated_data):</pre></li>
                
                  <li onclick="toggle('pre2691957137088', 'post2691957137088')"><pre>                many_to_many[field_name] = validated_data.pop(field_name)</pre></li>
                
                  <li onclick="toggle('pre2691957137088', 'post2691957137088')"><pre></pre></li>
                
                  <li onclick="toggle('pre2691957137088', 'post2691957137088')"><pre>        try:</pre></li>
                
                </ol>
              
              <ol start="991" class="context-line">
                <li onclick="toggle('pre2691957137088', 'post2691957137088')"><pre>            instance = ModelClass._default_manager.create(**validated_data)
                            ^^^^^^^^^^^^^^^^^^^^^^^^^^^^^^^^^^^^^^^^^^^^^^^^^^^^</pre> <span>à</span></li>
              </ol>
              
                <ol start='992' class="post-context" id="post2691957137088">
                  
                  <li onclick="toggle('pre2691957137088', 'post2691957137088')"><pre>        except TypeError:</pre></li>
                  
                  <li onclick="toggle('pre2691957137088', 'post2691957137088')"><pre>            tb = traceback.format_exc()</pre></li>
                  
                  <li onclick="toggle('pre2691957137088', 'post2691957137088')"><pre>            msg = (</pre></li>
                  
                  <li onclick="toggle('pre2691957137088', 'post2691957137088')"><pre>                &#x27;Got a `TypeError` when calling `%s.%s.create()`. &#x27;</pre></li>
                  
                  <li onclick="toggle('pre2691957137088', 'post2691957137088')"><pre>                &#x27;This may be because you have a writable field on the &#x27;</pre></li>
                  
                  <li onclick="toggle('pre2691957137088', 'post2691957137088')"><pre>                &#x27;serializer class that is not a valid argument to &#x27;</pre></li>
                  
              </ol>
              
            </div>
          

          
            
              <details>
                <summary class="commands">Local vars</summary>
            
            <table class="vars" id="v2691957137088">
              <thead>
                <tr>
                  <th scope="col">Variable</th>
                  <th scope="col">Value</th>
                </tr>
              </thead>
              <tbody>
                
                  <tr>
                    <td>ModelClass</td>
                    <td class="code"><pre>&lt;class &#x27;videos.models.Video&#x27;&gt;</pre></td>
                  </tr>
                
                  <tr>
                    <td>field_name</td>
                    <td class="code"><pre>&#x27;notes&#x27;</pre></td>
                  </tr>
                
                  <tr>
                    <td>info</td>
                    <td class="code"><pre>FieldInfo(pk=&lt;django.db.models.fields.BigAutoField: id&gt;, fields={&#x27;title&#x27;: &lt;django.db.models.fields.CharField: title&gt;, &#x27;description&#x27;: &lt;django.db.models.fields.TextField: description&gt;, &#x27;youtube_id&#x27;: &lt;django.db.models.fields.CharField: youtube_id&gt;, &#x27;video_url&#x27;: &lt;django.db.models.fields.URLField: video_url&gt;, &#x27;youtube_url&#x27;: &lt;django.db.models.fields.URLField: youtube_url&gt;, &#x27;type&#x27;: &lt;django.db.models.fields.CharField: type&gt;, &#x27;important_topics&#x27;: &lt;django.db.models.fields.TextField: important_topics&gt;, &#x27;duration&#x27;: &lt;django.db.models.fields.CharField: duration&gt;, &#x27;thumbnail&#x27;: &lt;django.db.models.fields.URLField: thumbnail&gt;, &#x27;source&#x27;: &lt;django.db.models.fields.CharField: source&gt;, &#x27;is_published&#x27;: &lt;django.db.models.fields.BooleanField: is_published&gt;, &#x27;is_important&#x27;: &lt;django.db.models.fields.BooleanField: is_important&gt;, &#x27;is_verified&#x27;: &lt;django.db.models.fields.BooleanField: is_verified&gt;, &#x27;created_at&#x27;: &lt;django.db.models.fields.DateTimeField: created_at&gt;, &#x27;updated_at&#x27;: &lt;django.db.models.fields.DateTimeField: updated_at&gt;, &#x27;fetch_from_youtube&#x27;: &lt;django.db.models.fields.BooleanField: fetch_from_youtube&gt;, &#x27;youtube_url_input&#x27;: &lt;django.db.models.fields.URLField: youtube_url_input&gt;}, forward_relations={&#x27;subject&#x27;: RelationInfo(model_field=&lt;django.db.models.fields.related.ForeignKey: subject&gt;, related_model=&lt;class &#x27;videos.models.Subject&#x27;&gt;, to_many=False, to_field=&#x27;id&#x27;, has_through_model=False, reverse=False)}, reverse_relations={&#x27;notes&#x27;: RelationInfo(model_field=None, related_model=&lt;class &#x27;videos.models.Note&#x27;&gt;, to_many=True, to_field=&#x27;id&#x27;, has_through_model=False, reverse=True)}, fields_and_pk={&#x27;pk&#x27;: &lt;django.db.models.fields.BigAutoField: id&gt;, &#x27;id&#x27;: &lt;django.db.models.fields.BigAutoField: id&gt;, &#x27;title&#x27;: &lt;django.db.models.fields.CharField: title&gt;, &#x27;description&#x27;: &lt;django.db.models.fields.TextField: description&gt;, &#x27;youtube_id&#x27;: &lt;django.db.models.fields.CharField: youtube_id&gt;, &#x27;video_url&#x27;: &lt;django.db.models.fields.URLField: video_url&gt;, &#x27;youtube_url&#x27;: &lt;django.db.models.fields.URLField: youtube_url&gt;, &#x27;type&#x27;: &lt;django.db.models.fields.CharField: type&gt;, &#x27;important_topics&#x27;: &lt;django.db.models.fields.TextField: important_topics&gt;, &#x27;duration&#x27;: &lt;django.db.models.fields.CharField: duration&gt;, &#x27;thumbnail&#x27;: &lt;django.db.models.fields.URLField: thumbnail&gt;, &#x27;source&#x27;: &lt;django.db.models.fields.CharField: source&gt;, &#x27;is_published&#x27;: &lt;django.db.models.fields.BooleanField: is_published&gt;, &#x27;is_important&#x27;: &lt;django.db.models.fields.BooleanField: is_important&gt;, &#x27;is_verified&#x27;: &lt;django.db.models.fields.BooleanField: is_verified&gt;, &#x27;created_at&#x27;: &lt;django.db.models.fields.DateTimeField: created_at&gt;, &#x27;updated_at&#x27;: &lt;django.db.models.fields.DateTimeField: updated_at&gt;, &#x27;fetch_from_youtube&#x27;: &lt;django.db.models.fields.BooleanField: fetch_from_youtube&gt;, &#x27;youtube_url_input&#x27;: &lt;django.db.models.fields.URLField: youtube_url_input&gt;}, relations={&#x27;subject&#x27;: RelationInfo(model_field=&lt;django.db.models.fields.related.ForeignKey: subject&gt;, related_model=&lt;class &#x27;videos.models.Subject&#x27;&gt;, to_many=False, to_field=&#x27;id&#x27;, has_through_model=False, reverse=False), &#x27;notes&#x27;: RelationInfo(model_field=None, related_model=&lt;class &#x27;videos.models.Note&#x27;&gt;, to_many=True, to_field=&#x27;id&#x27;, has_through_model=False, reverse=True)})</pre></td>
                  </tr>
                
                  <tr>
                    <td>many_to_many</td>
                    <td class="code"><pre>{}</pre></td>
                  </tr>
                
                  <tr>
                    <td>relation_info</td>
                    <td class="code"><pre>RelationInfo(model_field=None, related_model=&lt;class &#x27;videos.models.Note&#x27;&gt;, to_many=True, to_field=&#x27;id&#x27;, has_through_model=False, reverse=True)</pre></td>
                  </tr>
                
                  <tr>
                    <td>self</td>
                    <td class="code"><pre>VideoSerializer(context={&#x27;request&#x27;: &lt;rest_framework.request.Request: POST &#x27;/api/admin/videos/&#x27;&gt;, &#x27;format&#x27;: None, &#x27;view&#x27;: &lt;videos.views.AdminVideoViewSet object&gt;}, data={&#x27;title&#x27;: &#x27;Duplicate Test&#x27;, &#x27;subject&#x27;: 1, &#x27;youtube_url&#x27;: &#x27;https://youtu.be/dQw4w9WgXcQ&#x27;}):
    id = IntegerField(label=&#x27;ID&#x27;, read_only=True)
    title = CharField(max_length=255)
    description = CharField(allow_blank=True, required=False, style={&#x27;base_template&#x27;: &#x27;textarea.html&#x27;})
    youtube_id = CharField(allow_blank=True, allow_null=True, max_length=50, required=False, validators=[&lt;UniqueValidator(queryset=Video.objects.all())&gt;])
    youtube_url = URLField(allow_blank=True, allow_null=True, max_length=500, required=False)
    video_url = URLField(allow_blank=True, allow_null=True, max_length=500, required=False)
    subject = PrimaryKeyRelatedField(allow_null=True, queryset=Subject.objects.all(), required=False)
    type = ChoiceField(choices=[(&#x27;Theory&#x27;, &#x27;Theory&#x27;), (&#x27;Numerical&#x27;, &#x27;Numerical&#x27;)], required=False)
    important_topics = CharField(allow_blank=True, help_text=&#x27;Comma separated topics&#x27;, required=False, style={&#x27;base_template&#x27;: &#x27;textarea.html&#x27;})
    duration = CharField(allow_blank=True, max_length=20, required=False)
    thumbnail = URLField(allow_blank=True, max_length=500, required=False)
    source = ChoiceField(choices=[(&#x27;youtube&#x27;, &#x27;YouTube&#x27;), (&#x27;instagram&#x27;, &#x27;Instagram&#x27;), (&#x27;linkedin&#x27;, &#x27;LinkedIn&#x27;)], required=False)
    is_published = BooleanField(required=False)
    is_important = BooleanField(required=False)
    is_verified = BooleanField(required=False)
    created_at = DateTimeField(read_only=True)
    updated_at = DateTimeField(read_only=True)
    notes = NoteSerializer(many=True, read_only=True):
        id = IntegerField(label=&#x27;ID&#x27;, read_only=True)
        title = CharField(max_length=255)
        content = CharField(help_text=&#x27;Rich text / markdown supported&#x27;, style={&#x27;base_template&#x27;: &#x27;textarea.html&#x27;})
        pdf_file = FileField(allow_null=True, max_length=100, required=False)
        tags = CharField(allow_blank=True, help_text=&#x27;Comma-separated or JSON&#x27;, max_length=255, required=False)
        created_at = DateTimeField(read_only=True)
        video = PrimaryKeyRelatedField(queryset=Video.objects.all())
        subject = PrimaryKeyRelatedField(queryset=Subject.objects.all())</pre></td>
                  </tr>
                
                  <tr>
                    <td>validated_data</td>
                    <td class="code"><pre>{&#x27;subject&#x27;: &lt;Subject: DBMS&gt;,
 &#x27;thumbnail&#x27;: &#x27;https://img.youtube.com/vi/dQw4w9WgXcQ/maxresdefault.jpg&#x27;,
 &#x27;title&#x27;: &#x27;Duplicate Test&#x27;,
 &#x27;video_url&#x27;: &#x27;https://www.youtube.com/embed/dQw4w9WgXcQ&#x27;,
 &#x27;youtube_id&#x27;: &#x27;dQw4w9WgXcQ&#x27;,
 &#x27;youtube_url&#x27;: &#x27;https://youtu.be/dQw4w9WgXcQ&#x27;}</pre></td>
                  </tr>
                
              </tbody>
            </table>
            </details>
          
        </li>
      
        
        <li class="frame django">
          
            <code class="fname">C:\Users\omraj\AppData\Local\Programs\Python\Python312\Lib\site-packages\django\db\models\manager.py</code>, line 87, in manager_method
          

          
            <div class="context" id="c2691956660864">
              
                <ol start="80" class="pre-context" id="pre2691956660864">
                
                  <li onclick="toggle('pre2691956660864', 'post2691956660864')"><pre>        return []</pre></li>
                
                  <li onclick="toggle('pre2691956660864', 'post2691956660864')"><pre></pre></li>
                
                  <li onclick="toggle('pre2691956660864', 'post2691956660864')"><pre>    @classmethod</pre></li>
                
                  <li onclick="toggle('pre2691956660864', 'post2691956660864')"><pre>    def _get_queryset_methods(cls, queryset_class):</pre></li>
                
                  <li onclick="toggle('pre2691956660864', 'post2691956660864')"><pre>        def create_method(name, method):</pre></li>
                
                  <li onclick="toggle('pre2691956660864', 'post2691956660864')"><pre>            @wraps(method)</pre></li>
                
                  <li onclick="toggle('pre2691956660864', 'post2691956660864')"><pre>            def manager_method(self, *args, **kwargs):</pre></li>
                
                </ol>
              
              <ol start="87" class="context-line">
                <li onclick="toggle('pre2691956660864', 'post2691956660864')"><pre>                return getattr(self.get_queryset(), name)(*args, **kwargs)
                           ^^^^^^^^^^^^^^^^^^^^^^^^^^^^^^^^^^^^^^^^^^^^^^^^^^^</pre> <span>à</span></li>
              </ol>
              
                <ol start='88' class="post-context" id="post2691956660864">
                  
                  <li onclick="toggle('pre2691956660864', 'post2691956660864')"><pre></pre></li>
                  
                  <li onclick="toggle('pre2691956660864', 'post2691956660864')"><pre>            return manager_method</pre></li>
                  
                  <li onclick="toggle('pre2691956660864', 'post2691956660864')"><pre></pre></li>
                  
                  <li onclick="toggle('pre2691956660864', 'post2691956660864')"><pre>        new_methods = {}</pre></li>
                  
                  <li onclick="toggle('pre2691956660864', 'post2691956660864')"><pre>        for name, method in inspect.getmembers(</pre></li>
                  
                  <li onclick="toggle('pre2691956660864', 'post2691956660864')"><pre>            queryset_class, predicate=inspect.isfunction</pre></li>
                  
              </ol>
              
            </div>
          

          
            
              <details>
                <summary class="commands">Local vars</summary>
            
            <table class="vars" id="v2691956660864">
              <thead>
                <tr>
                  <th scope="col">Variable</th>
                  <th scope="col">Value</th>
                </tr>
              </thead>
              <tbody>
                
                  <tr>
                    <td>args</td>
                    <td class="code"><pre>()</pre></td>
                  </tr>
                
                  <tr>
                    <td>kwargs</td>
                    <td class="code"><pre>{&#x27;subject&#x27;: &lt;Subject: DBMS&gt;,
 &#x27;thumbnail&#x27;: &#x27;https://img.youtube.com/vi/dQw4w9WgXcQ/maxresdefault.jpg&#x27;,
 &#x27;title&#x27;: &#x27;Duplicate Test&#x27;,
 &#x27;video_url&#x27;: &#x27;https://www.youtube.com/embed/dQw4w9WgXcQ&#x27;,
 &#x27;youtube_id&#x27;: &#x27;dQw4w9WgXcQ&#x27;,
 &#x27;youtube_url&#x27;: &#x27;https://youtu.be/dQw4w9WgXcQ&#x27;}</pre></td>
                  </tr>
                
                  <tr>
                    <td>name</td>
                    <td class="code"><pre>&#x27;create&#x27;</pre></td>
                  </tr>
                
                  <tr>
                    <td>self</td>
                    <td class="code"><pre>&lt;django.db.models.manager.Manager object at 0x00000272C4CC0380&gt;</pre></td>
                  </tr>
                
              </tbody>
            </table>
            </details>
          
        </li>
      
        
        <li class="frame django">
          
            <code class="fname">C:\Users\omraj\AppData\Local\Programs\Python\Python312\Lib\site-packages\django\db\models\query.py</code>, line 679, in create
          

          
            <div class="context" id="c2691956756864">
              
                <ol start="672" class="pre-context" id="pre2691956756864">
                
                  <li onclick="toggle('pre2691956756864', 'post2691956756864')"><pre>            raise ValueError(</pre></li>
                
                  <li onclick="toggle('pre2691956756864', 'post2691956756864')"><pre>                &quot;The following fields do not exist in this model: %s&quot;</pre></li>
                
                  <li onclick="toggle('pre2691956756864', 'post2691956756864')"><pre>                % &quot;, &quot;.join(reverse_one_to_one_fields)</pre></li>
                
                  <li onclick="toggle('pre2691956756864', 'post2691956756864')"><pre>            )</pre></li>
                
                  <li onclick="toggle('pre2691956756864', 'post2691956756864')"><pre></pre></li>
                
                  <li onclick="toggle('pre2691956756864', 'post2691956756864')"><pre>        obj = self.model(**kwargs)</pre></li>
                
                  <li onclick="toggle('pre2691956756864', 'post2691956756864')"><pre>        self._for_write = True</pre></li>
                
                </ol>
              
              <ol start="679" class="context-line">
                <li onclick="toggle('pre2691956756864', 'post2691956756864')"><pre>        obj.save(force_insert=True, using=self.db)
             ^^^^^^^^^^^^^^^^^^^^^^^^^^^^^^^^^^^^^^^^^^</pre> <span>à</span></li>
              </ol>
              
                <ol start='680' class="post-context" id="post2691956756864">
                  
                  <li onclick="toggle('pre2691956756864', 'post2691956756864')"><pre>        return obj</pre></li>
                  
                  <li onclick="toggle('pre2691956756864', 'post2691956756864')"><pre></pre></li>
                  
                  <li onclick="toggle('pre2691956756864', 'post2691956756864')"><pre>    async def acreate(self, **kwargs):</pre></li>
                  
                  <li onclick="toggle('pre2691956756864', 'post2691956756864')"><pre>        return await sync_to_async(self.create)(**kwargs)</pre></li>
                  
                  <li onclick="toggle('pre2691956756864', 'post2691956756864')"><pre></pre></li>
                  
                  <li onclick="toggle('pre2691956756864', 'post2691956756864')"><pre>    def _prepare_for_bulk_create(self, objs):</pre></li>
                  
              </ol>
              
            </div>
          

          
            
              <details>
                <summary class="commands">Local vars</summary>
            
            <table class="vars" id="v2691956756864">
              <thead>
                <tr>
                  <th scope="col">Variable</th>
                  <th scope="col">Value</th>
                </tr>
              </thead>
              <tbody>
                
                  <tr>
                    <td>kwargs</td>
                    <td class="code"><pre>{&#x27;subject&#x27;: &lt;Subject: DBMS&gt;,
 &#x27;thumbnail&#x27;: &#x27;https://img.youtube.com/vi/dQw4w9WgXcQ/maxresdefault.jpg&#x27;,
 &#x27;title&#x27;: &#x27;Duplicate Test&#x27;,
 &#x27;video_url&#x27;: &#x27;https://www.youtube.com/embed/dQw4w9WgXcQ&#x27;,
 &#x27;youtube_id&#x27;: &#x27;dQw4w9WgXcQ&#x27;,
 &#x27;youtube_url&#x27;: &#x27;https://youtu.be/dQw4w9WgXcQ&#x27;}</pre></td>
                  </tr>
                
                  <tr>
                    <td>obj</td>
                    <td class="code"><pre>&lt;Video: Duplicate Test&gt;</pre></td>
                  </tr>
                
                  <tr>
                    <td>reverse_one_to_one_fields</td>
                    <td class="code"><pre>frozenset()</pre></td>
                  </tr>
                
                  <tr>
                    <td>self</td>
                    <td class="code"><pre>&lt;QuerySet [&lt;Video: YouTube Auto-fill Module&gt;, &lt;Video: Manual Theory Module&gt;, &lt;Video: Invalid URL Test&gt;, &lt;Video: Naive Bayes - FINAL TEST&gt;, &lt;Video: Machine Learning Basics | Sem 6 ML Easy Explanation |&gt;, &lt;Video: Manually Created Video&gt;, &lt;Video: Optimized Video 2&gt;, &lt;Video: Optimized Video 1&gt;, &lt;Video: Machine Learning Basics&gt;]&gt;</pre></td>
                  </tr>
                
              </tbody>
            </table>
            </details>
          
        </li>
      
        
        <li class="frame django">
          
            <code class="fname">C:\Users\omraj\AppData\Local\Programs\Python\Python312\Lib\site-packages\django\db\models\base.py</code>, line 891, in save
          

          
            <div class="context" id="c2691956655488">
              
                <ol start="884" class="pre-context" id="pre2691956655488">
                
                  <li onclick="toggle('pre2691956655488', 'post2691956655488')"><pre>            for field in self._meta.concrete_fields:</pre></li>
                
                  <li onclick="toggle('pre2691956655488', 'post2691956655488')"><pre>                if not field.primary_key and not hasattr(field, &quot;through&quot;):</pre></li>
                
                  <li onclick="toggle('pre2691956655488', 'post2691956655488')"><pre>                    field_names.add(field.attname)</pre></li>
                
                  <li onclick="toggle('pre2691956655488', 'post2691956655488')"><pre>            loaded_fields = field_names.difference(deferred_non_generated_fields)</pre></li>
                
                  <li onclick="toggle('pre2691956655488', 'post2691956655488')"><pre>            if loaded_fields:</pre></li>
                
                  <li onclick="toggle('pre2691956655488', 'post2691956655488')"><pre>                update_fields = frozenset(loaded_fields)</pre></li>
                
                  <li onclick="toggle('pre2691956655488', 'post2691956655488')"><pre></pre></li>
                
                </ol>
              
              <ol start="891" class="context-line">
                <li onclick="toggle('pre2691956655488', 'post2691956655488')"><pre>        self.save_base(
             ^</pre> <span>à</span></li>
              </ol>
              
                <ol start='892' class="post-context" id="post2691956655488">
                  
                  <li onclick="toggle('pre2691956655488', 'post2691956655488')"><pre>            using=using,</pre></li>
                  
                  <li onclick="toggle('pre2691956655488', 'post2691956655488')"><pre>            force_insert=force_insert,</pre></li>
                  
                  <li onclick="toggle('pre2691956655488', 'post2691956655488')"><pre>            force_update=force_update,</pre></li>
                  
                  <li onclick="toggle('pre2691956655488', 'post2691956655488')"><pre>            update_fields=update_fields,</pre></li>
                  
                  <li onclick="toggle('pre2691956655488', 'post2691956655488')"><pre>        )</pre></li>
                  
                  <li onclick="toggle('pre2691956655488', 'post2691956655488')"><pre></pre></li>
                  
              </ol>
              
            </div>
          

          
            
              <details>
                <summary class="commands">Local vars</summary>
            
            <table class="vars" id="v2691956655488">
              <thead>
                <tr>
                  <th scope="col">Variable</th>
                  <th scope="col">Value</th>
                </tr>
              </thead>
              <tbody>
                
                  <tr>
                    <td>args</td>
                    <td class="code"><pre>()</pre></td>
                  </tr>
                
                  <tr>
                    <td>deferred_non_generated_fields</td>
                    <td class="code"><pre>set()</pre></td>
                  </tr>
                
                  <tr>
                    <td>force_insert</td>
                    <td class="code"><pre>True</pre></td>
                  </tr>
                
                  <tr>
                    <td>force_update</td>
                    <td class="code"><pre>False</pre></td>
                  </tr>
                
                  <tr>
                    <td>self</td>
                    <td class="code"><pre>&lt;Video: Duplicate Test&gt;</pre></td>
                  </tr>
                
                  <tr>
                    <td>update_fields</td>
                    <td class="code"><pre>None</pre></td>
                  </tr>
                
                  <tr>
                    <td>using</td>
                    <td class="code"><pre>&#x27;default&#x27;</pre></td>
                  </tr>
                
              </tbody>
            </table>
            </details>
          
        </li>
      
        
        <li class="frame django">
          
            <code class="fname">C:\Users\omraj\AppData\Local\Programs\Python\Python312\Lib\site-packages\django\db\models\base.py</code>, line 997, in save_base
          

          
            <div class="context" id="c2691956765760">
              
                <ol start="990" class="pre-context" id="pre2691956765760">
                
                  <li onclick="toggle('pre2691956765760', 'post2691956765760')"><pre>            parent_inserted = False</pre></li>
                
                  <li onclick="toggle('pre2691956765760', 'post2691956765760')"><pre>            if not raw:</pre></li>
                
                  <li onclick="toggle('pre2691956765760', 'post2691956765760')"><pre>                # Validate force insert only when parents are inserted.</pre></li>
                
                  <li onclick="toggle('pre2691956765760', 'post2691956765760')"><pre>                force_insert = self._validate_force_insert(force_insert)</pre></li>
                
                  <li onclick="toggle('pre2691956765760', 'post2691956765760')"><pre>                parent_inserted = self._save_parents(</pre></li>
                
                  <li onclick="toggle('pre2691956765760', 'post2691956765760')"><pre>                    cls, using, update_fields, force_insert</pre></li>
                
                  <li onclick="toggle('pre2691956765760', 'post2691956765760')"><pre>                )</pre></li>
                
                </ol>
              
              <ol start="997" class="context-line">
                <li onclick="toggle('pre2691956765760', 'post2691956765760')"><pre>            updated = self._save_table(
                           </pre> <span>à</span></li>
              </ol>
              
                <ol start='998' class="post-context" id="post2691956765760">
                  
                  <li onclick="toggle('pre2691956765760', 'post2691956765760')"><pre>                raw,</pre></li>
                  
                  <li onclick="toggle('pre2691956765760', 'post2691956765760')"><pre>                cls,</pre></li>
                  
                  <li onclick="toggle('pre2691956765760', 'post2691956765760')"><pre>                force_insert or parent_inserted,</pre></li>
                  
                  <li onclick="toggle('pre2691956765760', 'post2691956765760')"><pre>                force_update,</pre></li>
                  
                  <li onclick="toggle('pre2691956765760', 'post2691956765760')"><pre>                using,</pre></li>
                  
                  <li onclick="toggle('pre2691956765760', 'post2691956765760')"><pre>                update_fields,</pre></li>
                  
              </ol>
              
            </div>
          

          
            
              <details>
                <summary class="commands">Local vars</summary>
            
            <table class="vars" id="v2691956765760">
              <thead>
                <tr>
                  <th scope="col">Variable</th>
                  <th scope="col">Value</th>
                </tr>
              </thead>
              <tbody>
                
                  <tr>
                    <td>cls</td>
                    <td class="code"><pre>&lt;class &#x27;videos.models.Video&#x27;&gt;</pre></td>
                  </tr>
                
                  <tr>
                    <td>context_manager</td>
                    <td class="code"><pre>&lt;contextlib._GeneratorContextManager object at 0x00000272C5264A70&gt;</pre></td>
                  </tr>
                
                  <tr>
                    <td>force_insert</td>
                    <td class="code"><pre>(&lt;class &#x27;videos.models.Video&#x27;&gt;,)</pre></td>
                  </tr>
                
                  <tr>
                    <td>force_update</td>
                    <td class="code"><pre>False</pre></td>
                  </tr>
                
                  <tr>
                    <td>meta</td>
                    <td class="code"><pre>&lt;Options for Video&gt;</pre></td>
                  </tr>
                
                  <tr>
                    <td>origin</td>
                    <td class="code"><pre>&lt;class &#x27;videos.models.Video&#x27;&gt;</pre></td>
                  </tr>
                
                  <tr>
                    <td>parent_inserted</td>
                    <td class="code"><pre>False</pre></td>
                  </tr>
                
                  <tr>
                    <td>raw</td>
                    <td class="code"><pre>False</pre></td>
                  </tr>
                
                  <tr>
                    <td>self</td>
                    <td class="code"><pre>&lt;Video: Duplicate Test&gt;</pre></td>
                  </tr>
                
                  <tr>
                    <td>update_fields</td>
                    <td class="code"><pre>None</pre></td>
                  </tr>
                
                  <tr>
                    <td>using</td>
                    <td class="code"><pre>&#x27;default&#x27;</pre></td>
                  </tr>
                
              </tbody>
            </table>
            </details>
          
        </li>
      
        
        <li class="frame django">
          
            <code class="fname">C:\Users\omraj\AppData\Local\Programs\Python\Python312\Lib\site-packages\django\db\models\base.py</code>, line 1160, in _save_table
          

          
            <div class="context" id="c2691956762816">
              
                <ol start="1153" class="pre-context" id="pre2691956762816">
                
                  <li onclick="toggle('pre2691956762816', 'post2691956762816')"><pre>                )</pre></li>
                
                  <li onclick="toggle('pre2691956762816', 'post2691956762816')"><pre>            fields = [</pre></li>
                
                  <li onclick="toggle('pre2691956762816', 'post2691956762816')"><pre>                f</pre></li>
                
                  <li onclick="toggle('pre2691956762816', 'post2691956762816')"><pre>                for f in meta.local_concrete_fields</pre></li>
                
                  <li onclick="toggle('pre2691956762816', 'post2691956762816')"><pre>                if not f.generated and (pk_set or f is not meta.auto_field)</pre></li>
                
                  <li onclick="toggle('pre2691956762816', 'post2691956762816')"><pre>            ]</pre></li>
                
                  <li onclick="toggle('pre2691956762816', 'post2691956762816')"><pre>            returning_fields = meta.db_returning_fields</pre></li>
                
                </ol>
              
              <ol start="1160" class="context-line">
                <li onclick="toggle('pre2691956762816', 'post2691956762816')"><pre>            results = self._do_insert(
                            </pre> <span>à</span></li>
              </ol>
              
                <ol start='1161' class="post-context" id="post2691956762816">
                  
                  <li onclick="toggle('pre2691956762816', 'post2691956762816')"><pre>                cls._base_manager, using, fields, returning_fields, raw</pre></li>
                  
                  <li onclick="toggle('pre2691956762816', 'post2691956762816')"><pre>            )</pre></li>
                  
                  <li onclick="toggle('pre2691956762816', 'post2691956762816')"><pre>            if results:</pre></li>
                  
                  <li onclick="toggle('pre2691956762816', 'post2691956762816')"><pre>                for value, field in zip(results[0], returning_fields):</pre></li>
                  
                  <li onclick="toggle('pre2691956762816', 'post2691956762816')"><pre>                    setattr(self, field.attname, value)</pre></li>
                  
                  <li onclick="toggle('pre2691956762816', 'post2691956762816')"><pre>        return updated</pre></li>
                  
              </ol>
              
            </div>
          

          
            
              <details>
                <summary class="commands">Local vars</summary>
            
            <table class="vars" id="v2691956762816">
              <thead>
                <tr>
                  <th scope="col">Variable</th>
                  <th scope="col">Value</th>
                </tr>
              </thead>
              <tbody>
                
                  <tr>
                    <td>cls</td>
                    <td class="code"><pre>&lt;class &#x27;videos.models.Video&#x27;&gt;</pre></td>
                  </tr>
                
                  <tr>
                    <td>fields</td>
                    <td class="code"><pre>[&lt;django.db.models.fields.CharField: title&gt;,
 &lt;django.db.models.fields.TextField: description&gt;,
 &lt;django.db.models.fields.CharField: youtube_id&gt;,
 &lt;django.db.models.fields.URLField: video_url&gt;,
 &lt;django.db.models.fields.URLField: youtube_url&gt;,
 &lt;django.db.models.fields.related.ForeignKey: subject&gt;,
 &lt;django.db.models.fields.CharField: type&gt;,
 &lt;django.db.models.fields.TextField: important_topics&gt;,
 &lt;django.db.models.fields.CharField: duration&gt;,
 &lt;django.db.models.fields.URLField: thumbnail&gt;,
 &lt;django.db.models.fields.CharField: source&gt;,
 &lt;django.db.models.fields.BooleanField: is_published&gt;,
 &lt;django.db.models.fields.BooleanField: is_important&gt;,
 &lt;django.db.models.fields.BooleanField: is_verified&gt;,
 &lt;django.db.models.fields.DateTimeField: created_at&gt;,
 &lt;django.db.models.fields.DateTimeField: updated_at&gt;,
 &lt;django.db.models.fields.BooleanField: fetch_from_youtube&gt;,
 &lt;django.db.models.fields.URLField: youtube_url_input&gt;]</pre></td>
                  </tr>
                
                  <tr>
                    <td>force_insert</td>
                    <td class="code"><pre>(&lt;class &#x27;videos.models.Video&#x27;&gt;,)</pre></td>
                  </tr>
                
                  <tr>
                    <td>force_update</td>
                    <td class="code"><pre>False</pre></td>
                  </tr>
                
                  <tr>
                    <td>meta</td>
                    <td class="code"><pre>&lt;Options for Video&gt;</pre></td>
                  </tr>
                
                  <tr>
                    <td>non_pks_non_generated</td>
                    <td class="code"><pre>[&lt;django.db.models.fields.CharField: title&gt;,
 &lt;django.db.models.fields.TextField: description&gt;,
 &lt;django.db.models.fields.CharField: youtube_id&gt;,
 &lt;django.db.models.fields.URLField: video_url&gt;,
 &lt;django.db.models.fields.URLField: youtube_url&gt;,
 &lt;django.db.models.fields.related.ForeignKey: subject&gt;,
 &lt;django.db.models.fields.CharField: type&gt;,
 &lt;django.db.models.fields.TextField: important_topics&gt;,
 &lt;django.db.models.fields.CharField: duration&gt;,
 &lt;django.db.models.fields.URLField: thumbnail&gt;,
 &lt;django.db.models.fields.CharField: source&gt;,
 &lt;django.db.models.fields.BooleanField: is_published&gt;,
 &lt;django.db.models.fields.BooleanField: is_important&gt;,
 &lt;django.db.models.fields.BooleanField: is_verified&gt;,
 &lt;django.db.models.fields.DateTimeField: created_at&gt;,
 &lt;django.db.models.fields.DateTimeField: updated_at&gt;,
 &lt;django.db.models.fields.BooleanField: fetch_from_youtube&gt;,
 &lt;django.db.models.fields.URLField: youtube_url_input&gt;]</pre></td>
                  </tr>
                
                  <tr>
                    <td>pk_set</td>
                    <td class="code"><pre>False</pre></td>
                  </tr>
                
                  <tr>
                    <td>pk_val</td>
                    <td class="code"><pre>None</pre></td>
                  </tr>
                
                  <tr>
                    <td>raw</td>
                    <td class="code"><pre>False</pre></td>
                  </tr>
                
                  <tr>
                    <td>returning_fields</td>
                    <td class="code"><pre>[&lt;django.db.models.fields.BigAutoField: id&gt;]</pre></td>
                  </tr>
                
                  <tr>
                    <td>self</td>
                    <td class="code"><pre>&lt;Video: Duplicate Test&gt;</pre></td>
                  </tr>
                
                  <tr>
                    <td>update_fields</td>
                    <td class="code"><pre>None</pre></td>
                  </tr>
                
                  <tr>
                    <td>updated</td>
                    <td class="code"><pre>False</pre></td>
                  </tr>
                
                  <tr>
                    <td>using</td>
                    <td class="code"><pre>&#x27;default&#x27;</pre></td>
                  </tr>
                
              </tbody>
            </table>
            </details>
          
        </li>
      
        
        <li class="frame django">
          
            <code class="fname">C:\Users\omraj\AppData\Local\Programs\Python\Python312\Lib\site-packages\django\db\models\base.py</code>, line 1201, in _do_insert
          

          
            <div class="context" id="c2691956762368">
              
                <ol start="1194" class="pre-context" id="pre2691956762368">
                
                  <li onclick="toggle('pre2691956762368', 'post2691956762368')"><pre>        return filtered._update(values) &gt; 0</pre></li>
                
                  <li onclick="toggle('pre2691956762368', 'post2691956762368')"><pre></pre></li>
                
                  <li onclick="toggle('pre2691956762368', 'post2691956762368')"><pre>    def _do_insert(self, manager, using, fields, returning_fields, raw):</pre></li>
                
                  <li onclick="toggle('pre2691956762368', 'post2691956762368')"><pre>        &quot;&quot;&quot;</pre></li>
                
                  <li onclick="toggle('pre2691956762368', 'post2691956762368')"><pre>        Do an INSERT. If returning_fields is defined then this method should</pre></li>
                
                  <li onclick="toggle('pre2691956762368', 'post2691956762368')"><pre>        return the newly created data for the model.</pre></li>
                
                  <li onclick="toggle('pre2691956762368', 'post2691956762368')"><pre>        &quot;&quot;&quot;</pre></li>
                
                </ol>
              
              <ol start="1201" class="context-line">
                <li onclick="toggle('pre2691956762368', 'post2691956762368')"><pre>        return manager._insert(
                     </pre> <span>à</span></li>
              </ol>
              
                <ol start='1202' class="post-context" id="post2691956762368">
                  
                  <li onclick="toggle('pre2691956762368', 'post2691956762368')"><pre>            [self],</pre></li>
                  
                  <li onclick="toggle('pre2691956762368', 'post2691956762368')"><pre>            fields=fields,</pre></li>
                  
                  <li onclick="toggle('pre2691956762368', 'post2691956762368')"><pre>            returning_fields=returning_fields,</pre></li>
                  
                  <li onclick="toggle('pre2691956762368', 'post2691956762368')"><pre>            using=using,</pre></li>
                  
                  <li onclick="toggle('pre2691956762368', 'post2691956762368')"><pre>            raw=raw,</pre></li>
                  
                  <li onclick="toggle('pre2691956762368', 'post2691956762368')"><pre>        )</pre></li>
                  
              </ol>
              
            </div>
          

          
            
              <details>
                <summary class="commands">Local vars</summary>
            
            <table class="vars" id="v2691956762368">
              <thead>
                <tr>
                  <th scope="col">Variable</th>
                  <th scope="col">Value</th>
                </tr>
              </thead>
              <tbody>
                
                  <tr>
                    <td>fields</td>
                    <td class="code"><pre>[&lt;django.db.models.fields.CharField: title&gt;,
 &lt;django.db.models.fields.TextField: description&gt;,
 &lt;django.db.models.fields.CharField: youtube_id&gt;,
 &lt;django.db.models.fields.URLField: video_url&gt;,
 &lt;django.db.models.fields.URLField: youtube_url&gt;,
 &lt;django.db.models.fields.related.ForeignKey: subject&gt;,
 &lt;django.db.models.fields.CharField: type&gt;,
 &lt;django.db.models.fields.TextField: important_topics&gt;,
 &lt;django.db.models.fields.CharField: duration&gt;,
 &lt;django.db.models.fields.URLField: thumbnail&gt;,
 &lt;django.db.models.fields.CharField: source&gt;,
 &lt;django.db.models.fields.BooleanField: is_published&gt;,
 &lt;django.db.models.fields.BooleanField: is_important&gt;,
 &lt;django.db.models.fields.BooleanField: is_verified&gt;,
 &lt;django.db.models.fields.DateTimeField: created_at&gt;,
 &lt;django.db.models.fields.DateTimeField: updated_at&gt;,
 &lt;django.db.models.fields.BooleanField: fetch_from_youtube&gt;,
 &lt;django.db.models.fields.URLField: youtube_url_input&gt;]</pre></td>
                  </tr>
                
                  <tr>
                    <td>manager</td>
                    <td class="code"><pre>&lt;django.db.models.manager.Manager object at 0x00000272C52646B0&gt;</pre></td>
                  </tr>
                
                  <tr>
                    <td>raw</td>
                    <td class="code"><pre>False</pre></td>
                  </tr>
                
                  <tr>
                    <td>returning_fields</td>
                    <td class="code"><pre>[&lt;django.db.models.fields.BigAutoField: id&gt;]</pre></td>
                  </tr>
                
                  <tr>
                    <td>self</td>
                    <td class="code"><pre>&lt;Video: Duplicate Test&gt;</pre></td>
                  </tr>
                
                  <tr>
                    <td>using</td>
                    <td class="code"><pre>&#x27;default&#x27;</pre></td>
                  </tr>
                
              </tbody>
            </table>
            </details>
          
        </li>
      
        
        <li class="frame django">
          
            <code class="fname">C:\Users\omraj\AppData\Local\Programs\Python\Python312\Lib\site-packages\django\db\models\manager.py</code>, line 87, in manager_method
          

          
            <div class="context" id="c2691956655424">
              
                <ol start="80" class="pre-context" id="pre2691956655424">
                
                  <li onclick="toggle('pre2691956655424', 'post2691956655424')"><pre>        return []</pre></li>
                
                  <li onclick="toggle('pre2691956655424', 'post2691956655424')"><pre></pre></li>
                
                  <li onclick="toggle('pre2691956655424', 'post2691956655424')"><pre>    @classmethod</pre></li>
                
                  <li onclick="toggle('pre2691956655424', 'post2691956655424')"><pre>    def _get_queryset_methods(cls, queryset_class):</pre></li>
                
                  <li onclick="toggle('pre2691956655424', 'post2691956655424')"><pre>        def create_method(name, method):</pre></li>
                
                  <li onclick="toggle('pre2691956655424', 'post2691956655424')"><pre>            @wraps(method)</pre></li>
                
                  <li onclick="toggle('pre2691956655424', 'post2691956655424')"><pre>            def manager_method(self, *args, **kwargs):</pre></li>
                
                </ol>
              
              <ol start="87" class="context-line">
                <li onclick="toggle('pre2691956655424', 'post2691956655424')"><pre>                return getattr(self.get_queryset(), name)(*args, **kwargs)
                           ^^^^^^^^^^^^^^^^^^^^^^^^^^^^^^^^^^^^^^^^^^^^^^^^^^^</pre> <span>à</span></li>
              </ol>
              
                <ol start='88' class="post-context" id="post2691956655424">
                  
                  <li onclick="toggle('pre2691956655424', 'post2691956655424')"><pre></pre></li>
                  
                  <li onclick="toggle('pre2691956655424', 'post2691956655424')"><pre>            return manager_method</pre></li>
                  
                  <li onclick="toggle('pre2691956655424', 'post2691956655424')"><pre></pre></li>
                  
                  <li onclick="toggle('pre2691956655424', 'post2691956655424')"><pre>        new_methods = {}</pre></li>
                  
                  <li onclick="toggle('pre2691956655424', 'post2691956655424')"><pre>        for name, method in inspect.getmembers(</pre></li>
                  
                  <li onclick="toggle('pre2691956655424', 'post2691956655424')"><pre>            queryset_class, predicate=inspect.isfunction</pre></li>
                  
              </ol>
              
            </div>
          

          
            
              <details>
                <summary class="commands">Local vars</summary>
            
            <table class="vars" id="v2691956655424">
              <thead>
                <tr>
                  <th scope="col">Variable</th>
                  <th scope="col">Value</th>
                </tr>
              </thead>
              <tbody>
                
                  <tr>
                    <td>args</td>
                    <td class="code"><pre>([&lt;Video: Duplicate Test&gt;],)</pre></td>
                  </tr>
                
                  <tr>
                    <td>kwargs</td>
                    <td class="code"><pre>{&#x27;fields&#x27;: [&lt;django.db.models.fields.CharField: title&gt;,
            &lt;django.db.models.fields.TextField: description&gt;,
            &lt;django.db.models.fields.CharField: youtube_id&gt;,
            &lt;django.db.models.fields.URLField: video_url&gt;,
            &lt;django.db.models.fields.URLField: youtube_url&gt;,
            &lt;django.db.models.fields.related.ForeignKey: subject&gt;,
            &lt;django.db.models.fields.CharField: type&gt;,
            &lt;django.db.models.fields.TextField: important_topics&gt;,
            &lt;django.db.models.fields.CharField: duration&gt;,
            &lt;django.db.models.fields.URLField: thumbnail&gt;,
            &lt;django.db.models.fields.CharField: source&gt;,
            &lt;django.db.models.fields.BooleanField: is_published&gt;,
            &lt;django.db.models.fields.BooleanField: is_important&gt;,
            &lt;django.db.models.fields.BooleanField: is_verified&gt;,
            &lt;django.db.models.fields.DateTimeField: created_at&gt;,
            &lt;django.db.models.fields.DateTimeField: updated_at&gt;,
            &lt;django.db.models.fields.BooleanField: fetch_from_youtube&gt;,
            &lt;django.db.models.fields.URLField: youtube_url_input&gt;],
 &#x27;raw&#x27;: False,
 &#x27;returning_fields&#x27;: [&lt;django.db.models.fields.BigAutoField: id&gt;],
 &#x27;using&#x27;: &#x27;default&#x27;}</pre></td>
                  </tr>
                
                  <tr>
                    <td>name</td>
                    <td class="code"><pre>&#x27;_insert&#x27;</pre></td>
                  </tr>
                
                  <tr>
                    <td>self</td>
                    <td class="code"><pre>&lt;django.db.models.manager.Manager object at 0x00000272C52646B0&gt;</pre></td>
                  </tr>
                
              </tbody>
            </table>
            </details>
          
        </li>
      
        
        <li class="frame django">
          
            <code class="fname">C:\Users\omraj\AppData\Local\Programs\Python\Python312\Lib\site-packages\django\db\models\query.py</code>, line 1847, in _insert
          

          
            <div class="context" id="c2691956759552">
              
                <ol start="1840" class="pre-context" id="pre2691956759552">
                
                  <li onclick="toggle('pre2691956759552', 'post2691956759552')"><pre>        query = sql.InsertQuery(</pre></li>
                
                  <li onclick="toggle('pre2691956759552', 'post2691956759552')"><pre>            self.model,</pre></li>
                
                  <li onclick="toggle('pre2691956759552', 'post2691956759552')"><pre>            on_conflict=on_conflict,</pre></li>
                
                  <li onclick="toggle('pre2691956759552', 'post2691956759552')"><pre>            update_fields=update_fields,</pre></li>
                
                  <li onclick="toggle('pre2691956759552', 'post2691956759552')"><pre>            unique_fields=unique_fields,</pre></li>
                
                  <li onclick="toggle('pre2691956759552', 'post2691956759552')"><pre>        )</pre></li>
                
                  <li onclick="toggle('pre2691956759552', 'post2691956759552')"><pre>        query.insert_values(fields, objs, raw=raw)</pre></li>
                
                </ol>
              
              <ol start="1847" class="context-line">
                <li onclick="toggle('pre2691956759552', 'post2691956759552')"><pre>        return query.get_compiler(using=using).execute_sql(returning_fields)
                     ^^^^^^^^^^^^^^^^^^^^^^^^^^^^^^^^^^^^^^^^^^^^^^^^^^^^^^^^^^^^^</pre> <span>à</span></li>
              </ol>
              
                <ol start='1848' class="post-context" id="post2691956759552">
                  
                  <li onclick="toggle('pre2691956759552', 'post2691956759552')"><pre></pre></li>
                  
                  <li onclick="toggle('pre2691956759552', 'post2691956759552')"><pre>    _insert.alters_data = True</pre></li>
                  
                  <li onclick="toggle('pre2691956759552', 'post2691956759552')"><pre>    _insert.queryset_only = False</pre></li>
                  
                  <li onclick="toggle('pre2691956759552', 'post2691956759552')"><pre></pre></li>
                  
                  <li onclick="toggle('pre2691956759552', 'post2691956759552')"><pre>    def _batched_insert(</pre></li>
                  
                  <li onclick="toggle('pre2691956759552', 'post2691956759552')"><pre>        self,</pre></li>
                  
              </ol>
              
            </div>
          

          
            
              <details>
                <summary class="commands">Local vars</summary>
            
            <table class="vars" id="v2691956759552">
              <thead>
                <tr>
                  <th scope="col">Variable</th>
                  <th scope="col">Value</th>
                </tr>
              </thead>
              <tbody>
                
                  <tr>
                    <td>fields</td>
                    <td class="code"><pre>[&lt;django.db.models.fields.CharField: title&gt;,
 &lt;django.db.models.fields.TextField: description&gt;,
 &lt;django.db.models.fields.CharField: youtube_id&gt;,
 &lt;django.db.models.fields.URLField: video_url&gt;,
 &lt;django.db.models.fields.URLField: youtube_url&gt;,
 &lt;django.db.models.fields.related.ForeignKey: subject&gt;,
 &lt;django.db.models.fields.CharField: type&gt;,
 &lt;django.db.models.fields.TextField: important_topics&gt;,
 &lt;django.db.models.fields.CharField: duration&gt;,
 &lt;django.db.models.fields.URLField: thumbnail&gt;,
 &lt;django.db.models.fields.CharField: source&gt;,
 &lt;django.db.models.fields.BooleanField: is_published&gt;,
 &lt;django.db.models.fields.BooleanField: is_important&gt;,
 &lt;django.db.models.fields.BooleanField: is_verified&gt;,
 &lt;django.db.models.fields.DateTimeField: created_at&gt;,
 &lt;django.db.models.fields.DateTimeField: updated_at&gt;,
 &lt;django.db.models.fields.BooleanField: fetch_from_youtube&gt;,
 &lt;django.db.models.fields.URLField: youtube_url_input&gt;]</pre></td>
                  </tr>
                
                  <tr>
                    <td>objs</td>
                    <td class="code"><pre>[&lt;Video: Duplicate Test&gt;]</pre></td>
                  </tr>
                
                  <tr>
                    <td>on_conflict</td>
                    <td class="code"><pre>None</pre></td>
                  </tr>
                
                  <tr>
                    <td>query</td>
                    <td class="code"><pre>&lt;django.db.models.sql.subqueries.InsertQuery object at 0x00000272C52670B0&gt;</pre></td>
                  </tr>
                
                  <tr>
                    <td>raw</td>
                    <td class="code"><pre>False</pre></td>
                  </tr>
                
                  <tr>
                    <td>returning_fields</td>
                    <td class="code"><pre>[&lt;django.db.models.fields.BigAutoField: id&gt;]</pre></td>
                  </tr>
                
                  <tr>
                    <td>self</td>
                    <td class="code"><pre>&lt;QuerySet [&lt;Video: YouTube Auto-fill Module&gt;, &lt;Video: Manual Theory Module&gt;, &lt;Video: Invalid URL Test&gt;, &lt;Video: Naive Bayes - FINAL TEST&gt;, &lt;Video: Machine Learning Basics | Sem 6 ML Easy Explanation |&gt;, &lt;Video: Manually Created Video&gt;, &lt;Video: Optimized Video 2&gt;, &lt;Video: Optimized Video 1&gt;, &lt;Video: Machine Learning Basics&gt;]&gt;</pre></td>
                  </tr>
                
                  <tr>
                    <td>unique_fields</td>
                    <td class="code"><pre>None</pre></td>
                  </tr>
                
                  <tr>
                    <td>update_fields</td>
                    <td class="code"><pre>None</pre></td>
                  </tr>
                
                  <tr>
                    <td>using</td>
                    <td class="code"><pre>&#x27;default&#x27;</pre></td>
                  </tr>
                
              </tbody>
            </table>
            </details>
          
        </li>
      
        
        <li class="frame django">
          
            <code class="fname">C:\Users\omraj\AppData\Local\Programs\Python\Python312\Lib\site-packages\django\db\models\sql\compiler.py</code>, line 1836, in execute_sql
          

          
            <div class="context" id="c2691956763328">
              
                <ol start="1829" class="pre-context" id="pre2691956763328">
                
                  <li onclick="toggle('pre2691956763328', 'post2691956763328')"><pre>            and not self.connection.features.can_return_rows_from_bulk_insert</pre></li>
                
                  <li onclick="toggle('pre2691956763328', 'post2691956763328')"><pre>        )</pre></li>
                
                  <li onclick="toggle('pre2691956763328', 'post2691956763328')"><pre>        opts = self.query.get_meta()</pre></li>
                
                  <li onclick="toggle('pre2691956763328', 'post2691956763328')"><pre>        self.returning_fields = returning_fields</pre></li>
                
                  <li onclick="toggle('pre2691956763328', 'post2691956763328')"><pre>        cols = []</pre></li>
                
                  <li onclick="toggle('pre2691956763328', 'post2691956763328')"><pre>        with self.connection.cursor() as cursor:</pre></li>
                
                  <li onclick="toggle('pre2691956763328', 'post2691956763328')"><pre>            for sql, params in self.as_sql():</pre></li>
                
                </ol>
              
              <ol start="1836" class="context-line">
                <li onclick="toggle('pre2691956763328', 'post2691956763328')"><pre>                cursor.execute(sql, params)
                      ^^^^^^^^^^^^^^^^^^^^^^^^^^^</pre> <span>à</span></li>
              </ol>
              
                <ol start='1837' class="post-context" id="post2691956763328">
                  
                  <li onclick="toggle('pre2691956763328', 'post2691956763328')"><pre>            if not self.returning_fields:</pre></li>
                  
                  <li onclick="toggle('pre2691956763328', 'post2691956763328')"><pre>                return []</pre></li>
                  
                  <li onclick="toggle('pre2691956763328', 'post2691956763328')"><pre>            if (</pre></li>
                  
                  <li onclick="toggle('pre2691956763328', 'post2691956763328')"><pre>                self.connection.features.can_return_rows_from_bulk_insert</pre></li>
                  
                  <li onclick="toggle('pre2691956763328', 'post2691956763328')"><pre>                and len(self.query.objs) &gt; 1</pre></li>
                  
                  <li onclick="toggle('pre2691956763328', 'post2691956763328')"><pre>            ):</pre></li>
                  
              </ol>
              
            </div>
          

          
            
              <details>
                <summary class="commands">Local vars</summary>
            
            <table class="vars" id="v2691956763328">
              <thead>
                <tr>
                  <th scope="col">Variable</th>
                  <th scope="col">Value</th>
                </tr>
              </thead>
              <tbody>
                
                  <tr>
                    <td>cols</td>
                    <td class="code"><pre>[]</pre></td>
                  </tr>
                
                  <tr>
                    <td>cursor</td>
                    <td class="code"><pre>&lt;django.db.backends.utils.CursorDebugWrapper object at 0x00000272C5265C70&gt;</pre></td>
                  </tr>
                
                  <tr>
                    <td>opts</td>
                    <td class="code"><pre>&lt;Options for Video&gt;</pre></td>
                  </tr>
                
                  <tr>
                    <td>params</td>
                    <td class="code"><pre>(&#x27;Duplicate Test&#x27;,
 &#x27;&#x27;,
 &#x27;dQw4w9WgXcQ&#x27;,
 &#x27;https://www.youtube.com/embed/dQw4w9WgXcQ&#x27;,
 &#x27;https://youtu.be/dQw4w9WgXcQ&#x27;,
 1,
 &#x27;Theory&#x27;,
 &#x27;&#x27;,
 &#x27;&#x27;,
 &#x27;https://img.youtube.com/vi/dQw4w9WgXcQ/maxresdefault.jpg&#x27;,
 &#x27;youtube&#x27;,
 True,
 False,
 False,
 &#x27;2026-03-21 13:58:34.673641&#x27;,
 &#x27;2026-03-21 13:58:34.673641&#x27;,
 False,
 None)</pre></td>
                  </tr>
                
                  <tr>
                    <td>returning_fields</td>
                    <td class="code"><pre>[&lt;django.db.models.fields.BigAutoField: id&gt;]</pre></td>
                  </tr>
                
                  <tr>
                    <td>self</td>
                    <td class="code"><pre>&lt;SQLInsertCompiler model=Video connection=&lt;DatabaseWrapper vendor=&#x27;sqlite&#x27; alias=&#x27;default&#x27;&gt; using=&#x27;default&#x27;&gt;</pre></td>
                  </tr>
                
                  <tr>
                    <td>sql</td>
                    <td class="code"><pre>(&#x27;INSERT INTO &quot;videos_video&quot; (&quot;title&quot;, &quot;description&quot;, &quot;youtube_id&quot;, &#x27;
 &#x27;&quot;video_url&quot;, &quot;youtube_url&quot;, &quot;subject_id&quot;, &quot;type&quot;, &quot;important_topics&quot;, &#x27;
 &#x27;&quot;duration&quot;, &quot;thumbnail&quot;, &quot;source&quot;, &quot;is_published&quot;, &quot;is_important&quot;, &#x27;
 &#x27;&quot;is_verified&quot;, &quot;created_at&quot;, &quot;updated_at&quot;, &quot;fetch_from_youtube&quot;, &#x27;
 &#x27;&quot;youtube_url_input&quot;) VALUES (%s, %s, %s, %s, %s, %s, %s, %s, %s, %s, %s, %s, &#x27;
 &#x27;%s, %s, %s, %s, %s, %s) RETURNING &quot;videos_video&quot;.&quot;id&quot;&#x27;)</pre></td>
                  </tr>
                
              </tbody>
            </table>
            </details>
          
        </li>
      
        
        <li class="frame django">
          
            <code class="fname">C:\Users\omraj\AppData\Local\Programs\Python\Python312\Lib\site-packages\django\db\backends\utils.py</code>, line 122, in execute
          

          
            <div class="context" id="c2691956767168">
              
                <ol start="115" class="pre-context" id="pre2691956767168">
                
                  <li onclick="toggle('pre2691956767168', 'post2691956767168')"><pre></pre></li>
                
                  <li onclick="toggle('pre2691956767168', 'post2691956767168')"><pre></pre></li>
                
                  <li onclick="toggle('pre2691956767168', 'post2691956767168')"><pre>class CursorDebugWrapper(CursorWrapper):</pre></li>
                
                  <li onclick="toggle('pre2691956767168', 'post2691956767168')"><pre>    # XXX callproc isn&#x27;t instrumented at this time.</pre></li>
                
                  <li onclick="toggle('pre2691956767168', 'post2691956767168')"><pre></pre></li>
                
                  <li onclick="toggle('pre2691956767168', 'post2691956767168')"><pre>    def execute(self, sql, params=None):</pre></li>
                
                  <li onclick="toggle('pre2691956767168', 'post2691956767168')"><pre>        with self.debug_sql(sql, params, use_last_executed_query=True):</pre></li>
                
                </ol>
              
              <ol start="122" class="context-line">
                <li onclick="toggle('pre2691956767168', 'post2691956767168')"><pre>            return super().execute(sql, params)
                        ^^^^^^^^^^^^^^^^^^^^^^^^^^^^</pre> <span>à</span></li>
              </ol>
              
                <ol start='123' class="post-context" id="post2691956767168">
                  
                  <li onclick="toggle('pre2691956767168', 'post2691956767168')"><pre></pre></li>
                  
                  <li onclick="toggle('pre2691956767168', 'post2691956767168')"><pre>    def executemany(self, sql, param_list):</pre></li>
                  
                  <li onclick="toggle('pre2691956767168', 'post2691956767168')"><pre>        with self.debug_sql(sql, param_list, many=True):</pre></li>
                  
                  <li onclick="toggle('pre2691956767168', 'post2691956767168')"><pre>            return super().executemany(sql, param_list)</pre></li>
                  
                  <li onclick="toggle('pre2691956767168', 'post2691956767168')"><pre></pre></li>
                  
                  <li onclick="toggle('pre2691956767168', 'post2691956767168')"><pre>    @contextmanager</pre></li>
                  
              </ol>
              
            </div>
          

          
            
              <details>
                <summary class="commands">Local vars</summary>
            
            <table class="vars" id="v2691956767168">
              <thead>
                <tr>
                  <th scope="col">Variable</th>
                  <th scope="col">Value</th>
                </tr>
              </thead>
              <tbody>
                
                  <tr>
                    <td>__class__</td>
                    <td class="code"><pre>&lt;class &#x27;django.db.backends.utils.CursorDebugWrapper&#x27;&gt;</pre></td>
                  </tr>
                
                  <tr>
                    <td>params</td>
                    <td class="code"><pre>(&#x27;Duplicate Test&#x27;,
 &#x27;&#x27;,
 &#x27;dQw4w9WgXcQ&#x27;,
 &#x27;https://www.youtube.com/embed/dQw4w9WgXcQ&#x27;,
 &#x27;https://youtu.be/dQw4w9WgXcQ&#x27;,
 1,
 &#x27;Theory&#x27;,
 &#x27;&#x27;,
 &#x27;&#x27;,
 &#x27;https://img.youtube.com/vi/dQw4w9WgXcQ/maxresdefault.jpg&#x27;,
 &#x27;youtube&#x27;,
 True,
 False,
 False,
 &#x27;2026-03-21 13:58:34.673641&#x27;,
 &#x27;2026-03-21 13:58:34.673641&#x27;,
 False,
 None)</pre></td>
                  </tr>
                
                  <tr>
                    <td>self</td>
                    <td class="code"><pre>&lt;django.db.backends.utils.CursorDebugWrapper object at 0x00000272C5265C70&gt;</pre></td>
                  </tr>
                
                  <tr>
                    <td>sql</td>
                    <td class="code"><pre>(&#x27;INSERT INTO &quot;videos_video&quot; (&quot;title&quot;, &quot;description&quot;, &quot;youtube_id&quot;, &#x27;
 &#x27;&quot;video_url&quot;, &quot;youtube_url&quot;, &quot;subject_id&quot;, &quot;type&quot;, &quot;important_topics&quot;, &#x27;
 &#x27;&quot;duration&quot;, &quot;thumbnail&quot;, &quot;source&quot;, &quot;is_published&quot;, &quot;is_important&quot;, &#x27;
 &#x27;&quot;is_verified&quot;, &quot;created_at&quot;, &quot;updated_at&quot;, &quot;fetch_from_youtube&quot;, &#x27;
 &#x27;&quot;youtube_url_input&quot;) VALUES (%s, %s, %s, %s, %s, %s, %s, %s, %s, %s, %s, %s, &#x27;
 &#x27;%s, %s, %s, %s, %s, %s) RETURNING &quot;videos_video&quot;.&quot;id&quot;&#x27;)</pre></td>
                  </tr>
                
              </tbody>
            </table>
            </details>
          
        </li>
      
        
        <li class="frame django">
          
            <code class="fname">C:\Users\omraj\AppData\Local\Programs\Python\Python312\Lib\site-packages\django\db\backends\utils.py</code>, line 79, in execute
          

          
            <div class="context" id="c2691956754560">
              
                <ol start="72" class="pre-context" id="pre2691956754560">
                
                  <li onclick="toggle('pre2691956754560', 'post2691956754560')"><pre>            elif kparams is None:</pre></li>
                
                  <li onclick="toggle('pre2691956754560', 'post2691956754560')"><pre>                return self.cursor.callproc(procname, params)</pre></li>
                
                  <li onclick="toggle('pre2691956754560', 'post2691956754560')"><pre>            else:</pre></li>
                
                  <li onclick="toggle('pre2691956754560', 'post2691956754560')"><pre>                params = params or ()</pre></li>
                
                  <li onclick="toggle('pre2691956754560', 'post2691956754560')"><pre>                return self.cursor.callproc(procname, params, kparams)</pre></li>
                
                  <li onclick="toggle('pre2691956754560', 'post2691956754560')"><pre></pre></li>
                
                  <li onclick="toggle('pre2691956754560', 'post2691956754560')"><pre>    def execute(self, sql, params=None):</pre></li>
                
                </ol>
              
              <ol start="79" class="context-line">
                <li onclick="toggle('pre2691956754560', 'post2691956754560')"><pre>        return self._execute_with_wrappers(
                   </pre> <span>à</span></li>
              </ol>
              
                <ol start='80' class="post-context" id="post2691956754560">
                  
                  <li onclick="toggle('pre2691956754560', 'post2691956754560')"><pre>            sql, params, many=False, executor=self._execute</pre></li>
                  
                  <li onclick="toggle('pre2691956754560', 'post2691956754560')"><pre>        )</pre></li>
                  
                  <li onclick="toggle('pre2691956754560', 'post2691956754560')"><pre></pre></li>
                  
                  <li onclick="toggle('pre2691956754560', 'post2691956754560')"><pre>    def executemany(self, sql, param_list):</pre></li>
                  
                  <li onclick="toggle('pre2691956754560', 'post2691956754560')"><pre>        return self._execute_with_wrappers(</pre></li>
                  
                  <li onclick="toggle('pre2691956754560', 'post2691956754560')"><pre>            sql, param_list, many=True, executor=self._executemany</pre></li>
                  
              </ol>
              
            </div>
          

          
            
              <details>
                <summary class="commands">Local vars</summary>
            
            <table class="vars" id="v2691956754560">
              <thead>
                <tr>
                  <th scope="col">Variable</th>
                  <th scope="col">Value</th>
                </tr>
              </thead>
              <tbody>
                
                  <tr>
                    <td>params</td>
                    <td class="code"><pre>(&#x27;Duplicate Test&#x27;,
 &#x27;&#x27;,
 &#x27;dQw4w9WgXcQ&#x27;,
 &#x27;https://www.youtube.com/embed/dQw4w9WgXcQ&#x27;,
 &#x27;https://youtu.be/dQw4w9WgXcQ&#x27;,
 1,
 &#x27;Theory&#x27;,
 &#x27;&#x27;,
 &#x27;&#x27;,
 &#x27;https://img.youtube.com/vi/dQw4w9WgXcQ/maxresdefault.jpg&#x27;,
 &#x27;youtube&#x27;,
 True,
 False,
 False,
 &#x27;2026-03-21 13:58:34.673641&#x27;,
 &#x27;2026-03-21 13:58:34.673641&#x27;,
 False,
 None)</pre></td>
                  </tr>
                
                  <tr>
                    <td>self</td>
                    <td class="code"><pre>&lt;django.db.backends.utils.CursorDebugWrapper object at 0x00000272C5265C70&gt;</pre></td>
                  </tr>
                
                  <tr>
                    <td>sql</td>
                    <td class="code"><pre>(&#x27;INSERT INTO &quot;videos_video&quot; (&quot;title&quot;, &quot;description&quot;, &quot;youtube_id&quot;, &#x27;
 &#x27;&quot;video_url&quot;, &quot;youtube_url&quot;, &quot;subject_id&quot;, &quot;type&quot;, &quot;important_topics&quot;, &#x27;
 &#x27;&quot;duration&quot;, &quot;thumbnail&quot;, &quot;source&quot;, &quot;is_published&quot;, &quot;is_important&quot;, &#x27;
 &#x27;&quot;is_verified&quot;, &quot;created_at&quot;, &quot;updated_at&quot;, &quot;fetch_from_youtube&quot;, &#x27;
 &#x27;&quot;youtube_url_input&quot;) VALUES (%s, %s, %s, %s, %s, %s, %s, %s, %s, %s, %s, %s, &#x27;
 &#x27;%s, %s, %s, %s, %s, %s) RETURNING &quot;videos_video&quot;.&quot;id&quot;&#x27;)</pre></td>
                  </tr>
                
              </tbody>
            </table>
            </details>
          
        </li>
      
        
        <li class="frame django">
          
            <code class="fname">C:\Users\omraj\AppData\Local\Programs\Python\Python312\Lib\site-packages\django\db\backends\utils.py</code>, line 92, in _execute_with_wrappers
          

          
            <div class="context" id="c2691956755392">
              
                <ol start="85" class="pre-context" id="pre2691956755392">
                
                  <li onclick="toggle('pre2691956755392', 'post2691956755392')"><pre>            sql, param_list, many=True, executor=self._executemany</pre></li>
                
                  <li onclick="toggle('pre2691956755392', 'post2691956755392')"><pre>        )</pre></li>
                
                  <li onclick="toggle('pre2691956755392', 'post2691956755392')"><pre></pre></li>
                
                  <li onclick="toggle('pre2691956755392', 'post2691956755392')"><pre>    def _execute_with_wrappers(self, sql, params, many, executor):</pre></li>
                
                  <li onclick="toggle('pre2691956755392', 'post2691956755392')"><pre>        context = {&quot;connection&quot;: self.db, &quot;cursor&quot;: self}</pre></li>
                
                  <li onclick="toggle('pre2691956755392', 'post2691956755392')"><pre>        for wrapper in reversed(self.db.execute_wrappers):</pre></li>
                
                  <li onclick="toggle('pre2691956755392', 'post2691956755392')"><pre>            executor = functools.partial(wrapper, executor)</pre></li>
                
                </ol>
              
              <ol start="92" class="context-line">
                <li onclick="toggle('pre2691956755392', 'post2691956755392')"><pre>        return executor(sql, params, many, context)
                   ^^^^^^^^^^^^^^^^^^^^^^^^^^^^^^^^^^^^</pre> <span>à</span></li>
              </ol>
              
                <ol start='93' class="post-context" id="post2691956755392">
                  
                  <li onclick="toggle('pre2691956755392', 'post2691956755392')"><pre></pre></li>
                  
                  <li onclick="toggle('pre2691956755392', 'post2691956755392')"><pre>    def _execute(self, sql, params, *ignored_wrapper_args):</pre></li>
                  
                  <li onclick="toggle('pre2691956755392', 'post2691956755392')"><pre>        # Raise a warning during app initialization (stored_app_configs is only</pre></li>
                  
                  <li onclick="toggle('pre2691956755392', 'post2691956755392')"><pre>        # ever set during testing).</pre></li>
                  
                  <li onclick="toggle('pre2691956755392', 'post2691956755392')"><pre>        if not apps.ready and not apps.stored_app_configs:</pre></li>
                  
                  <li onclick="toggle('pre2691956755392', 'post2691956755392')"><pre>            warnings.warn(self.APPS_NOT_READY_WARNING_MSG, category=RuntimeWarning)</pre></li>
                  
              </ol>
              
            </div>
          

          
            
              <details>
                <summary class="commands">Local vars</summary>
            
            <table class="vars" id="v2691956755392">
              <thead>
                <tr>
                  <th scope="col">Variable</th>
                  <th scope="col">Value</th>
                </tr>
              </thead>
              <tbody>
                
                  <tr>
                    <td>context</td>
                    <td class="code"><pre>{&#x27;connection&#x27;: &lt;DatabaseWrapper vendor=&#x27;sqlite&#x27; alias=&#x27;default&#x27;&gt;,
 &#x27;cursor&#x27;: &lt;django.db.backends.utils.CursorDebugWrapper object at 0x00000272C5265C70&gt;}</pre></td>
                  </tr>
                
                  <tr>
                    <td>executor</td>
                    <td class="code"><pre>&lt;bound method CursorWrapper._execute of &lt;django.db.backends.utils.CursorDebugWrapper object at 0x00000272C5265C70&gt;&gt;</pre></td>
                  </tr>
                
                  <tr>
                    <td>many</td>
                    <td class="code"><pre>False</pre></td>
                  </tr>
                
                  <tr>
                    <td>params</td>
                    <td class="code"><pre>(&#x27;Duplicate Test&#x27;,
 &#x27;&#x27;,
 &#x27;dQw4w9WgXcQ&#x27;,
 &#x27;https://www.youtube.com/embed/dQw4w9WgXcQ&#x27;,
 &#x27;https://youtu.be/dQw4w9WgXcQ&#x27;,
 1,
 &#x27;Theory&#x27;,
 &#x27;&#x27;,
 &#x27;&#x27;,
 &#x27;https://img.youtube.com/vi/dQw4w9WgXcQ/maxresdefault.jpg&#x27;,
 &#x27;youtube&#x27;,
 True,
 False,
 False,
 &#x27;2026-03-21 13:58:34.673641&#x27;,
 &#x27;2026-03-21 13:58:34.673641&#x27;,
 False,
 None)</pre></td>
                  </tr>
                
                  <tr>
                    <td>self</td>
                    <td class="code"><pre>&lt;django.db.backends.utils.CursorDebugWrapper object at 0x00000272C5265C70&gt;</pre></td>
                  </tr>
                
                  <tr>
                    <td>sql</td>
                    <td class="code"><pre>(&#x27;INSERT INTO &quot;videos_video&quot; (&quot;title&quot;, &quot;description&quot;, &quot;youtube_id&quot;, &#x27;
 &#x27;&quot;video_url&quot;, &quot;youtube_url&quot;, &quot;subject_id&quot;, &quot;type&quot;, &quot;important_topics&quot;, &#x27;
 &#x27;&quot;duration&quot;, &quot;thumbnail&quot;, &quot;source&quot;, &quot;is_published&quot;, &quot;is_important&quot;, &#x27;
 &#x27;&quot;is_verified&quot;, &quot;created_at&quot;, &quot;updated_at&quot;, &quot;fetch_from_youtube&quot;, &#x27;
 &#x27;&quot;youtube_url_input&quot;) VALUES (%s, %s, %s, %s, %s, %s, %s, %s, %s, %s, %s, %s, &#x27;
 &#x27;%s, %s, %s, %s, %s, %s) RETURNING &quot;videos_video&quot;.&quot;id&quot;&#x27;)</pre></td>
                  </tr>
                
              </tbody>
            </table>
            </details>
          
        </li>
      
        
        <li class="frame django">
          
            <code class="fname">C:\Users\omraj\AppData\Local\Programs\Python\Python312\Lib\site-packages\django\db\backends\utils.py</code>, line 100, in _execute
          

          
            <div class="context" id="c2691956761856">
              
                <ol start="93" class="pre-context" id="pre2691956761856">
                
                  <li onclick="toggle('pre2691956761856', 'post2691956761856')"><pre></pre></li>
                
                  <li onclick="toggle('pre2691956761856', 'post2691956761856')"><pre>    def _execute(self, sql, params, *ignored_wrapper_args):</pre></li>
                
                  <li onclick="toggle('pre2691956761856', 'post2691956761856')"><pre>        # Raise a warning during app initialization (stored_app_configs is only</pre></li>
                
                  <li onclick="toggle('pre2691956761856', 'post2691956761856')"><pre>        # ever set during testing).</pre></li>
                
                  <li onclick="toggle('pre2691956761856', 'post2691956761856')"><pre>        if not apps.ready and not apps.stored_app_configs:</pre></li>
                
                  <li onclick="toggle('pre2691956761856', 'post2691956761856')"><pre>            warnings.warn(self.APPS_NOT_READY_WARNING_MSG, category=RuntimeWarning)</pre></li>
                
                  <li onclick="toggle('pre2691956761856', 'post2691956761856')"><pre>        self.db.validate_no_broken_transaction()</pre></li>
                
                </ol>
              
              <ol start="100" class="context-line">
                <li onclick="toggle('pre2691956761856', 'post2691956761856')"><pre>        with self.db.wrap_database_errors:
             ^^^^^^^^^^^^^^^^^^^^^^^^^^^^^^^^^^^^^^^^^^^^^^^</pre> <span>à</span></li>
              </ol>
              
                <ol start='101' class="post-context" id="post2691956761856">
                  
                  <li onclick="toggle('pre2691956761856', 'post2691956761856')"><pre>            if params is None:</pre></li>
                  
                  <li onclick="toggle('pre2691956761856', 'post2691956761856')"><pre>                # params default might be backend specific.</pre></li>
                  
                  <li onclick="toggle('pre2691956761856', 'post2691956761856')"><pre>                return self.cursor.execute(sql)</pre></li>
                  
                  <li onclick="toggle('pre2691956761856', 'post2691956761856')"><pre>            else:</pre></li>
                  
                  <li onclick="toggle('pre2691956761856', 'post2691956761856')"><pre>                return self.cursor.execute(sql, params)</pre></li>
                  
                  <li onclick="toggle('pre2691956761856', 'post2691956761856')"><pre></pre></li>
                  
              </ol>
              
            </div>
          

          
            
              <details>
                <summary class="commands">Local vars</summary>
            
            <table class="vars" id="v2691956761856">
              <thead>
                <tr>
                  <th scope="col">Variable</th>
                  <th scope="col">Value</th>
                </tr>
              </thead>
              <tbody>
                
                  <tr>
                    <td>ignored_wrapper_args</td>
                    <td class="code"><pre>(False,
 {&#x27;connection&#x27;: &lt;DatabaseWrapper vendor=&#x27;sqlite&#x27; alias=&#x27;default&#x27;&gt;,
  &#x27;cursor&#x27;: &lt;django.db.backends.utils.CursorDebugWrapper object at 0x00000272C5265C70&gt;})</pre></td>
                  </tr>
                
                  <tr>
                    <td>params</td>
                    <td class="code"><pre>(&#x27;Duplicate Test&#x27;,
 &#x27;&#x27;,
 &#x27;dQw4w9WgXcQ&#x27;,
 &#x27;https://www.youtube.com/embed/dQw4w9WgXcQ&#x27;,
 &#x27;https://youtu.be/dQw4w9WgXcQ&#x27;,
 1,
 &#x27;Theory&#x27;,
 &#x27;&#x27;,
 &#x27;&#x27;,
 &#x27;https://img.youtube.com/vi/dQw4w9WgXcQ/maxresdefault.jpg&#x27;,
 &#x27;youtube&#x27;,
 True,
 False,
 False,
 &#x27;2026-03-21 13:58:34.673641&#x27;,
 &#x27;2026-03-21 13:58:34.673641&#x27;,
 False,
 None)</pre></td>
                  </tr>
                
                  <tr>
                    <td>self</td>
                    <td class="code"><pre>&lt;django.db.backends.utils.CursorDebugWrapper object at 0x00000272C5265C70&gt;</pre></td>
                  </tr>
                
                  <tr>
                    <td>sql</td>
                    <td class="code"><pre>(&#x27;INSERT INTO &quot;videos_video&quot; (&quot;title&quot;, &quot;description&quot;, &quot;youtube_id&quot;, &#x27;
 &#x27;&quot;video_url&quot;, &quot;youtube_url&quot;, &quot;subject_id&quot;, &quot;type&quot;, &quot;important_topics&quot;, &#x27;
 &#x27;&quot;duration&quot;, &quot;thumbnail&quot;, &quot;source&quot;, &quot;is_published&quot;, &quot;is_important&quot;, &#x27;
 &#x27;&quot;is_verified&quot;, &quot;created_at&quot;, &quot;updated_at&quot;, &quot;fetch_from_youtube&quot;, &#x27;
 &#x27;&quot;youtube_url_input&quot;) VALUES (%s, %s, %s, %s, %s, %s, %s, %s, %s, %s, %s, %s, &#x27;
 &#x27;%s, %s, %s, %s, %s, %s) RETURNING &quot;videos_video&quot;.&quot;id&quot;&#x27;)</pre></td>
                  </tr>
                
              </tbody>
            </table>
            </details>
          
        </li>
      
        
        <li class="frame django">
          
            <code class="fname">C:\Users\omraj\AppData\Local\Programs\Python\Python312\Lib\site-packages\django\db\utils.py</code>, line 91, in __exit__
          

          
            <div class="context" id="c2691956766528">
              
                <ol start="84" class="pre-context" id="pre2691956766528">
                
                  <li onclick="toggle('pre2691956766528', 'post2691956766528')"><pre>            db_exc_type = getattr(self.wrapper.Database, dj_exc_type.__name__)</pre></li>
                
                  <li onclick="toggle('pre2691956766528', 'post2691956766528')"><pre>            if issubclass(exc_type, db_exc_type):</pre></li>
                
                  <li onclick="toggle('pre2691956766528', 'post2691956766528')"><pre>                dj_exc_value = dj_exc_type(*exc_value.args)</pre></li>
                
                  <li onclick="toggle('pre2691956766528', 'post2691956766528')"><pre>                # Only set the &#x27;errors_occurred&#x27; flag for errors that may make</pre></li>
                
                  <li onclick="toggle('pre2691956766528', 'post2691956766528')"><pre>                # the connection unusable.</pre></li>
                
                  <li onclick="toggle('pre2691956766528', 'post2691956766528')"><pre>                if dj_exc_type not in (DataError, IntegrityError):</pre></li>
                
                  <li onclick="toggle('pre2691956766528', 'post2691956766528')"><pre>                    self.wrapper.errors_occurred = True</pre></li>
                
                </ol>
              
              <ol start="91" class="context-line">
                <li onclick="toggle('pre2691956766528', 'post2691956766528')"><pre>                raise dj_exc_value.with_traceback(traceback) from exc_value
                    ^^^^^^^^^^^^^^^^^^^^^^^^^^^^^^^^^^^^^^^^^^^^^^^^^^^^^^^^^^^</pre> <span>à</span></li>
              </ol>
              
                <ol start='92' class="post-context" id="post2691956766528">
                  
                  <li onclick="toggle('pre2691956766528', 'post2691956766528')"><pre></pre></li>
                  
                  <li onclick="toggle('pre2691956766528', 'post2691956766528')"><pre>    def __call__(self, func):</pre></li>
                  
                  <li onclick="toggle('pre2691956766528', 'post2691956766528')"><pre>        # Note that we are intentionally not using @wraps here for performance</pre></li>
                  
                  <li onclick="toggle('pre2691956766528', 'post2691956766528')"><pre>        # reasons. Refs #21109.</pre></li>
                  
                  <li onclick="toggle('pre2691956766528', 'post2691956766528')"><pre>        def inner(*args, **kwargs):</pre></li>
                  
                  <li onclick="toggle('pre2691956766528', 'post2691956766528')"><pre>            with self:</pre></li>
                  
              </ol>
              
            </div>
          

          
            
              <details>
                <summary class="commands">Local vars</summary>
            
            <table class="vars" id="v2691956766528">
              <thead>
                <tr>
                  <th scope="col">Variable</th>
                  <th scope="col">Value</th>
                </tr>
              </thead>
              <tbody>
                
                  <tr>
                    <td>db_exc_type</td>
                    <td class="code"><pre>&lt;class &#x27;sqlite3.IntegrityError&#x27;&gt;</pre></td>
                  </tr>
                
                  <tr>
                    <td>dj_exc_type</td>
                    <td class="code"><pre>&lt;class &#x27;django.db.utils.IntegrityError&#x27;&gt;</pre></td>
                  </tr>
                
                  <tr>
                    <td>dj_exc_value</td>
                    <td class="code"><pre>IntegrityError(&#x27;UNIQUE constraint failed: videos_video.youtube_id&#x27;)</pre></td>
                  </tr>
                
                  <tr>
                    <td>exc_type</td>
                    <td class="code"><pre>&lt;class &#x27;sqlite3.IntegrityError&#x27;&gt;</pre></td>
                  </tr>
                
                  <tr>
                    <td>exc_value</td>
                    <td class="code"><pre>IntegrityError(&#x27;UNIQUE constraint failed: videos_video.youtube_id&#x27;)</pre></td>
                  </tr>
                
                  <tr>
                    <td>self</td>
                    <td class="code"><pre>&lt;django.db.utils.DatabaseErrorWrapper object at 0x00000272C5265FA0&gt;</pre></td>
                  </tr>
                
                  <tr>
                    <td>traceback</td>
                    <td class="code"><pre>&lt;traceback object at 0x00000272C5206BC0&gt;</pre></td>
                  </tr>
                
              </tbody>
            </table>
            </details>
          
        </li>
      
        
        <li class="frame django">
          
            <code class="fname">C:\Users\omraj\AppData\Local\Programs\Python\Python312\Lib\site-packages\django\db\backends\utils.py</code>, line 105, in _execute
          

          
            <div class="context" id="c2691956763584">
              
                <ol start="98" class="pre-context" id="pre2691956763584">
                
                  <li onclick="toggle('pre2691956763584', 'post2691956763584')"><pre>            warnings.warn(self.APPS_NOT_READY_WARNING_MSG, category=RuntimeWarning)</pre></li>
                
                  <li onclick="toggle('pre2691956763584', 'post2691956763584')"><pre>        self.db.validate_no_broken_transaction()</pre></li>
                
                  <li onclick="toggle('pre2691956763584', 'post2691956763584')"><pre>        with self.db.wrap_database_errors:</pre></li>
                
                  <li onclick="toggle('pre2691956763584', 'post2691956763584')"><pre>            if params is None:</pre></li>
                
                  <li onclick="toggle('pre2691956763584', 'post2691956763584')"><pre>                # params default might be backend specific.</pre></li>
                
                  <li onclick="toggle('pre2691956763584', 'post2691956763584')"><pre>                return self.cursor.execute(sql)</pre></li>
                
                  <li onclick="toggle('pre2691956763584', 'post2691956763584')"><pre>            else:</pre></li>
                
                </ol>
              
              <ol start="105" class="context-line">
                <li onclick="toggle('pre2691956763584', 'post2691956763584')"><pre>                return self.cursor.execute(sql, params)
                            ^^^^^^^^^^^^^^^^^^^^^^^^^^^^^^^^</pre> <span>à</span></li>
              </ol>
              
                <ol start='106' class="post-context" id="post2691956763584">
                  
                  <li onclick="toggle('pre2691956763584', 'post2691956763584')"><pre></pre></li>
                  
                  <li onclick="toggle('pre2691956763584', 'post2691956763584')"><pre>    def _executemany(self, sql, param_list, *ignored_wrapper_args):</pre></li>
                  
                  <li onclick="toggle('pre2691956763584', 'post2691956763584')"><pre>        # Raise a warning during app initialization (stored_app_configs is only</pre></li>
                  
                  <li onclick="toggle('pre2691956763584', 'post2691956763584')"><pre>        # ever set during testing).</pre></li>
                  
                  <li onclick="toggle('pre2691956763584', 'post2691956763584')"><pre>        if not apps.ready and not apps.stored_app_configs:</pre></li>
                  
                  <li onclick="toggle('pre2691956763584', 'post2691956763584')"><pre>            warnings.warn(self.APPS_NOT_READY_WARNING_MSG, category=RuntimeWarning)</pre></li>
                  
              </ol>
              
            </div>
          

          
            
              <details>
                <summary class="commands">Local vars</summary>
            
            <table class="vars" id="v2691956763584">
              <thead>
                <tr>
                  <th scope="col">Variable</th>
                  <th scope="col">Value</th>
                </tr>
              </thead>
              <tbody>
                
                  <tr>
                    <td>ignored_wrapper_args</td>
                    <td class="code"><pre>(False,
 {&#x27;connection&#x27;: &lt;DatabaseWrapper vendor=&#x27;sqlite&#x27; alias=&#x27;default&#x27;&gt;,
  &#x27;cursor&#x27;: &lt;django.db.backends.utils.CursorDebugWrapper object at 0x00000272C5265C70&gt;})</pre></td>
                  </tr>
                
                  <tr>
                    <td>params</td>
                    <td class="code"><pre>(&#x27;Duplicate Test&#x27;,
 &#x27;&#x27;,
 &#x27;dQw4w9WgXcQ&#x27;,
 &#x27;https://www.youtube.com/embed/dQw4w9WgXcQ&#x27;,
 &#x27;https://youtu.be/dQw4w9WgXcQ&#x27;,
 1,
 &#x27;Theory&#x27;,
 &#x27;&#x27;,
 &#x27;&#x27;,
 &#x27;https://img.youtube.com/vi/dQw4w9WgXcQ/maxresdefault.jpg&#x27;,
 &#x27;youtube&#x27;,
 True,
 False,
 False,
 &#x27;2026-03-21 13:58:34.673641&#x27;,
 &#x27;2026-03-21 13:58:34.673641&#x27;,
 False,
 None)</pre></td>
                  </tr>
                
                  <tr>
                    <td>self</td>
                    <td class="code"><pre>&lt;django.db.backends.utils.CursorDebugWrapper object at 0x00000272C5265C70&gt;</pre></td>
                  </tr>
                
                  <tr>
                    <td>sql</td>
                    <td class="code"><pre>(&#x27;INSERT INTO &quot;videos_video&quot; (&quot;title&quot;, &quot;description&quot;, &quot;youtube_id&quot;, &#x27;
 &#x27;&quot;video_url&quot;, &quot;youtube_url&quot;, &quot;subject_id&quot;, &quot;type&quot;, &quot;important_topics&quot;, &#x27;
 &#x27;&quot;duration&quot;, &quot;thumbnail&quot;, &quot;source&quot;, &quot;is_published&quot;, &quot;is_important&quot;, &#x27;
 &#x27;&quot;is_verified&quot;, &quot;created_at&quot;, &quot;updated_at&quot;, &quot;fetch_from_youtube&quot;, &#x27;
 &#x27;&quot;youtube_url_input&quot;) VALUES (%s, %s, %s, %s, %s, %s, %s, %s, %s, %s, %s, %s, &#x27;
 &#x27;%s, %s, %s, %s, %s, %s) RETURNING &quot;videos_video&quot;.&quot;id&quot;&#x27;)</pre></td>
                  </tr>
                
              </tbody>
            </table>
            </details>
          
        </li>
      
        
        <li class="frame django">
          
            <code class="fname">C:\Users\omraj\AppData\Local\Programs\Python\Python312\Lib\site-packages\django\db\backends\sqlite3\base.py</code>, line 354, in execute
          

          
            <div class="context" id="c2691956764224">
              
                <ol start="347" class="pre-context" id="pre2691956764224">
                
                  <li onclick="toggle('pre2691956764224', 'post2691956764224')"><pre></pre></li>
                
                  <li onclick="toggle('pre2691956764224', 'post2691956764224')"><pre>    def execute(self, query, params=None):</pre></li>
                
                  <li onclick="toggle('pre2691956764224', 'post2691956764224')"><pre>        if params is None:</pre></li>
                
                  <li onclick="toggle('pre2691956764224', 'post2691956764224')"><pre>            return super().execute(query)</pre></li>
                
                  <li onclick="toggle('pre2691956764224', 'post2691956764224')"><pre>        # Extract names if params is a mapping, i.e. &quot;pyformat&quot; style is used.</pre></li>
                
                  <li onclick="toggle('pre2691956764224', 'post2691956764224')"><pre>        param_names = list(params) if isinstance(params, Mapping) else None</pre></li>
                
                  <li onclick="toggle('pre2691956764224', 'post2691956764224')"><pre>        query = self.convert_query(query, param_names=param_names)</pre></li>
                
                </ol>
              
              <ol start="354" class="context-line">
                <li onclick="toggle('pre2691956764224', 'post2691956764224')"><pre>        return super().execute(query, params)
                    ^^^^^^^^^^^^^^^^^^^^^^^^^^^^^^</pre> <span>à</span></li>
              </ol>
              
                <ol start='355' class="post-context" id="post2691956764224">
                  
                  <li onclick="toggle('pre2691956764224', 'post2691956764224')"><pre></pre></li>
                  
                  <li onclick="toggle('pre2691956764224', 'post2691956764224')"><pre>    def executemany(self, query, param_list):</pre></li>
                  
                  <li onclick="toggle('pre2691956764224', 'post2691956764224')"><pre>        # Extract names if params is a mapping, i.e. &quot;pyformat&quot; style is used.</pre></li>
                  
                  <li onclick="toggle('pre2691956764224', 'post2691956764224')"><pre>        # Peek carefully as a generator can be passed instead of a list/tuple.</pre></li>
                  
                  <li onclick="toggle('pre2691956764224', 'post2691956764224')"><pre>        peekable, param_list = tee(iter(param_list))</pre></li>
                  
                  <li onclick="toggle('pre2691956764224', 'post2691956764224')"><pre>        if (params := next(peekable, None)) and isinstance(params, Mapping):</pre></li>
                  
              </ol>
              
            </div>
          

          
            
              <details>
                <summary class="commands">Local vars</summary>
            
            <table class="vars" id="v2691956764224">
              <thead>
                <tr>
                  <th scope="col">Variable</th>
                  <th scope="col">Value</th>
                </tr>
              </thead>
              <tbody>
                
                  <tr>
                    <td>__class__</td>
                    <td class="code"><pre>&lt;class &#x27;django.db.backends.sqlite3.base.SQLiteCursorWrapper&#x27;&gt;</pre></td>
                  </tr>
                
                  <tr>
                    <td>param_names</td>
                    <td class="code"><pre>None</pre></td>
                  </tr>
                
                  <tr>
                    <td>params</td>
                    <td class="code"><pre>(&#x27;Duplicate Test&#x27;,
 &#x27;&#x27;,
 &#x27;dQw4w9WgXcQ&#x27;,
 &#x27;https://www.youtube.com/embed/dQw4w9WgXcQ&#x27;,
 &#x27;https://youtu.be/dQw4w9WgXcQ&#x27;,
 1,
 &#x27;Theory&#x27;,
 &#x27;&#x27;,
 &#x27;&#x27;,
 &#x27;https://img.youtube.com/vi/dQw4w9WgXcQ/maxresdefault.jpg&#x27;,
 &#x27;youtube&#x27;,
 True,
 False,
 False,
 &#x27;2026-03-21 13:58:34.673641&#x27;,
 &#x27;2026-03-21 13:58:34.673641&#x27;,
 False,
 None)</pre></td>
                  </tr>
                
                  <tr>
                    <td>query</td>
                    <td class="code"><pre>(&#x27;INSERT INTO &quot;videos_video&quot; (&quot;title&quot;, &quot;description&quot;, &quot;youtube_id&quot;, &#x27;
 &#x27;&quot;video_url&quot;, &quot;youtube_url&quot;, &quot;subject_id&quot;, &quot;type&quot;, &quot;important_topics&quot;, &#x27;
 &#x27;&quot;duration&quot;, &quot;thumbnail&quot;, &quot;source&quot;, &quot;is_published&quot;, &quot;is_important&quot;, &#x27;
 &#x27;&quot;is_verified&quot;, &quot;created_at&quot;, &quot;updated_at&quot;, &quot;fetch_from_youtube&quot;, &#x27;
 &#x27;&quot;youtube_url_input&quot;) VALUES (?, ?, ?, ?, ?, ?, ?, ?, ?, ?, ?, ?, ?, ?, ?, ?, &#x27;
 &#x27;?, ?) RETURNING &quot;videos_video&quot;.&quot;id&quot;&#x27;)</pre></td>
                  </tr>
                
                  <tr>
                    <td>self</td>
                    <td class="code"><pre>&lt;django.db.backends.sqlite3.base.SQLiteCursorWrapper object at 0x00000272C5257410&gt;</pre></td>
                  </tr>
                
              </tbody>
            </table>
            </details>
          
        </li>
      
    </ul>
  </div>

  <form action="https://dpaste.com/" name="pasteform" id="pasteform" method="post">
  <div id="pastebinTraceback" class="pastebin">
    <input type="hidden" name="language" value="PythonConsole">
    <input type="hidden" name="title"
      value="IntegrityError at /api/admin/videos/">
    <input type="hidden" name="source" value="Django Dpaste Agent">
    <input type="hidden" name="poster" value="Django">
    <textarea name="content" id="traceback_area" cols="140" rows="25">
Environment:


Request Method: POST
Request URL: http://127.0.0.1:8000/api/admin/videos/

Django Version: 5.1
Python Version: 3.12.3
Installed Applications:
[&#x27;django.contrib.admin&#x27;,
 &#x27;django.contrib.auth&#x27;,
 &#x27;django.contrib.contenttypes&#x27;,
 &#x27;django.contrib.sessions&#x27;,
 &#x27;django.contrib.messages&#x27;,
 &#x27;django.contrib.staticfiles&#x27;,
 &#x27;rest_framework&#x27;,
 &#x27;corsheaders&#x27;,
 &#x27;videos&#x27;]
Installed Middleware:
[&#x27;django.middleware.security.SecurityMiddleware&#x27;,
 &#x27;django.contrib.sessions.middleware.SessionMiddleware&#x27;,
 &#x27;corsheaders.middleware.CorsMiddleware&#x27;,
 &#x27;django.middleware.common.CommonMiddleware&#x27;,
 &#x27;django.middleware.csrf.CsrfViewMiddleware&#x27;,
 &#x27;django.contrib.auth.middleware.AuthenticationMiddleware&#x27;,
 &#x27;django.contrib.messages.middleware.MessageMiddleware&#x27;,
 &#x27;django.middleware.clickjacking.XFrameOptionsMiddleware&#x27;]



Traceback (most recent call last):
  File "C:\Users\omraj\AppData\Local\Programs\Python\Python312\Lib\site-packages\django\db\backends\utils.py", line 105, in _execute
    return self.cursor.execute(sql, params)
           ^^^^^^^^^^^^^^^^^^^^^^^^^^^^^^^^
  File "C:\Users\omraj\AppData\Local\Programs\Python\Python312\Lib\site-packages\django\db\backends\sqlite3\base.py", line 354, in execute
    return super().execute(query, params)
           ^^^^^^^^^^^^^^^^^^^^^^^^^^^^^^

The above exception (UNIQUE constraint failed: videos_video.youtube_id) was the direct cause of the following exception:
  File "C:\Users\omraj\AppData\Local\Programs\Python\Python312\Lib\site-packages\django\core\handlers\exception.py", line 55, in inner
    response = get_response(request)
               ^^^^^^^^^^^^^^^^^^^^^
  File "C:\Users\omraj\AppData\Local\Programs\Python\Python312\Lib\site-packages\django\core\handlers\base.py", line 197, in _get_response
    response = wrapped_callback(request, *callback_args, **callback_kwargs)
               ^^^^^^^^^^^^^^^^^^^^^^^^^^^^^^^^^^^^^^^^^^^^^^^^^^^^^^^^^^^^
  File "C:\Users\omraj\AppData\Local\Programs\Python\Python312\Lib\site-packages\django\views\decorators\csrf.py", line 65, in _view_wrapper
    return view_func(request, *args, **kwargs)
           ^^^^^^^^^^^^^^^^^^^^^^^^^^^^^^^^^^^
  File "C:\Users\omraj\AppData\Local\Programs\Python\Python312\Lib\site-packages\rest_framework\viewsets.py", line 125, in view
    return self.dispatch(request, *args, **kwargs)
           ^^^^^^^^^^^^^^^^^^^^^^^^^^^^^^^^^^^^^^^
  File "C:\Users\omraj\AppData\Local\Programs\Python\Python312\Lib\site-packages\rest_framework\views.py", line 515, in dispatch
    response = self.handle_exception(exc)
               ^^^^^^^^^^^^^^^^^^^^^^^^^^
  File "C:\Users\omraj\AppData\Local\Programs\Python\Python312\Lib\site-packages\rest_framework\views.py", line 475, in handle_exception
    self.raise_uncaught_exception(exc)
    ^^^^^^^^^^^^^^^^^^^^^^^^^^^^^^^^^^
  File "C:\Users\omraj\AppData\Local\Programs\Python\Python312\Lib\site-packages\rest_framework\views.py", line 486, in raise_uncaught_exception
    raise exc
    ^^^^^^^^^
  File "C:\Users\omraj\AppData\Local\Programs\Python\Python312\Lib\site-packages\rest_framework\views.py", line 512, in dispatch
    response = handler(request, *args, **kwargs)
               ^^^^^^^^^^^^^^^^^^^^^^^^^^^^^^^^^
  File "C:\Users\omraj\AppData\Local\Programs\Python\Python312\Lib\site-packages\rest_framework\mixins.py", line 19, in create
    self.perform_create(serializer)
    ^^^^^^^^^^^^^^^^^^^^^^^^^^^^^^^
  File "C:\Users\omraj\OneDrive\Desktop\ConceptsIn5\backend\videos\views.py", line 65, in perform_create
    serializer.save(
    ^
  File "C:\Users\omraj\AppData\Local\Programs\Python\Python312\Lib\site-packages\rest_framework\serializers.py", line 210, in save
    self.instance = self.create(validated_data)
                    ^^^^^^^^^^^^^^^^^^^^^^^^^^^
  File "C:\Users\omraj\AppData\Local\Programs\Python\Python312\Lib\site-packages\rest_framework\serializers.py", line 991, in create
    instance = ModelClass._default_manager.create(**validated_data)
               ^^^^^^^^^^^^^^^^^^^^^^^^^^^^^^^^^^^^^^^^^^^^^^^^^^^^
  File "C:\Users\omraj\AppData\Local\Programs\Python\Python312\Lib\site-packages\django\db\models\manager.py", line 87, in manager_method
    return getattr(self.get_queryset(), name)(*args, **kwargs)
           ^^^^^^^^^^^^^^^^^^^^^^^^^^^^^^^^^^^^^^^^^^^^^^^^^^^
  File "C:\Users\omraj\AppData\Local\Programs\Python\Python312\Lib\site-packages\django\db\models\query.py", line 679, in create
    obj.save(force_insert=True, using=self.db)
    ^^^^^^^^^^^^^^^^^^^^^^^^^^^^^^^^^^^^^^^^^^
  File "C:\Users\omraj\AppData\Local\Programs\Python\Python312\Lib\site-packages\django\db\models\base.py", line 891, in save
    self.save_base(
    ^
  File "C:\Users\omraj\AppData\Local\Programs\Python\Python312\Lib\site-packages\django\db\models\base.py", line 997, in save_base
    updated = self._save_table(
              
  File "C:\Users\omraj\AppData\Local\Programs\Python\Python312\Lib\site-packages\django\db\models\base.py", line 1160, in _save_table
    results = self._do_insert(
              
  File "C:\Users\omraj\AppData\Local\Programs\Python\Python312\Lib\site-packages\django\db\models\base.py", line 1201, in _do_insert
    return manager._insert(
           
  File "C:\Users\omraj\AppData\Local\Programs\Python\Python312\Lib\site-packages\django\db\models\manager.py", line 87, in manager_method
    return getattr(self.get_queryset(), name)(*args, **kwargs)
           ^^^^^^^^^^^^^^^^^^^^^^^^^^^^^^^^^^^^^^^^^^^^^^^^^^^
  File "C:\Users\omraj\AppData\Local\Programs\Python\Python312\Lib\site-packages\django\db\models\query.py", line 1847, in _insert
    return query.get_compiler(using=using).execute_sql(returning_fields)
           ^^^^^^^^^^^^^^^^^^^^^^^^^^^^^^^^^^^^^^^^^^^^^^^^^^^^^^^^^^^^^
  File "C:\Users\omraj\AppData\Local\Programs\Python\Python312\Lib\site-packages\django\db\models\sql\compiler.py", line 1836, in execute_sql
    cursor.execute(sql, params)
    ^^^^^^^^^^^^^^^^^^^^^^^^^^^
  File "C:\Users\omraj\AppData\Local\Programs\Python\Python312\Lib\site-packages\django\db\backends\utils.py", line 122, in execute
    return super().execute(sql, params)
           ^^^^^^^^^^^^^^^^^^^^^^^^^^^^
  File "C:\Users\omraj\AppData\Local\Programs\Python\Python312\Lib\site-packages\django\db\backends\utils.py", line 79, in execute
    return self._execute_with_wrappers(
           
  File "C:\Users\omraj\AppData\Local\Programs\Python\Python312\Lib\site-packages\django\db\backends\utils.py", line 92, in _execute_with_wrappers
    return executor(sql, params, many, context)
           ^^^^^^^^^^^^^^^^^^^^^^^^^^^^^^^^^^^^
  File "C:\Users\omraj\AppData\Local\Programs\Python\Python312\Lib\site-packages\django\db\backends\utils.py", line 100, in _execute
    with self.db.wrap_database_errors:
    ^^^^^^^^^^^^^^^^^^^^^^^^^^^^^^^^^^^^^^^^^^^^^^^
  File "C:\Users\omraj\AppData\Local\Programs\Python\Python312\Lib\site-packages\django\db\utils.py", line 91, in __exit__
    raise dj_exc_value.with_traceback(traceback) from exc_value
    ^^^^^^^^^^^^^^^^^^^^^^^^^^^^^^^^^^^^^^^^^^^^^^^^^^^^^^^^^^^
  File "C:\Users\omraj\AppData\Local\Programs\Python\Python312\Lib\site-packages\django\db\backends\utils.py", line 105, in _execute
    return self.cursor.execute(sql, params)
           ^^^^^^^^^^^^^^^^^^^^^^^^^^^^^^^^
  File "C:\Users\omraj\AppData\Local\Programs\Python\Python312\Lib\site-packages\django\db\backends\sqlite3\base.py", line 354, in execute
    return super().execute(query, params)
           ^^^^^^^^^^^^^^^^^^^^^^^^^^^^^^

Exception Type: IntegrityError at /api/admin/videos/
Exception Value: UNIQUE constraint failed: videos_video.youtube_id
</textarea>
  <br><br>
  <input type="submit" value="Share this traceback on a public website">
  </div>
</form>

</div>


<div id="requestinfo">
  <h2>Request information</h2>


  
    <h3 id="user-info">USER</h3>
    <p>admin</p>
  

  <h3 id="get-info">GET</h3>
  
    <p>No GET data</p>
  

  <h3 id="post-info">POST</h3>
  
    <p>No POST data</p>
  

  <h3 id="files-info">FILES</h3>
  
    <p>No FILES data</p>
  

  <h3 id="cookie-info">COOKIES</h3>
  
    <table class="req">
      <thead>
        <tr>
          <th scope="col">Variable</th>
          <th scope="col">Value</th>
        </tr>
      </thead>
      <tbody>
        
          <tr>
            <td>csrftoken</td>
            <td class="code"><pre>&#x27;********************&#x27;</pre></td>
          </tr>
        
          <tr>
            <td>sessionid</td>
            <td class="code"><pre>&#x27;********************&#x27;</pre></td>
          </tr>
        
      </tbody>
    </table>
  

  <h3 id="meta-info">META</h3>
  <table class="req">
    <thead>
      <tr>
        <th scope="col">Variable</th>
        <th scope="col">Value</th>
      </tr>
    </thead>
    <tbody>
      
        <tr>
          <td>ALLUSERSPROFILE</td>
          <td class="code"><pre>&#x27;C:\\ProgramData&#x27;</pre></td>
        </tr>
      
        <tr>
          <td>ANTIGRAVITY_AGENT</td>
          <td class="code"><pre>&#x27;1&#x27;</pre></td>
        </tr>
      
        <tr>
          <td>ANTIGRAVITY_CLI_ALIAS</td>
          <td class="code"><pre>&#x27;agy&#x27;</pre></td>
        </tr>
      
        <tr>
          <td>APPDATA</td>
          <td class="code"><pre>&#x27;C:\\Users\\omraj\\AppData\\Roaming&#x27;</pre></td>
        </tr>
      
        <tr>
          <td>BUNDLED_DEBUGPY_PATH</td>
          <td class="code"><pre>&#x27;c:\\Users\\omraj\\.antigravity\\extensions\\ms-python.debugpy-2025.18.0-win32-x64\\bundled\\libs\\debugpy&#x27;</pre></td>
        </tr>
      
        <tr>
          <td>CHOCOLATEYLASTPATHUPDATE</td>
          <td class="code"><pre>&#x27;133677319014378794&#x27;</pre></td>
        </tr>
      
        <tr>
          <td>CHROME_CRASHPAD_PIPE_NAME</td>
          <td class="code"><pre>&#x27;\\\\.\\pipe\\crashpad_26404_FXFGASXSRLXWASCS&#x27;</pre></td>
        </tr>
      
        <tr>
          <td>COLORTERM</td>
          <td class="code"><pre>&#x27;truecolor&#x27;</pre></td>
        </tr>
      
        <tr>
          <td>COMMONPROGRAMFILES</td>
          <td class="code"><pre>&#x27;C:\\Program Files\\Common Files&#x27;</pre></td>
        </tr>
      
        <tr>
          <td>COMMONPROGRAMFILES(X86)</td>
          <td class="code"><pre>&#x27;C:\\Program Files (x86)\\Common Files&#x27;</pre></td>
        </tr>
      
        <tr>
          <td>COMMONPROGRAMW6432</td>
          <td class="code"><pre>&#x27;C:\\Program Files\\Common Files&#x27;</pre></td>
        </tr>
      
        <tr>
          <td>COMPUTERNAME</td>
          <td class="code"><pre>&#x27;LAPTOP-AORSPMI4&#x27;</pre></td>
        </tr>
      
        <tr>
          <td>COMSPEC</td>
          <td class="code"><pre>&#x27;C:\\WINDOWS\\system32\\cmd.exe&#x27;</pre></td>
        </tr>
      
        <tr>
          <td>CONTENT_LENGTH</td>
          <td class="code"><pre>&#x27;88&#x27;</pre></td>
        </tr>
      
        <tr>
          <td>CONTENT_TYPE</td>
          <td class="code"><pre>&#x27;application/json&#x27;</pre></td>
        </tr>
      
        <tr>
          <td>CSRF_COOKIE</td>
          <td class="code"><pre>&#x27;ziQEUu5tOe5aBngAJAnxjr5vpxS8QcDF&#x27;</pre></td>
        </tr>
      
        <tr>
          <td>DJANGO_SETTINGS_MODULE</td>
          <td class="code"><pre>&#x27;backend.settings&#x27;</pre></td>
        </tr>
      
        <tr>
          <td>DRIVERDATA</td>
          <td class="code"><pre>&#x27;C:\\Windows\\System32\\Drivers\\DriverData&#x27;</pre></td>
        </tr>
      
        <tr>
          <td>EFC_18296_1262719628</td>
          <td class="code"><pre>&#x27;1&#x27;</pre></td>
        </tr>
      
        <tr>
          <td>EFC_18296_1592913036</td>
          <td class="code"><pre>&#x27;1&#x27;</pre></td>
        </tr>
      
        <tr>
          <td>EFC_18296_2283032206</td>
          <td class="code"><pre>&#x27;1&#x27;</pre></td>
        </tr>
      
        <tr>
          <td>EFC_18296_2775293581</td>
          <td class="code"><pre>&#x27;1&#x27;</pre></td>
        </tr>
      
        <tr>
          <td>EFC_18296_3789132940</td>
          <td class="code"><pre>&#x27;1&#x27;</pre></td>
        </tr>
      
        <tr>
          <td>GATEWAY_INTERFACE</td>
          <td class="code"><pre>&#x27;CGI/1.1&#x27;</pre></td>
        </tr>
      
        <tr>
          <td>GIT_ASKPASS</td>
          <td class="code"><pre>&#x27;********************&#x27;</pre></td>
        </tr>
      
        <tr>
          <td>HOMEDRIVE</td>
          <td class="code"><pre>&#x27;C:&#x27;</pre></td>
        </tr>
      
        <tr>
          <td>HOMEPATH</td>
          <td class="code"><pre>&#x27;\\Users\\omraj&#x27;</pre></td>
        </tr>
      
        <tr>
          <td>HTTP_ACCEPT</td>
          <td class="code"><pre>&#x27;*/*&#x27;</pre></td>
        </tr>
      
        <tr>
          <td>HTTP_ACCEPT_ENCODING</td>
          <td class="code"><pre>&#x27;gzip, deflate&#x27;</pre></td>
        </tr>
      
        <tr>
          <td>HTTP_CONNECTION</td>
          <td class="code"><pre>&#x27;keep-alive&#x27;</pre></td>
        </tr>
      
        <tr>
          <td>HTTP_COOKIE</td>
          <td class="code"><pre>&#x27;********************&#x27;</pre></td>
        </tr>
      
        <tr>
          <td>HTTP_HOST</td>
          <td class="code"><pre>&#x27;127.0.0.1:8000&#x27;</pre></td>
        </tr>
      
        <tr>
          <td>HTTP_USER_AGENT</td>
          <td class="code"><pre>&#x27;python-requests/2.32.3&#x27;</pre></td>
        </tr>
      
        <tr>
          <td>HTTP_X_CSRFTOKEN</td>
          <td class="code"><pre>&#x27;********************&#x27;</pre></td>
        </tr>
      
        <tr>
          <td>LANG</td>
          <td class="code"><pre>&#x27;en_US.UTF-8&#x27;</pre></td>
        </tr>
      
        <tr>
          <td>LOCALAPPDATA</td>
          <td class="code"><pre>&#x27;C:\\Users\\omraj\\AppData\\Local&#x27;</pre></td>
        </tr>
      
        <tr>
          <td>LOGONSERVER</td>
          <td class="code"><pre>&#x27;\\\\LAPTOP-AORSPMI4&#x27;</pre></td>
        </tr>
      
        <tr>
          <td>NUMBER_OF_PROCESSORS</td>
          <td class="code"><pre>&#x27;12&#x27;</pre></td>
        </tr>
      
        <tr>
          <td>ONEDRIVE</td>
          <td class="code"><pre>&#x27;C:\\Users\\omraj\\OneDrive&#x27;</pre></td>
        </tr>
      
        <tr>
          <td>ONEDRIVECONSUMER</td>
          <td class="code"><pre>&#x27;C:\\Users\\omraj\\OneDrive&#x27;</pre></td>
        </tr>
      
        <tr>
          <td>OPENAI_API_KEY</td>
          <td class="code"><pre>&#x27;********************&#x27;</pre></td>
        </tr>
      
        <tr>
          <td>OS</td>
          <td class="code"><pre>&#x27;Windows_NT&#x27;</pre></td>
        </tr>
      
        <tr>
          <td>PAGER</td>
          <td class="code"><pre>&#x27;cat&#x27;</pre></td>
        </tr>
      
        <tr>
          <td>PATH</td>
          <td class="code"><pre>(&#x27;C:\\WINDOWS\\system32;C:\\WINDOWS;C:\\WINDOWS\\System32\\Wbem;C:\\WINDOWS\\System32\\WindowsPowerShell\\v1.0\\;C:\\WINDOWS\\System32\\OpenSSH\\;C:\\ProgramData\\chocolatey\\bin;C:\\Program &#x27;
 &#x27;Files\\Git\\cmd;C:\\Program Files\\Git\\mingw64\\bin;C:\\Program &#x27;
 &#x27;Files\\Git\\usr\\bin;C:\\Program Files\\MySQL\\MySQL Server &#x27;
 &#x27;8.0\\bin;C:\\Program Files\\nodejs\\;C:\\xampp\\php;C:\\Program &#x27;
 &#x27;Files\\PuTTY\\;C:\\Program Files\\MySQL\\MySQL Shell &#x27;
 &#x27;8.0\\bin\\;C:\\Users\\omraj\\AppData\\Local\\Programs\\Python\\Python313\\Scripts\\;C:\\Users\\omraj\\AppData\\Local\\Programs\\Python\\Python313\\;C:\\Users\\omraj\\AppData\\Local\\Programs\\Python\\Python312\\Scripts\\;C:\\Users\\omraj\\AppData\\Local\\Programs\\Python\\Python312\\;C:\\Users\\omraj\\AppData\\Local\\Microsoft\\WindowsApps;C:\\Users\\omraj\\AppData\\Local\\Programs\\Microsoft &#x27;
 &#x27;VS &#x27;
 &#x27;Code\\bin;C:\\Users\\omraj\\AppData\\Local\\Microsoft\\WinGet\\Links;C:\\Users\\omraj\\AppData\\Roaming\\npm;C:\\Program &#x27;
 &#x27;Files\\JetBrains\\PyCharm Community Edition &#x27;
 &#x27;2024.3.1.1\\bin;;C:\\Users\\omraj\\AppData\\Roaming\\Composer\\vendor\\bin;C:\\Users\\omraj\\AppData\\Local\\Programs\\mongosh\\;C:\\Users\\omraj\\AppData\\Local\\Programs\\Warp\\bin;C:\\Users\\omraj\\AppData\\Local\\Programs\\Antigravity\\bin;c:\\Users\\omraj\\.antigravity\\extensions\\ms-python.debugpy-2025.18.0-win32-x64\\bundled\\scripts\\noConfigScripts&#x27;)</pre></td>
        </tr>
      
        <tr>
          <td>PATHEXT</td>
          <td class="code"><pre>&#x27;.COM;.EXE;.BAT;.CMD;.VBS;.VBE;.JS;.JSE;.WSF;.WSH;.MSC;.CPL&#x27;</pre></td>
        </tr>
      
        <tr>
          <td>PATH_INFO</td>
          <td class="code"><pre>&#x27;/api/admin/videos/&#x27;</pre></td>
        </tr>
      
        <tr>
          <td>PIP</td>
          <td class="code"><pre>&#x27;C:\\Users\\omraj\\AppData\\Local\\Programs\\Python\\Python313\\Scripts\\&#x27;</pre></td>
        </tr>
      
        <tr>
          <td>POWERSHELL_TELEMETRY_OPTOUT</td>
          <td class="code"><pre>&#x27;1&#x27;</pre></td>
        </tr>
      
        <tr>
          <td>PROCESSOR_ARCHITECTURE</td>
          <td class="code"><pre>&#x27;AMD64&#x27;</pre></td>
        </tr>
      
        <tr>
          <td>PROCESSOR_IDENTIFIER</td>
          <td class="code"><pre>&#x27;AMD64 Family 25 Model 80 Stepping 0, AuthenticAMD&#x27;</pre></td>
        </tr>
      
        <tr>
          <td>PROCESSOR_LEVEL</td>
          <td class="code"><pre>&#x27;25&#x27;</pre></td>
        </tr>
      
        <tr>
          <td>PROCESSOR_REVISION</td>
          <td class="code"><pre>&#x27;5000&#x27;</pre></td>
        </tr>
      
        <tr>
          <td>PROGRAMDATA</td>
          <td class="code"><pre>&#x27;C:\\ProgramData&#x27;</pre></td>
        </tr>
      
        <tr>
          <td>PROGRAMFILES</td>
          <td class="code"><pre>&#x27;C:\\Program Files&#x27;</pre></td>
        </tr>
      
        <tr>
          <td>PROGRAMFILES(X86)</td>
          <td class="code"><pre>&#x27;C:\\Program Files (x86)&#x27;</pre></td>
        </tr>
      
        <tr>
          <td>PROGRAMW6432</td>
          <td class="code"><pre>&#x27;C:\\Program Files&#x27;</pre></td>
        </tr>
      
        <tr>
          <td>PSMODULEPATH</td>
          <td class="code"><pre>(&#x27;C:\\Users\\omraj\\OneDrive\\Documents\\WindowsPowerShell\\Modules;C:\\Program &#x27;
 &#x27;Files\\WindowsPowerShell\\Modules;C:\\WINDOWS\\system32\\WindowsPowerShell\\v1.0\\Modules&#x27;)</pre></td>
        </tr>
      
        <tr>
          <td>PUBLIC</td>
          <td class="code"><pre>&#x27;C:\\Users\\Public&#x27;</pre></td>
        </tr>
      
        <tr>
          <td>PYCHARM COMMUNITY EDITION</td>
          <td class="code"><pre>&#x27;C:\\Program Files\\JetBrains\\PyCharm Community Edition 2024.3.1.1\\bin;&#x27;</pre></td>
        </tr>
      
        <tr>
          <td>PYDEVD_DISABLE_FILE_VALIDATION</td>
          <td class="code"><pre>&#x27;1&#x27;</pre></td>
        </tr>
      
        <tr>
          <td>PYTHON</td>
          <td class="code"><pre>&#x27;C:\\Users\\omraj\\AppData\\Local\\Programs\\Python\\Python313\\&#x27;</pre></td>
        </tr>
      
        <tr>
          <td>PYTHONSTARTUP</td>
          <td class="code"><pre>&#x27;c:\\Users\\omraj\\AppData\\Roaming\\Antigravity\\User\\workspaceStorage\\39e00a177b0fe48797a8bbf9bc7f0515\\ms-python.python\\pythonrc.py&#x27;</pre></td>
        </tr>
      
        <tr>
          <td>PYTHON_BASIC_REPL</td>
          <td class="code"><pre>&#x27;1&#x27;</pre></td>
        </tr>
      
        <tr>
          <td>QUERY_STRING</td>
          <td class="code"><pre>&#x27;&#x27;</pre></td>
        </tr>
      
        <tr>
          <td>REMOTE_ADDR</td>
          <td class="code"><pre>&#x27;127.0.0.1&#x27;</pre></td>
        </tr>
      
        <tr>
          <td>REMOTE_HOST</td>
          <td class="code"><pre>&#x27;&#x27;</pre></td>
        </tr>
      
        <tr>
          <td>REQUEST_METHOD</td>
          <td class="code"><pre>&#x27;POST&#x27;</pre></td>
        </tr>
      
        <tr>
          <td>RUN_MAIN</td>
          <td class="code"><pre>&#x27;true&#x27;</pre></td>
        </tr>
      
        <tr>
          <td>SCRIPT_NAME</td>
          <td class="code"><pre>&#x27;&#x27;</pre></td>
        </tr>
      
        <tr>
          <td>SERVER_NAME</td>
          <td class="code"><pre>&#x27;LAPTOP-AORSPMI4&#x27;</pre></td>
        </tr>
      
        <tr>
          <td>SERVER_PORT</td>
          <td class="code"><pre>&#x27;8000&#x27;</pre></td>
        </tr>
      
        <tr>
          <td>SERVER_PROTOCOL</td>
          <td class="code"><pre>&#x27;HTTP/1.1&#x27;</pre></td>
        </tr>
      
        <tr>
          <td>SERVER_SOFTWARE</td>
          <td class="code"><pre>&#x27;WSGIServer/0.2&#x27;</pre></td>
        </tr>
      
        <tr>
          <td>SESSIONNAME</td>
          <td class="code"><pre>&#x27;Console&#x27;</pre></td>
        </tr>
      
        <tr>
          <td>SYSTEMDRIVE</td>
          <td class="code"><pre>&#x27;C:&#x27;</pre></td>
        </tr>
      
        <tr>
          <td>SYSTEMROOT</td>
          <td class="code"><pre>&#x27;C:\\WINDOWS&#x27;</pre></td>
        </tr>
      
        <tr>
          <td>TEMP</td>
          <td class="code"><pre>&#x27;C:\\Users\\omraj\\AppData\\Local\\Temp&#x27;</pre></td>
        </tr>
      
        <tr>
          <td>TERM_PROGRAM</td>
          <td class="code"><pre>&#x27;vscode&#x27;</pre></td>
        </tr>
      
        <tr>
          <td>TERM_PROGRAM_VERSION</td>
          <td class="code"><pre>&#x27;1.107.0&#x27;</pre></td>
        </tr>
      
        <tr>
          <td>TMP</td>
          <td class="code"><pre>&#x27;C:\\Users\\omraj\\AppData\\Local\\Temp&#x27;</pre></td>
        </tr>
      
        <tr>
          <td>USERDOMAIN</td>
          <td class="code"><pre>&#x27;LAPTOP-AORSPMI4&#x27;</pre></td>
        </tr>
      
        <tr>
          <td>USERDOMAIN_ROAMINGPROFILE</td>
          <td class="code"><pre>&#x27;LAPTOP-AORSPMI4&#x27;</pre></td>
        </tr>
      
        <tr>
          <td>USERNAME</td>
          <td class="code"><pre>&#x27;omraj&#x27;</pre></td>
        </tr>
      
        <tr>
          <td>USERPROFILE</td>
          <td class="code"><pre>&#x27;C:\\Users\\omraj&#x27;</pre></td>
        </tr>
      
        <tr>
          <td>VSCODE_DEBUGPY_ADAPTER_ENDPOINTS</td>
          <td class="code"><pre>&#x27;c:\\Users\\omraj\\.antigravity\\extensions\\ms-python.debugpy-2025.18.0-win32-x64\\.noConfigDebugAdapterEndpoints\\endpoint-415930d5790cfffc.txt&#x27;</pre></td>
        </tr>
      
        <tr>
          <td>VSCODE_GIT_ASKPASS_EXTRA_ARGS</td>
          <td class="code"><pre>&#x27;********************&#x27;</pre></td>
        </tr>
      
        <tr>
          <td>VSCODE_GIT_ASKPASS_MAIN</td>
          <td class="code"><pre>&#x27;********************&#x27;</pre></td>
        </tr>
      
        <tr>
          <td>VSCODE_GIT_ASKPASS_NODE</td>
          <td class="code"><pre>&#x27;********************&#x27;</pre></td>
        </tr>
      
        <tr>
          <td>VSCODE_GIT_IPC_HANDLE</td>
          <td class="code"><pre>&#x27;\\\\.\\pipe\\vscode-git-423c02b4e9-sock&#x27;</pre></td>
        </tr>
      
        <tr>
          <td>VSCODE_INJECTION</td>
          <td class="code"><pre>&#x27;1&#x27;</pre></td>
        </tr>
      
        <tr>
          <td>VSCODE_PYTHON_AUTOACTIVATE_GUARD</td>
          <td class="code"><pre>&#x27;1&#x27;</pre></td>
        </tr>
      
        <tr>
          <td>WINDIR</td>
          <td class="code"><pre>&#x27;C:\\WINDOWS&#x27;</pre></td>
        </tr>
      
        <tr>
          <td>wsgi.errors</td>
          <td class="code"><pre>&lt;_io.TextIOWrapper name=&#x27;&lt;stderr&gt;&#x27; mode=&#x27;w&#x27; encoding=&#x27;utf-8&#x27;&gt;</pre></td>
        </tr>
      
        <tr>
          <td>wsgi.file_wrapper</td>
          <td class="code"><pre>&lt;class &#x27;wsgiref.util.FileWrapper&#x27;&gt;</pre></td>
        </tr>
      
        <tr>
          <td>wsgi.input</td>
          <td class="code"><pre>&lt;django.core.handlers.wsgi.LimitedStream object at 0x00000272C4D4A110&gt;</pre></td>
        </tr>
      
        <tr>
          <td>wsgi.multiprocess</td>
          <td class="code"><pre>False</pre></td>
        </tr>
      
        <tr>
          <td>wsgi.multithread</td>
          <td class="code"><pre>True</pre></td>
        </tr>
      
        <tr>
          <td>wsgi.run_once</td>
          <td class="code"><pre>False</pre></td>
        </tr>
      
        <tr>
          <td>wsgi.url_scheme</td>
          <td class="code"><pre>&#x27;http&#x27;</pre></td>
        </tr>
      
        <tr>
          <td>wsgi.version</td>
          <td class="code"><pre>(1, 0)</pre></td>
        </tr>
      
    </tbody>
  </table>


  <h3 id="settings-info">Settings</h3>
  <h4>Using settings module <code>backend.settings</code></h4>
  <table class="req">
    <thead>
      <tr>
        <th scope="col">Setting</th>
        <th scope="col">Value</th>
      </tr>
    </thead>
    <tbody>
      
        <tr>
          <td>ABSOLUTE_URL_OVERRIDES</td>
          <td class="code"><pre>{}</pre></td>
        </tr>
      
        <tr>
          <td>ADMINS</td>
          <td class="code"><pre>[]</pre></td>
        </tr>
      
        <tr>
          <td>ALLOWED_HOSTS</td>
          <td class="code"><pre>[&#x27;*&#x27;]</pre></td>
        </tr>
      
        <tr>
          <td>APPEND_SLASH</td>
          <td class="code"><pre>True</pre></td>
        </tr>
      
        <tr>
          <td>AUTHENTICATION_BACKENDS</td>
          <td class="code"><pre>[&#x27;django.contrib.auth.backends.ModelBackend&#x27;]</pre></td>
        </tr>
      
        <tr>
          <td>AUTH_PASSWORD_VALIDATORS</td>
          <td class="code"><pre>&#x27;********************&#x27;</pre></td>
        </tr>
      
        <tr>
          <td>AUTH_USER_MODEL</td>
          <td class="code"><pre>&#x27;auth.User&#x27;</pre></td>
        </tr>
      
        <tr>
          <td>BASE_DIR</td>
          <td class="code"><pre>WindowsPath(&#x27;C:/Users/omraj/OneDrive/Desktop/ConceptsIn5/backend&#x27;)</pre></td>
        </tr>
      
        <tr>
          <td>CACHES</td>
          <td class="code"><pre>{&#x27;default&#x27;: {&#x27;BACKEND&#x27;: &#x27;django.core.cache.backends.locmem.LocMemCache&#x27;}}</pre></td>
        </tr>
      
        <tr>
          <td>CACHE_MIDDLEWARE_ALIAS</td>
          <td class="code"><pre>&#x27;default&#x27;</pre></td>
        </tr>
      
        <tr>
          <td>CACHE_MIDDLEWARE_KEY_PREFIX</td>
          <td class="code"><pre>&#x27;********************&#x27;</pre></td>
        </tr>
      
        <tr>
          <td>CACHE_MIDDLEWARE_SECONDS</td>
          <td class="code"><pre>600</pre></td>
        </tr>
      
        <tr>
          <td>CORS_ALLOW_ALL_ORIGINS</td>
          <td class="code"><pre>True</pre></td>
        </tr>
      
        <tr>
          <td>CORS_ALLOW_CREDENTIALS</td>
          <td class="code"><pre>True</pre></td>
        </tr>
      
        <tr>
          <td>CSRF_COOKIE_AGE</td>
          <td class="code"><pre>31449600</pre></td>
        </tr>
      
        <tr>
          <td>CSRF_COOKIE_DOMAIN</td>
          <td class="code"><pre>None</pre></td>
        </tr>
      
        <tr>
          <td>CSRF_COOKIE_HTTPONLY</td>
          <td class="code"><pre>False</pre></td>
        </tr>
      
        <tr>
          <td>CSRF_COOKIE_NAME</td>
          <td class="code"><pre>&#x27;csrftoken&#x27;</pre></td>
        </tr>
      
        <tr>
          <td>CSRF_COOKIE_PATH</td>
          <td class="code"><pre>&#x27;/&#x27;</pre></td>
        </tr>
      
        <tr>
          <td>CSRF_COOKIE_SAMESITE</td>
          <td class="code"><pre>&#x27;Lax&#x27;</pre></td>
        </tr>
      
        <tr>
          <td>CSRF_COOKIE_SECURE</td>
          <td class="code"><pre>False</pre></td>
        </tr>
      
        <tr>
          <td>CSRF_FAILURE_VIEW</td>
          <td class="code"><pre>&#x27;django.views.csrf.csrf_failure&#x27;</pre></td>
        </tr>
      
        <tr>
          <td>CSRF_HEADER_NAME</td>
          <td class="code"><pre>&#x27;HTTP_X_CSRFTOKEN&#x27;</pre></td>
        </tr>
      
        <tr>
          <td>CSRF_TRUSTED_ORIGINS</td>
          <td class="code"><pre>[&#x27;http://localhost:5173&#x27;,
 &#x27;http://127.0.0.1:5173&#x27;,
 &#x27;http://localhost:5174&#x27;,
 &#x27;http://127.0.0.1:5174&#x27;]</pre></td>
        </tr>
      
        <tr>
          <td>CSRF_USE_SESSIONS</td>
          <td class="code"><pre>False</pre></td>
        </tr>
      
        <tr>
          <td>DATABASES</td>
          <td class="code"><pre>{&#x27;default&#x27;: {&#x27;ATOMIC_REQUESTS&#x27;: False,
             &#x27;AUTOCOMMIT&#x27;: True,
             &#x27;CONN_HEALTH_CHECKS&#x27;: False,
             &#x27;CONN_MAX_AGE&#x27;: 0,
             &#x27;ENGINE&#x27;: &#x27;django.db.backends.sqlite3&#x27;,
             &#x27;HOST&#x27;: &#x27;&#x27;,
             &#x27;NAME&#x27;: WindowsPath(&#x27;C:/Users/omraj/OneDrive/Desktop/ConceptsIn5/backend/db.sqlite3&#x27;),
             &#x27;OPTIONS&#x27;: {},
             &#x27;PASSWORD&#x27;: &#x27;********************&#x27;,
             &#x27;PORT&#x27;: &#x27;&#x27;,
             &#x27;TEST&#x27;: {&#x27;CHARSET&#x27;: None,
                      &#x27;COLLATION&#x27;: None,
                      &#x27;MIGRATE&#x27;: True,
                      &#x27;MIRROR&#x27;: None,
                      &#x27;NAME&#x27;: None},
             &#x27;TIME_ZONE&#x27;: None,
             &#x27;USER&#x27;: &#x27;&#x27;}}</pre></td>
        </tr>
      
        <tr>
          <td>DATABASE_ROUTERS</td>
          <td class="code"><pre>[]</pre></td>
        </tr>
      
        <tr>
          <td>DATA_UPLOAD_MAX_MEMORY_SIZE</td>
          <td class="code"><pre>2621440</pre></td>
        </tr>
      
        <tr>
          <td>DATA_UPLOAD_MAX_NUMBER_FIELDS</td>
          <td class="code"><pre>1000</pre></td>
        </tr>
      
        <tr>
          <td>DATA_UPLOAD_MAX_NUMBER_FILES</td>
          <td class="code"><pre>100</pre></td>
        </tr>
      
        <tr>
          <td>DATETIME_FORMAT</td>
          <td class="code"><pre>&#x27;N j, Y, P&#x27;</pre></td>
        </tr>
      
        <tr>
          <td>DATETIME_INPUT_FORMATS</td>
          <td class="code"><pre>[&#x27;%Y-%m-%d %H:%M:%S&#x27;,
 &#x27;%Y-%m-%d %H:%M:%S.%f&#x27;,
 &#x27;%Y-%m-%d %H:%M&#x27;,
 &#x27;%m/%d/%Y %H:%M:%S&#x27;,
 &#x27;%m/%d/%Y %H:%M:%S.%f&#x27;,
 &#x27;%m/%d/%Y %H:%M&#x27;,
 &#x27;%m/%d/%y %H:%M:%S&#x27;,
 &#x27;%m/%d/%y %H:%M:%S.%f&#x27;,
 &#x27;%m/%d/%y %H:%M&#x27;]</pre></td>
        </tr>
      
        <tr>
          <td>DATE_FORMAT</td>
          <td class="code"><pre>&#x27;N j, Y&#x27;</pre></td>
        </tr>
      
        <tr>
          <td>DATE_INPUT_FORMATS</td>
          <td class="code"><pre>[&#x27;%Y-%m-%d&#x27;,
 &#x27;%m/%d/%Y&#x27;,
 &#x27;%m/%d/%y&#x27;,
 &#x27;%b %d %Y&#x27;,
 &#x27;%b %d, %Y&#x27;,
 &#x27;%d %b %Y&#x27;,
 &#x27;%d %b, %Y&#x27;,
 &#x27;%B %d %Y&#x27;,
 &#x27;%B %d, %Y&#x27;,
 &#x27;%d %B %Y&#x27;,
 &#x27;%d %B, %Y&#x27;]</pre></td>
        </tr>
      
        <tr>
          <td>DEBUG</td>
          <td class="code"><pre>True</pre></td>
        </tr>
      
        <tr>
          <td>DEBUG_PROPAGATE_EXCEPTIONS</td>
          <td class="code"><pre>False</pre></td>
        </tr>
      
        <tr>
          <td>DECIMAL_SEPARATOR</td>
          <td class="code"><pre>&#x27;.&#x27;</pre></td>
        </tr>
      
        <tr>
          <td>DEFAULT_AUTO_FIELD</td>
          <td class="code"><pre>&#x27;django.db.models.BigAutoField&#x27;</pre></td>
        </tr>
      
        <tr>
          <td>DEFAULT_CHARSET</td>
          <td class="code"><pre>&#x27;utf-8&#x27;</pre></td>
        </tr>
      
        <tr>
          <td>DEFAULT_EXCEPTION_REPORTER</td>
          <td class="code"><pre>&#x27;django.views.debug.ExceptionReporter&#x27;</pre></td>
        </tr>
      
        <tr>
          <td>DEFAULT_EXCEPTION_REPORTER_FILTER</td>
          <td class="code"><pre>&#x27;django.views.debug.SafeExceptionReporterFilter&#x27;</pre></td>
        </tr>
      
        <tr>
          <td>DEFAULT_FROM_EMAIL</td>
          <td class="code"><pre>&#x27;webmaster@localhost&#x27;</pre></td>
        </tr>
      
        <tr>
          <td>DEFAULT_INDEX_TABLESPACE</td>
          <td class="code"><pre>&#x27;&#x27;</pre></td>
        </tr>
      
        <tr>
          <td>DEFAULT_TABLESPACE</td>
          <td class="code"><pre>&#x27;&#x27;</pre></td>
        </tr>
      
        <tr>
          <td>DISALLOWED_USER_AGENTS</td>
          <td class="code"><pre>[]</pre></td>
        </tr>
      
        <tr>
          <td>EMAIL_BACKEND</td>
          <td class="code"><pre>&#x27;django.core.mail.backends.smtp.EmailBackend&#x27;</pre></td>
        </tr>
      
        <tr>
          <td>EMAIL_HOST</td>
          <td class="code"><pre>&#x27;localhost&#x27;</pre></td>
        </tr>
      
        <tr>
          <td>EMAIL_HOST_PASSWORD</td>
          <td class="code"><pre>&#x27;********************&#x27;</pre></td>
        </tr>
      
        <tr>
          <td>EMAIL_HOST_USER</td>
          <td class="code"><pre>&#x27;&#x27;</pre></td>
        </tr>
      
        <tr>
          <td>EMAIL_PORT</td>
          <td class="code"><pre>25</pre></td>
        </tr>
      
        <tr>
          <td>EMAIL_SSL_CERTFILE</td>
          <td class="code"><pre>None</pre></td>
        </tr>
      
        <tr>
          <td>EMAIL_SSL_KEYFILE</td>
          <td class="code"><pre>&#x27;********************&#x27;</pre></td>
        </tr>
      
        <tr>
          <td>EMAIL_SUBJECT_PREFIX</td>
          <td class="code"><pre>&#x27;[Django] &#x27;</pre></td>
        </tr>
      
        <tr>
          <td>EMAIL_TIMEOUT</td>
          <td class="code"><pre>None</pre></td>
        </tr>
      
        <tr>
          <td>EMAIL_USE_LOCALTIME</td>
          <td class="code"><pre>False</pre></td>
        </tr>
      
        <tr>
          <td>EMAIL_USE_SSL</td>
          <td class="code"><pre>False</pre></td>
        </tr>
      
        <tr>
          <td>EMAIL_USE_TLS</td>
          <td class="code"><pre>False</pre></td>
        </tr>
      
        <tr>
          <td>FILE_UPLOAD_DIRECTORY_PERMISSIONS</td>
          <td class="code"><pre>None</pre></td>
        </tr>
      
        <tr>
          <td>FILE_UPLOAD_HANDLERS</td>
          <td class="code"><pre>[&#x27;django.core.files.uploadhandler.MemoryFileUploadHandler&#x27;,
 &#x27;django.core.files.uploadhandler.TemporaryFileUploadHandler&#x27;]</pre></td>
        </tr>
      
        <tr>
          <td>FILE_UPLOAD_MAX_MEMORY_SIZE</td>
          <td class="code"><pre>2621440</pre></td>
        </tr>
      
        <tr>
          <td>FILE_UPLOAD_PERMISSIONS</td>
          <td class="code"><pre>420</pre></td>
        </tr>
      
        <tr>
          <td>FILE_UPLOAD_TEMP_DIR</td>
          <td class="code"><pre>None</pre></td>
        </tr>
      
        <tr>
          <td>FIRST_DAY_OF_WEEK</td>
          <td class="code"><pre>0</pre></td>
        </tr>
      
        <tr>
          <td>FIXTURE_DIRS</td>
          <td class="code"><pre>[]</pre></td>
        </tr>
      
        <tr>
          <td>FORCE_SCRIPT_NAME</td>
          <td class="code"><pre>None</pre></td>
        </tr>
      
        <tr>
          <td>FORMAT_MODULE_PATH</td>
          <td class="code"><pre>None</pre></td>
        </tr>
      
        <tr>
          <td>FORMS_URLFIELD_ASSUME_HTTPS</td>
          <td class="code"><pre>False</pre></td>
        </tr>
      
        <tr>
          <td>FORM_RENDERER</td>
          <td class="code"><pre>&#x27;django.forms.renderers.DjangoTemplates&#x27;</pre></td>
        </tr>
      
        <tr>
          <td>IGNORABLE_404_URLS</td>
          <td class="code"><pre>[]</pre></td>
        </tr>
      
        <tr>
          <td>INSTALLED_APPS</td>
          <td class="code"><pre>[&#x27;django.contrib.admin&#x27;,
 &#x27;django.contrib.auth&#x27;,
 &#x27;django.contrib.contenttypes&#x27;,
 &#x27;django.contrib.sessions&#x27;,
 &#x27;django.contrib.messages&#x27;,
 &#x27;django.contrib.staticfiles&#x27;,
 &#x27;rest_framework&#x27;,
 &#x27;corsheaders&#x27;,
 &#x27;videos&#x27;]</pre></td>
        </tr>
      
        <tr>
          <td>INTERNAL_IPS</td>
          <td class="code"><pre>[]</pre></td>
        </tr>
      
        <tr>
          <td>LANGUAGES</td>
          <td class="code"><pre>[(&#x27;af&#x27;, &#x27;Afrikaans&#x27;),
 (&#x27;ar&#x27;, &#x27;Arabic&#x27;),
 (&#x27;ar-dz&#x27;, &#x27;Algerian Arabic&#x27;),
 (&#x27;ast&#x27;, &#x27;Asturian&#x27;),
 (&#x27;az&#x27;, &#x27;Azerbaijani&#x27;),
 (&#x27;bg&#x27;, &#x27;Bulgarian&#x27;),
 (&#x27;be&#x27;, &#x27;Belarusian&#x27;),
 (&#x27;bn&#x27;, &#x27;Bengali&#x27;),
 (&#x27;br&#x27;, &#x27;Breton&#x27;),
 (&#x27;bs&#x27;, &#x27;Bosnian&#x27;),
 (&#x27;ca&#x27;, &#x27;Catalan&#x27;),
 (&#x27;ckb&#x27;, &#x27;Central Kurdish (Sorani)&#x27;),
 (&#x27;cs&#x27;, &#x27;Czech&#x27;),
 (&#x27;cy&#x27;, &#x27;Welsh&#x27;),
 (&#x27;da&#x27;, &#x27;Danish&#x27;),
 (&#x27;de&#x27;, &#x27;German&#x27;),
 (&#x27;dsb&#x27;, &#x27;Lower Sorbian&#x27;),
 (&#x27;el&#x27;, &#x27;Greek&#x27;),
 (&#x27;en&#x27;, &#x27;English&#x27;),
 (&#x27;en-au&#x27;, &#x27;Australian English&#x27;),
 (&#x27;en-gb&#x27;, &#x27;British English&#x27;),
 (&#x27;eo&#x27;, &#x27;Esperanto&#x27;),
 (&#x27;es&#x27;, &#x27;Spanish&#x27;),
 (&#x27;es-ar&#x27;, &#x27;Argentinian Spanish&#x27;),
 (&#x27;es-co&#x27;, &#x27;Colombian Spanish&#x27;),
 (&#x27;es-mx&#x27;, &#x27;Mexican Spanish&#x27;),
 (&#x27;es-ni&#x27;, &#x27;Nicaraguan Spanish&#x27;),
 (&#x27;es-ve&#x27;, &#x27;Venezuelan Spanish&#x27;),
 (&#x27;et&#x27;, &#x27;Estonian&#x27;),
 (&#x27;eu&#x27;, &#x27;Basque&#x27;),
 (&#x27;fa&#x27;, &#x27;Persian&#x27;),
 (&#x27;fi&#x27;, &#x27;Finnish&#x27;),
 (&#x27;fr&#x27;, &#x27;French&#x27;),
 (&#x27;fy&#x27;, &#x27;Frisian&#x27;),
 (&#x27;ga&#x27;, &#x27;Irish&#x27;),
 (&#x27;gd&#x27;, &#x27;Scottish Gaelic&#x27;),
 (&#x27;gl&#x27;, &#x27;Galician&#x27;),
 (&#x27;he&#x27;, &#x27;Hebrew&#x27;),
 (&#x27;hi&#x27;, &#x27;Hindi&#x27;),
 (&#x27;hr&#x27;, &#x27;Croatian&#x27;),
 (&#x27;hsb&#x27;, &#x27;Upper Sorbian&#x27;),
 (&#x27;hu&#x27;, &#x27;Hungarian&#x27;),
 (&#x27;hy&#x27;, &#x27;Armenian&#x27;),
 (&#x27;ia&#x27;, &#x27;Interlingua&#x27;),
 (&#x27;id&#x27;, &#x27;Indonesian&#x27;),
 (&#x27;ig&#x27;, &#x27;Igbo&#x27;),
 (&#x27;io&#x27;, &#x27;Ido&#x27;),
 (&#x27;is&#x27;, &#x27;Icelandic&#x27;),
 (&#x27;it&#x27;, &#x27;Italian&#x27;),
 (&#x27;ja&#x27;, &#x27;Japanese&#x27;),
 (&#x27;ka&#x27;, &#x27;Georgian&#x27;),
 (&#x27;kab&#x27;, &#x27;Kabyle&#x27;),
 (&#x27;kk&#x27;, &#x27;Kazakh&#x27;),
 (&#x27;km&#x27;, &#x27;Khmer&#x27;),
 (&#x27;kn&#x27;, &#x27;Kannada&#x27;),
 (&#x27;ko&#x27;, &#x27;Korean&#x27;),
 (&#x27;ky&#x27;, &#x27;Kyrgyz&#x27;),
 (&#x27;lb&#x27;, &#x27;Luxembourgish&#x27;),
 (&#x27;lt&#x27;, &#x27;Lithuanian&#x27;),
 (&#x27;lv&#x27;, &#x27;Latvian&#x27;),
 (&#x27;mk&#x27;, &#x27;Macedonian&#x27;),
 (&#x27;ml&#x27;, &#x27;Malayalam&#x27;),
 (&#x27;mn&#x27;, &#x27;Mongolian&#x27;),
 (&#x27;mr&#x27;, &#x27;Marathi&#x27;),
 (&#x27;ms&#x27;, &#x27;Malay&#x27;),
 (&#x27;my&#x27;, &#x27;Burmese&#x27;),
 (&#x27;nb&#x27;, &#x27;Norwegian Bokmσl&#x27;),
 (&#x27;ne&#x27;, &#x27;Nepali&#x27;),
 (&#x27;nl&#x27;, &#x27;Dutch&#x27;),
 (&#x27;nn&#x27;, &#x27;Norwegian Nynorsk&#x27;),
 (&#x27;os&#x27;, &#x27;Ossetic&#x27;),
 (&#x27;pa&#x27;, &#x27;Punjabi&#x27;),
 (&#x27;pl&#x27;, &#x27;Polish&#x27;),
 (&#x27;pt&#x27;, &#x27;Portuguese&#x27;),
 (&#x27;pt-br&#x27;, &#x27;Brazilian Portuguese&#x27;),
 (&#x27;ro&#x27;, &#x27;Romanian&#x27;),
 (&#x27;ru&#x27;, &#x27;Russian&#x27;),
 (&#x27;sk&#x27;, &#x27;Slovak&#x27;),
 (&#x27;sl&#x27;, &#x27;Slovenian&#x27;),
 (&#x27;sq&#x27;, &#x27;Albanian&#x27;),
 (&#x27;sr&#x27;, &#x27;Serbian&#x27;),
 (&#x27;sr-latn&#x27;, &#x27;Serbian Latin&#x27;),
 (&#x27;sv&#x27;, &#x27;Swedish&#x27;),
 (&#x27;sw&#x27;, &#x27;Swahili&#x27;),
 (&#x27;ta&#x27;, &#x27;Tamil&#x27;),
 (&#x27;te&#x27;, &#x27;Telugu&#x27;),
 (&#x27;tg&#x27;, &#x27;Tajik&#x27;),
 (&#x27;th&#x27;, &#x27;Thai&#x27;),
 (&#x27;tk&#x27;, &#x27;Turkmen&#x27;),
 (&#x27;tr&#x27;, &#x27;Turkish&#x27;),
 (&#x27;tt&#x27;, &#x27;Tatar&#x27;),
 (&#x27;udm&#x27;, &#x27;Udmurt&#x27;),
 (&#x27;ug&#x27;, &#x27;Uyghur&#x27;),
 (&#x27;uk&#x27;, &#x27;Ukrainian&#x27;),
 (&#x27;ur&#x27;, &#x27;Urdu&#x27;),
 (&#x27;uz&#x27;, &#x27;Uzbek&#x27;),
 (&#x27;vi&#x27;, &#x27;Vietnamese&#x27;),
 (&#x27;zh-hans&#x27;, &#x27;Simplified Chinese&#x27;),
 (&#x27;zh-hant&#x27;, &#x27;Traditional Chinese&#x27;)]</pre></td>
        </tr>
      
        <tr>
          <td>LANGUAGES_BIDI</td>
          <td class="code"><pre>[&#x27;he&#x27;, &#x27;ar&#x27;, &#x27;ar-dz&#x27;, &#x27;ckb&#x27;, &#x27;fa&#x27;, &#x27;ug&#x27;, &#x27;ur&#x27;]</pre></td>
        </tr>
      
        <tr>
          <td>LANGUAGE_CODE</td>
          <td class="code"><pre>&#x27;en-us&#x27;</pre></td>
        </tr>
      
        <tr>
          <td>LANGUAGE_COOKIE_AGE</td>
          <td class="code"><pre>None</pre></td>
        </tr>
      
        <tr>
          <td>LANGUAGE_COOKIE_DOMAIN</td>
          <td class="code"><pre>None</pre></td>
        </tr>
      
        <tr>
          <td>LANGUAGE_COOKIE_HTTPONLY</td>
          <td class="code"><pre>False</pre></td>
        </tr>
      
        <tr>
          <td>LANGUAGE_COOKIE_NAME</td>
          <td class="code"><pre>&#x27;django_language&#x27;</pre></td>
        </tr>
      
        <tr>
          <td>LANGUAGE_COOKIE_PATH</td>
          <td class="code"><pre>&#x27;/&#x27;</pre></td>
        </tr>
      
        <tr>
          <td>LANGUAGE_COOKIE_SAMESITE</td>
          <td class="code"><pre>None</pre></td>
        </tr>
      
        <tr>
          <td>LANGUAGE_COOKIE_SECURE</td>
          <td class="code"><pre>False</pre></td>
        </tr>
      
        <tr>
          <td>LOCALE_PATHS</td>
          <td class="code"><pre>[]</pre></td>
        </tr>
      
        <tr>
          <td>LOGGING</td>
          <td class="code"><pre>{}</pre></td>
        </tr>
      
        <tr>
          <td>LOGGING_CONFIG</td>
          <td class="code"><pre>&#x27;logging.config.dictConfig&#x27;</pre></td>
        </tr>
      
        <tr>
          <td>LOGIN_REDIRECT_URL</td>
          <td class="code"><pre>&#x27;/accounts/profile/&#x27;</pre></td>
        </tr>
      
        <tr>
          <td>LOGIN_URL</td>
          <td class="code"><pre>&#x27;/accounts/login/&#x27;</pre></td>
        </tr>
      
        <tr>
          <td>LOGOUT_REDIRECT_URL</td>
          <td class="code"><pre>None</pre></td>
        </tr>
      
        <tr>
          <td>MANAGERS</td>
          <td class="code"><pre>[]</pre></td>
        </tr>
      
        <tr>
          <td>MEDIA_ROOT</td>
          <td class="code"><pre>WindowsPath(&#x27;C:/Users/omraj/OneDrive/Desktop/ConceptsIn5/backend/media&#x27;)</pre></td>
        </tr>
      
        <tr>
          <td>MEDIA_URL</td>
          <td class="code"><pre>&#x27;/media/&#x27;</pre></td>
        </tr>
      
        <tr>
          <td>MESSAGE_STORAGE</td>
          <td class="code"><pre>&#x27;django.contrib.messages.storage.fallback.FallbackStorage&#x27;</pre></td>
        </tr>
      
        <tr>
          <td>MIDDLEWARE</td>
          <td class="code"><pre>[&#x27;django.middleware.security.SecurityMiddleware&#x27;,
 &#x27;django.contrib.sessions.middleware.SessionMiddleware&#x27;,
 &#x27;corsheaders.middleware.CorsMiddleware&#x27;,
 &#x27;django.middleware.common.CommonMiddleware&#x27;,
 &#x27;django.middleware.csrf.CsrfViewMiddleware&#x27;,
 &#x27;django.contrib.auth.middleware.AuthenticationMiddleware&#x27;,
 &#x27;django.contrib.messages.middleware.MessageMiddleware&#x27;,
 &#x27;django.middleware.clickjacking.XFrameOptionsMiddleware&#x27;]</pre></td>
        </tr>
      
        <tr>
          <td>MIGRATION_MODULES</td>
          <td class="code"><pre>{}</pre></td>
        </tr>
      
        <tr>
          <td>MONTH_DAY_FORMAT</td>
          <td class="code"><pre>&#x27;F j&#x27;</pre></td>
        </tr>
      
        <tr>
          <td>NUMBER_GROUPING</td>
          <td class="code"><pre>0</pre></td>
        </tr>
      
        <tr>
          <td>PASSWORD_HASHERS</td>
          <td class="code"><pre>&#x27;********************&#x27;</pre></td>
        </tr>
      
        <tr>
          <td>PASSWORD_RESET_TIMEOUT</td>
          <td class="code"><pre>&#x27;********************&#x27;</pre></td>
        </tr>
      
        <tr>
          <td>PREPEND_WWW</td>
          <td class="code"><pre>False</pre></td>
        </tr>
      
        <tr>
          <td>REST_FRAMEWORK</td>
          <td class="code"><pre>{&#x27;DEFAULT_AUTHENTICATION_CLASSES&#x27;: [&#x27;rest_framework.authentication.SessionAuthentication&#x27;],
 &#x27;DEFAULT_FILTER_BACKENDS&#x27;: [&#x27;django_filters.rest_framework.DjangoFilterBackend&#x27;],
 &#x27;DEFAULT_PAGINATION_CLASS&#x27;: &#x27;rest_framework.pagination.PageNumberPagination&#x27;,
 &#x27;DEFAULT_PERMISSION_CLASSES&#x27;: [&#x27;rest_framework.permissions.AllowAny&#x27;],
 &#x27;PAGE_SIZE&#x27;: 10}</pre></td>
        </tr>
      
        <tr>
          <td>ROOT_URLCONF</td>
          <td class="code"><pre>&#x27;backend.urls&#x27;</pre></td>
        </tr>
      
        <tr>
          <td>SECRET_KEY</td>
          <td class="code"><pre>&#x27;********************&#x27;</pre></td>
        </tr>
      
        <tr>
          <td>SECRET_KEY_FALLBACKS</td>
          <td class="code"><pre>&#x27;********************&#x27;</pre></td>
        </tr>
      
        <tr>
          <td>SECURE_CONTENT_TYPE_NOSNIFF</td>
          <td class="code"><pre>True</pre></td>
        </tr>
      
        <tr>
          <td>SECURE_CROSS_ORIGIN_OPENER_POLICY</td>
          <td class="code"><pre>&#x27;same-origin&#x27;</pre></td>
        </tr>
      
        <tr>
          <td>SECURE_HSTS_INCLUDE_SUBDOMAINS</td>
          <td class="code"><pre>False</pre></td>
        </tr>
      
        <tr>
          <td>SECURE_HSTS_PRELOAD</td>
          <td class="code"><pre>False</pre></td>
        </tr>
      
        <tr>
          <td>SECURE_HSTS_SECONDS</td>
          <td class="code"><pre>0</pre></td>
        </tr>
      
        <tr>
          <td>SECURE_PROXY_SSL_HEADER</td>
          <td class="code"><pre>None</pre></td>
        </tr>
      
        <tr>
          <td>SECURE_REDIRECT_EXEMPT</td>
          <td class="code"><pre>[]</pre></td>
        </tr>
      
        <tr>
          <td>SECURE_REFERRER_POLICY</td>
          <td class="code"><pre>&#x27;same-origin&#x27;</pre></td>
        </tr>
      
        <tr>
          <td>SECURE_SSL_HOST</td>
          <td class="code"><pre>None</pre></td>
        </tr>
      
        <tr>
          <td>SECURE_SSL_REDIRECT</td>
          <td class="code"><pre>False</pre></td>
        </tr>
      
        <tr>
          <td>SERVER_EMAIL</td>
          <td class="code"><pre>&#x27;root@localhost&#x27;</pre></td>
        </tr>
      
        <tr>
          <td>SESSION_CACHE_ALIAS</td>
          <td class="code"><pre>&#x27;default&#x27;</pre></td>
        </tr>
      
        <tr>
          <td>SESSION_COOKIE_AGE</td>
          <td class="code"><pre>1209600</pre></td>
        </tr>
      
        <tr>
          <td>SESSION_COOKIE_DOMAIN</td>
          <td class="code"><pre>None</pre></td>
        </tr>
      
        <tr>
          <td>SESSION_COOKIE_HTTPONLY</td>
          <td class="code"><pre>True</pre></td>
        </tr>
      
        <tr>
          <td>SESSION_COOKIE_NAME</td>
          <td class="code"><pre>&#x27;sessionid&#x27;</pre></td>
        </tr>
      
        <tr>
          <td>SESSION_COOKIE_PATH</td>
          <td class="code"><pre>&#x27;/&#x27;</pre></td>
        </tr>
      
        <tr>
          <td>SESSION_COOKIE_SAMESITE</td>
          <td class="code"><pre>&#x27;Lax&#x27;</pre></td>
        </tr>
      
        <tr>
          <td>SESSION_COOKIE_SECURE</td>
          <td class="code"><pre>False</pre></td>
        </tr>
      
        <tr>
          <td>SESSION_ENGINE</td>
          <td class="code"><pre>&#x27;django.contrib.sessions.backends.db&#x27;</pre></td>
        </tr>
      
        <tr>
          <td>SESSION_EXPIRE_AT_BROWSER_CLOSE</td>
          <td class="code"><pre>False</pre></td>
        </tr>
      
        <tr>
          <td>SESSION_FILE_PATH</td>
          <td class="code"><pre>None</pre></td>
        </tr>
      
        <tr>
          <td>SESSION_SAVE_EVERY_REQUEST</td>
          <td class="code"><pre>False</pre></td>
        </tr>
      
        <tr>
          <td>SESSION_SERIALIZER</td>
          <td class="code"><pre>&#x27;django.contrib.sessions.serializers.JSONSerializer&#x27;</pre></td>
        </tr>
      
        <tr>
          <td>SETTINGS_MODULE</td>
          <td class="code"><pre>&#x27;backend.settings&#x27;</pre></td>
        </tr>
      
        <tr>
          <td>SHORT_DATETIME_FORMAT</td>
          <td class="code"><pre>&#x27;m/d/Y P&#x27;</pre></td>
        </tr>
      
        <tr>
          <td>SHORT_DATE_FORMAT</td>
          <td class="code"><pre>&#x27;m/d/Y&#x27;</pre></td>
        </tr>
      
        <tr>
          <td>SIGNING_BACKEND</td>
          <td class="code"><pre>&#x27;django.core.signing.TimestampSigner&#x27;</pre></td>
        </tr>
      
        <tr>
          <td>SILENCED_SYSTEM_CHECKS</td>
          <td class="code"><pre>[]</pre></td>
        </tr>
      
        <tr>
          <td>STATICFILES_DIRS</td>
          <td class="code"><pre>[]</pre></td>
        </tr>
      
        <tr>
          <td>STATICFILES_FINDERS</td>
          <td class="code"><pre>[&#x27;django.contrib.staticfiles.finders.FileSystemFinder&#x27;,
 &#x27;django.contrib.staticfiles.finders.AppDirectoriesFinder&#x27;]</pre></td>
        </tr>
      
        <tr>
          <td>STATIC_ROOT</td>
          <td class="code"><pre>None</pre></td>
        </tr>
      
        <tr>
          <td>STATIC_URL</td>
          <td class="code"><pre>&#x27;/static/&#x27;</pre></td>
        </tr>
      
        <tr>
          <td>STORAGES</td>
          <td class="code"><pre>{&#x27;default&#x27;: {&#x27;BACKEND&#x27;: &#x27;django.core.files.storage.FileSystemStorage&#x27;},
 &#x27;staticfiles&#x27;: {&#x27;BACKEND&#x27;: &#x27;django.contrib.staticfiles.storage.StaticFilesStorage&#x27;}}</pre></td>
        </tr>
      
        <tr>
          <td>TEMPLATES</td>
          <td class="code"><pre>[{&#x27;APP_DIRS&#x27;: True,
  &#x27;BACKEND&#x27;: &#x27;django.template.backends.django.DjangoTemplates&#x27;,
  &#x27;DIRS&#x27;: [],
  &#x27;OPTIONS&#x27;: {&#x27;context_processors&#x27;: [&#x27;django.template.context_processors.debug&#x27;,
                                     &#x27;django.template.context_processors.request&#x27;,
                                     &#x27;django.contrib.auth.context_processors.auth&#x27;,
                                     &#x27;django.contrib.messages.context_processors.messages&#x27;]}}]</pre></td>
        </tr>
      
        <tr>
          <td>TEST_NON_SERIALIZED_APPS</td>
          <td class="code"><pre>[]</pre></td>
        </tr>
      
        <tr>
          <td>TEST_RUNNER</td>
          <td class="code"><pre>&#x27;django.test.runner.DiscoverRunner&#x27;</pre></td>
        </tr>
      
        <tr>
          <td>THOUSAND_SEPARATOR</td>
          <td class="code"><pre>&#x27;,&#x27;</pre></td>
        </tr>
      
        <tr>
          <td>TIME_FORMAT</td>
          <td class="code"><pre>&#x27;P&#x27;</pre></td>
        </tr>
      
        <tr>
          <td>TIME_INPUT_FORMATS</td>
          <td class="code"><pre>[&#x27;%H:%M:%S&#x27;, &#x27;%H:%M:%S.%f&#x27;, &#x27;%H:%M&#x27;]</pre></td>
        </tr>
      
        <tr>
          <td>TIME_ZONE</td>
          <td class="code"><pre>&#x27;UTC&#x27;</pre></td>
        </tr>
      
        <tr>
          <td>USE_I18N</td>
          <td class="code"><pre>True</pre></td>
        </tr>
      
        <tr>
          <td>USE_THOUSAND_SEPARATOR</td>
          <td class="code"><pre>False</pre></td>
        </tr>
      
        <tr>
          <td>USE_TZ</td>
          <td class="code"><pre>True</pre></td>
        </tr>
      
        <tr>
          <td>USE_X_FORWARDED_HOST</td>
          <td class="code"><pre>False</pre></td>
        </tr>
      
        <tr>
          <td>USE_X_FORWARDED_PORT</td>
          <td class="code"><pre>False</pre></td>
        </tr>
      
        <tr>
          <td>WSGI_APPLICATION</td>
          <td class="code"><pre>&#x27;backend.wsgi.application&#x27;</pre></td>
        </tr>
      
        <tr>
          <td>X_FRAME_OPTIONS</td>
          <td class="code"><pre>&#x27;DENY&#x27;</pre></td>
        </tr>
      
        <tr>
          <td>YEAR_MONTH_FORMAT</td>
          <td class="code"><pre>&#x27;F Y&#x27;</pre></td>
        </tr>
      
        <tr>
          <td>YOUTUBE_API_KEY</td>
          <td class="code"><pre>&#x27;********************&#x27;</pre></td>
        </tr>
      
        <tr>
          <td>YOUTUBE_CHANNEL_ID</td>
          <td class="code"><pre>None</pre></td>
        </tr>
      
    </tbody>
  </table>

</div>
</main>


  <footer id="explanation">
    <p>
      YouÆre seeing this error because you have <code>DEBUG = True</code> in your
      Django settings file. Change that to <code>False</code>, and Django will
      display a standard page generated by the handler for this status code.
    </p>
  </footer>

</body>
</html>

